--------- beginning of main
04-07 16:24:55.027   285   285 I lowmemorykiller: Using psi monitors for memory pressure detection
04-07 16:24:55.029   285   285 I lowmemorykiller: Process polling is supported
04-07 16:24:55.038   294   294 I RockchipAndroidUSB: USB controller successfully detected: fc000000.usb
04-07 16:24:55.043   288   288 I SELinux : SELinux: Loaded service_contexts from:
04-07 16:24:55.043   288   288 I SELinux :     /vendor/etc/selinux/vndservice_contexts
04-07 16:24:55.046   286   286 I SELinux : SELinux: Loaded service_contexts from:
04-07 16:24:55.046   286   286 I SELinux :     /system/etc/selinux/plat_service_contexts
04-07 16:24:55.046   286   286 I SELinux :     /system_ext/etc/selinux/system_ext_service_contexts
04-07 16:24:55.046   286   286 I SELinux :     /vendor/etc/selinux/vendor_service_contexts
04-07 16:24:55.048   292   292 I NPUTransfer: Starting NPU Transfer Server, Transfer version 2.1.0 (2733290@2021-05-14T19:16:29)
04-07 16:24:55.050   287   287 I hwservicemanager: getFrameworkHalManifest: Reading VINTF information.
01-01 08:00:00.099   284   284 W auditd  : type=2000 audit(0.0:1): state=initialized audit_enabled=0 res=1
04-07 16:24:55.056   287   287 I hwservicemanager: getDeviceHalManifest: Reading VINTF information.
04-07 16:24:55.072   287   287 I hwservicemanager: getDeviceHalManifest: Successfully processed VINTF information
04-07 16:24:55.072   287   287 I hwservicemanager: getFrameworkHalManifest: Successfully processed VINTF information
04-07 16:24:55.072   287   287 I hwservicemanager: hwservicemanager is ready now.
04-07 16:24:54.076   284   284 W auditd  : type=1403 audit(0.0:2): auid=4294967295 ses=4294967295 lsm=selinux res=1
04-07 16:24:54.173     1     1 I /system/bin/init: type=1107 audit(0.0:3): uid=0 auid=4294967295 ses=4294967295 subj=u:r:init:s0 msg='avc: denied { read } for property=persist.sys.adb_enable pid=0 uid=0 gid=0 scontext=u:r:vendor_init:s0 tcontext=u:object_r:system_prop:s0 tclass=file permissive=1'
04-07 16:24:54.173     1     1 I /system/bin/init: type=1107 audit(0.0:4): uid=0 auid=4294967295 ses=4294967295 subj=u:r:init:s0 msg='avc: denied { read } for property=flash.success pid=0 uid=0 gid=0 scontext=u:r:vendor_init:s0 tcontext=u:object_r:default_prop:s0 tclass=file permissive=1'
04-07 16:24:54.520     1     1 I init    : type=1400 audit(0.0:5): avc: denied { mounton } for path="/sys/kernel/debug/tracing" dev="debugfs" ino=1139 scontext=u:r:init:s0 tcontext=u:object_r:debugfs_tracing_debug:s0 tclass=dir permissive=1
04-07 16:24:54.526   263   263 I init    : type=1400 audit(0.0:6): avc: denied { getattr } for path="/sys/kernel/debug/tracing/trace_marker" dev="tracefs" ino=9834 scontext=u:r:vendor_init:s0 tcontext=u:object_r:debugfs_trace_marker:s0 tclass=file permissive=1
04-07 16:24:55.090   290   290 E rockchip_keymaster_ca: rockchip keymaster ca ver:20220622
--------- beginning of system
04-07 16:24:55.091   293   293 I vold    : Vold 3.0 (the awakening) firing up
04-07 16:24:55.091   293   293 D vold    : Detected support for: ext4 f2fs vfat
04-07 16:24:55.094   293   293 D vold    : Found unmanaged dm device named system_ext_b
04-07 16:24:55.094   293   293 D vold    : Found unmanaged dm device named system_ext_a
04-07 16:24:55.094   293   293 D vold    : Found unmanaged dm device named odm_b
04-07 16:24:55.094   293   293 D vold    : Found unmanaged dm device named system_b
04-07 16:24:55.094   293   293 D vold    : Found unmanaged dm device named vendor_dlkm_b
04-07 16:24:55.094   293   293 D vold    : Found unmanaged dm device named vendor_b
04-07 16:24:55.094   293   293 D vold    : Found unmanaged dm device named odm_a
04-07 16:24:55.094   293   293 D vold    : Found unmanaged dm device named system_a
04-07 16:24:55.094   293   293 D vold    : Found unmanaged dm device named vendor_dlkm_a
04-07 16:24:55.094   293   293 D vold    : Found unmanaged dm device named vendor_a
04-07 16:24:55.094   293   293 D vold    : Found unmanaged dm device named odm_dlkm_b
04-07 16:24:55.094   293   293 D vold    : Found unmanaged dm device named odm_dlkm_a
04-07 16:24:55.094   293   293 D vold    : Found unmanaged dm device named product_b
04-07 16:24:55.094   293   293 D vold    : Found unmanaged dm device named product_a
04-07 16:24:55.096   293   293 D vold    : VoldNativeService::start() completed OK
04-07 16:24:55.121   329   329 I fsverity_init: LoadKeyFromFile path=/system/etc/security/fsverity/fsverity-release.x509.der keyname=fsv_system_0
04-07 16:24:55.122   325   325 I tee_client: ro.build.version.sdk=32
04-07 16:24:55.120   325   325 I tee-supplicant: type=1400 audit(0.0:7): avc: denied { write } for name="property_service" dev="tmpfs" ino=310 scontext=u:r:tee:s0 tcontext=u:object_r:property_socket:s0 tclass=sock_file permissive=1
04-07 16:24:55.120   325   325 I tee-supplicant: type=1400 audit(0.0:8): avc: denied { connectto } for path="/dev/socket/property_service" scontext=u:r:tee:s0 tcontext=u:r:init:s0 tclass=unix_stream_socket permissive=1
04-07 16:24:55.120     1     1 I /system/bin/init: type=1107 audit(0.0:9): uid=0 auid=4294967295 ses=4294967295 subj=u:r:init:s0 msg='avc: denied { set } for property=vendor.security.tee_supplicant pid=325 uid=0 gid=0 scontext=u:r:tee:s0 tcontext=u:object_r:vendor_default_prop:s0 tclass=property_service permissive=1'
04-07 16:24:55.122   325   325 I tee_client: could not open directory /vendor/lib64/tee-supplicant/plugins/
04-07 16:24:55.122   325   325 I tee_client: tee-supplicant starts up successfully. running...
04-07 16:24:55.123   325   331 I tee_client: boot_mode is unknown/emmc
04-07 16:24:55.123   325   331 I tee_client: 
04-07 16:24:55.128   325   331 I tee_client: get_rkss_version version=2
04-07 16:24:55.128   325   331 I tee_client: 
04-07 16:24:55.132   293   293 I Checkpoint: Validating checkpoint on /dev/block/by-name/userdata
04-07 16:24:55.133   326   326 I HidlServiceManagement: Registered android.system.suspend@1.0::ISystemSuspend/default
04-07 16:24:55.134   326   326 I HidlServiceManagement: Removing namespace from process name android.system.suspend@1.0-service to suspend@1.0-service.
04-07 16:24:55.134   293   293 E Checkpoint: No magic
04-07 16:24:55.137   328   328 I android.hardware.boot@1.2-impl: LOG INFO rk BootControl HIDL_FETCH_IBootControl 
04-07 16:24:55.137   328   328 I android.hardware.boot@1.2-impl: Info rk BootControl HIDL_FETCH_IBootControl 
04-07 16:24:55.143   328   328 I android.hardware.boot@1.2-service: rk BootControl module_init 
04-07 16:24:55.143   328   328 I android.hardware.boot@1.2-service: rk BootControl Init 
04-07 16:24:55.144   325   331 I tee_client: rk secure storage is available. We prefer to use it.
04-07 16:24:55.144   328   328 I android.hardware.boot@1.2-service: rk BootControl Init 
04-07 16:24:55.145   328   328 I android.hardware.boot@1.2-impl: Info rk BootControl::Init 
04-07 16:24:55.145   328   328 I android.hardware.boot@1.2-service: rk BootControl Init 
04-07 16:24:55.146   328   328 I HidlServiceManagement: Registered android.hardware.boot@1.2::IBootControl/default
04-07 16:24:55.146   328   328 I HidlServiceManagement: Removing namespace from process name android.hardware.boot@1.2-service to boot@1.2-service.
04-07 16:24:55.146   328   328 I LegacySupport: Registration complete for android.hardware.boot@1.0::IBootControl/default.
04-07 16:24:55.148   324   324 D HDCP2   : hdcp2 version v3.2
04-07 16:24:55.148   324   324 D HDCP2   : HDCP Port: 1
04-07 16:24:55.148   324   324 D HDCP2   : Failed to open firmware file [/vendor/firmware/hdcp2_hdmi.fw]
04-07 16:24:55.152   328   328 I android.hardware.boot@1.2-impl: Info rk BootControl::getCurrentSlot 
04-07 16:24:55.152   328   328 I android.hardware.boot@1.2-service: rk BootControl module_getNumberSlots 
04-07 16:24:55.152   328   328 I android.hardware.boot@1.2-service: rk BootControl GetNumberSlots 
04-07 16:24:55.152   328   328 I android.hardware.boot@1.2-service: rk BootControl GetCurrentSlot 
04-07 16:24:55.152   328   328 I android.hardware.boot@1.2-impl: Info rk BootControl::isSlotMarkedSuccessful 
04-07 16:24:55.152   328   328 I android.hardware.boot@1.2-service: rk BootControl IsValidSlot 
04-07 16:24:55.152   328   328 I android.hardware.boot@1.2-service: rk BootControl IsSlotMarkedSuccessful 
04-07 16:24:55.152   328   328 I android.hardware.boot@1.2-service: rk BootControl GetNumberSlots 
04-07 16:24:55.152   290   290 I android.hardware.security.keymint-service: adding rockchip keymint service instance: android.hardware.security.keymint.IKeyMintDevice/default
04-07 16:24:55.153   286   286 I servicemanager: getDeviceHalManifest: Reading VINTF information.
04-07 16:24:55.154   286   286 I servicemanager: getDeviceHalManifest: Successfully processed VINTF information
04-07 16:24:55.154   286   286 I servicemanager: getFrameworkHalManifest: Reading VINTF information.
04-07 16:24:55.154   286   286 I servicemanager: getFrameworkHalManifest: Successfully processed VINTF information
04-07 16:24:55.154   286   286 I servicemanager: Found android.hardware.security.keymint.IKeyMintDevice/default in device VINTF manifest.
04-07 16:24:55.155   290   290 I android.hardware.security.keymint-service: adding rockchip keymint service instance: android.hardware.security.secureclock.ISecureClock/default
04-07 16:24:55.155   286   286 I servicemanager: Found android.hardware.security.secureclock.ISecureClock/default in device VINTF manifest.
04-07 16:24:55.155   290   290 I android.hardware.security.keymint-service: adding rockchip keymint service instance: android.hardware.security.sharedsecret.ISharedSecret/default
04-07 16:24:55.155   286   286 I servicemanager: Found android.hardware.security.sharedsecret.ISharedSecret/default in device VINTF manifest.
04-07 16:24:55.155   290   290 I android.hardware.security.keymint-service: adding rockchip keymint service instance: android.hardware.security.keymint.IRemotelyProvisionedComponent/default
04-07 16:24:55.155   286   286 I servicemanager: Found android.hardware.security.keymint.IRemotelyProvisionedComponent/default in device VINTF manifest.
04-07 16:24:55.210   327   327 I keystore2: keystore2_main: Keystore2 is starting.
04-07 16:24:55.214   327   327 I keystore2: keystore2_main: Starting thread pool now.
04-07 16:24:55.214   327   343 I keystore2: getDeviceHalManifest: Reading VINTF information.
04-07 16:24:55.216   327   343 I keystore2: getDeviceHalManifest: Successfully processed VINTF information
04-07 16:24:55.216   327   343 I keystore2: keystore2::shared_secret_negotiation: Shared secret negotiation concluded successfully.
04-07 16:24:55.219   287   287 I hwservicemanager: getTransport: Cannot find entry android.hardware.keymaster@4.0::IKeymasterDevice/default in either framework or device VINTF manifest.
04-07 16:24:55.219   287   287 I hwservicemanager: getTransport: Cannot find entry android.hardware.keymaster@3.0::IKeymasterDevice/default in either framework or device VINTF manifest.
04-07 16:24:55.220   286   286 I servicemanager: Found android.system.keystore2.IKeystoreService/default in framework VINTF manifest.
04-07 16:24:55.221   327   327 I keystore2: keystore2_main: Successfully registered Keystore 2.0 service.
04-07 16:24:55.221   327   327 I keystore2: keystore2_main: Joining thread pool now.
04-07 16:24:55.270   287   287 I hwservicemanager: getTransport: Cannot find entry android.hardware.configstore@1.0::ISurfaceFlingerConfigs/default in either framework or device VINTF manifest.
04-07 16:24:55.274   332   332 I SurfaceFlinger: Using HWComposer service: default
04-07 16:24:55.274   332   332 I SurfaceFlinger: SurfaceFlinger is starting
04-07 16:24:55.274   332   332 I SurfaceFlinger: Disabling blur effects, they are not supported.
04-07 16:24:55.275   332   332 I SurfaceFlinger: SurfaceFlinger's main thread ready to run. Initializing graphics H/W...
04-07 16:24:55.275   332   332 D RenderEngine: Threaded RenderEngine with SkiaGL Backend
04-07 16:24:55.283   293   293 I Checkpoint: cp_prepareCheckpoint called
04-07 16:24:55.296   293   293 I vold    : fscrypt_initialize_systemwide_keys
04-07 16:24:55.297   293   293 D vold    : Key exists, using: /data/unencrypted/key
04-07 16:24:55.302   327   327 I SELinux : SELinux: Loaded keystore2_key_contexts from:
04-07 16:24:55.302   327   327 I SELinux :     /system/etc/selinux/plat_keystore2_key_contexts
04-07 16:24:55.303   293   293 D vold    : Installed fscrypt key with ref ba84a82bd1d5316b4a6a43f09b49c58e to /data
04-07 16:24:55.303   293   293 D vold    : Added fscrypt-provisioning key for ba84a82bd1d5316b4a6a43f09b49c58e to session keyring
04-07 16:24:55.339   293   293 I vold    : Wrote system DE key reference to:/data/unencrypted/ref
04-07 16:24:55.339   293   293 D vold    : Generating standard storage key
04-07 16:24:55.339   293   293 D vold    : Installed fscrypt key with ref 1ab787a11c051e9b0402cd372e2a5d86 to /data
04-07 16:24:55.339   293   293 D vold    : Added fscrypt-provisioning key for 1ab787a11c051e9b0402cd372e2a5d86 to session keyring
04-07 16:24:55.345   293   293 I vold    : Wrote per boot key reference to:/data/unencrypted/per_boot_ref
04-07 16:24:55.374   360   360 I tombstoned: tombstoned successfully initialized
04-07 16:24:55.379   293   293 I incfs   : Initial API level of the device: 31
04-07 16:24:55.379   293   293 I incfs   : ro.incremental.enable: yes
04-07 16:24:55.380   293   293 I incfs   : isFsAvailable: true
04-07 16:24:55.380   293   293 I incfs   : isFsAvailable: true
04-07 16:24:55.380   293   293 I incfs   : IncFs_Features: v2
04-07 16:24:55.381   327   327 I keystore2: keystore2::maintenance: In early_boot_ended.
04-07 16:24:55.393   327   327 I keystore2: keystore2::globals: Touching Keystore 2.0 database for this first time since boot.
04-07 16:24:55.393   327   327 I keystore2: keystore2::globals: Calling cleanup leftovers.
04-07 16:24:55.398   327   327 I keystore2: keystore2::super_key: Starting boot level watcher.
04-07 16:24:55.398   327   363 I keystore2: keystore2::super_key: Read keystore.boot_level value 30
04-07 16:24:55.398   327   327 E keystore2: keystore2::maintenance: Call to earlyBootEnded failed for security level TRUSTED_ENVIRONMENT: In keymint device: calling earlyBootEnded.
04-07 16:24:55.399   327   363 I keystore2: keystore2::super_key: Read keystore.boot_level value 30
04-07 16:24:55.399   287   287 I hwservicemanager: getTransport: Cannot find entry android.hardware.keymaster@4.0::IKeymasterDevice/default in either framework or device VINTF manifest.
04-07 16:24:55.400   287   287 I hwservicemanager: getTransport: Cannot find entry android.hardware.keymaster@3.0::IKeymasterDevice/default in either framework or device VINTF manifest.
04-07 16:24:55.400   327   327 E keystore2: keystore2::maintenance: Call to earlyBootEnded failed for security level STRONGBOX: In call_with_watchdog: getting keymint device.
04-07 16:24:55.400   327   327 E keystore2: keystore2::error: In keymint device: calling earlyBootEnded
04-07 16:24:55.400   327   327 E keystore2: 
04-07 16:24:55.400   327   327 E keystore2: Caused by:
04-07 16:24:55.400   327   327 E keystore2:     Error::Km(ErrorCode(-1000))
04-07 16:24:55.400   293   293 E vold    : keystore2 Keystore earlyBootEnded returned service specific error: -1000
04-07 16:24:55.440   332   354 D libEGL  : loaded /vendor/lib64/egl/libGLES_mali.so
04-07 16:24:55.450   332   332 I surfaceflinger: type=1400 audit(0.0:10): avc: denied { open } for path="/dev/__properties__/u:object_r:vendor_default_prop:s0" dev="tmpfs" ino=280 scontext=u:r:surfaceflinger:s0 tcontext=u:object_r:vendor_default_prop:s0 tclass=file permissive=1
04-07 16:24:55.450   332   332 I surfaceflinger: type=1400 audit(0.0:11): avc: denied { getattr } for path="/dev/__properties__/u:object_r:vendor_default_prop:s0" dev="tmpfs" ino=280 scontext=u:r:surfaceflinger:s0 tcontext=u:object_r:vendor_default_prop:s0 tclass=file permissive=1
04-07 16:24:55.450   332   332 I surfaceflinger: type=1400 audit(0.0:12): avc: denied { map } for path="/dev/__properties__/u:object_r:vendor_default_prop:s0" dev="tmpfs" ino=280 scontext=u:r:surfaceflinger:s0 tcontext=u:object_r:vendor_default_prop:s0 tclass=file permissive=1
04-07 16:24:55.466   332   354 I mali_so : [File] : hardware/arm/maliT760/driver/product/base/src/mali_base_kbase.c; [Line] : 1392; [Func] : base_context_deal_with_version_affairs_rk_ext;
04-07 16:24:55.466   332   354 I mali_so : arm_release_ver of this mali_so is 'g18p0-01eac0', rk_so_ver is '2 '.
04-07 16:24:55.466   332   354 I mali_so : [File] : hardware/arm/maliT760/driver/product/base/src/mali_base_kbase.c; [Line] : 1408; [Func] : base_context_deal_with_version_affairs_rk_ext;
04-07 16:24:55.466   332   354 I mali_so : arm_release_vers are match. to set the full mali_ver 'g18p0-01eac0-2' as value of 'sys.gmali.version'.
04-07 16:24:55.501   332   354 I RenderEngine: OpenGL ES informations:
04-07 16:24:55.501   332   354 I RenderEngine: vendor    : ARM
04-07 16:24:55.501   332   354 I RenderEngine: renderer  : Mali-G610
04-07 16:24:55.501   332   354 I RenderEngine: version   : OpenGL ES 3.2 v1.g18p0-01eac0.9e534f339477793d151cc7ab4c27f2c0
04-07 16:24:55.501   332   354 I RenderEngine: extensions: GL_EXT_debug_marker GL_ARM_rgba8 GL_ARM_mali_shader_binary GL_OES_depth24 GL_OES_depth_texture GL_OES_depth_texture_cube_map GL_OES_packed_depth_stencil GL_OES_rgb8_rgba8 GL_EXT_read_format_bgra GL_OES_compressed_paletted_texture GL_OES_compressed_ETC1_RGB8_texture GL_OES_standard_derivatives GL_OES_EGL_image GL_OES_EGL_image_external GL_OES_EGL_image_external_essl3 GL_OES_EGL_sync GL_OES_texture_npot GL_OES_vertex_half_float GL_OES_required_internalformat GL_OES_vertex_array_object GL_OES_mapbuffer GL_EXT_texture_format_BGRA8888 GL_EXT_texture_rg GL_EXT_texture_type_2_10_10_10_REV GL_OES_fbo_render_mipmap GL_OES_element_index_uint GL_EXT_shadow_samplers GL_OES_texture_compression_astc GL_KHR_texture_compression_astc_ldr GL_KHR_texture_compression_astc_hdr GL_KHR_texture_compression_astc_sliced_3d GL_EXT_texture_compression_astc_decode_mode GL_EXT_texture_compression_astc_decode_mode_rgb9e5 GL_KHR_debug GL_EXT_occlusion_query_boolean GL_EXT_disjoint_timer_query GL_EXT_blend_minmax GL_EXT_discard_
04-07 16:24:55.501   332   354 I RenderEngine: GL_MAX_TEXTURE_SIZE = 16383
04-07 16:24:55.501   332   354 I RenderEngine: GL_MAX_VIEWPORT_DIMS = 16383
04-07 16:24:55.502   287   287 I hwservicemanager: Since android.hardware.graphics.composer@2.1::IComposer/default is not registered, trying to start it as a lazy HAL.
04-07 16:24:55.503   287   287 I hwservicemanager: Since android.hardware.graphics.composer@2.1::IComposer/default is not registered, trying to start it as a lazy HAL.
04-07 16:24:55.503   332   332 I HidlServiceManagement: getService: Trying again for android.hardware.graphics.composer@2.1::IComposer/default...
04-07 16:24:55.509   286   286 I servicemanager: Since 'SurfaceFlinger' could not be found, trying to start it as a lazy AIDL service
04-07 16:24:55.509   286   376 W libc    : Unable to set property "ctl.interface_start" to "aidl/SurfaceFlinger": error code: 0x20
04-07 16:24:55.509   286   376 I servicemanager: Tried to start aidl service SurfaceFlinger as a lazy service, but was unable to. Usually this happens when a service is not installed, but if the service is intended to be used as a lazy service, then it may be configured incorrectly.
04-07 16:24:55.515   372   372 I derive_sdk: Read version 1 from 7
04-07 16:24:55.516   372   372 I derive_sdk: Read version 1 from 5
04-07 16:24:55.516   372   372 I derive_sdk: Read version 1 from 9
04-07 16:24:55.516   372   372 I derive_sdk: Read version 1 from 4
04-07 16:24:55.517   372   372 I derive_sdk: Read version 1 from 6
04-07 16:24:55.517   372   372 I derive_sdk: Read version 1 from 3
04-07 16:24:55.517   372   372 I derive_sdk: Read version 1 from 2
04-07 16:24:55.518   372   372 I derive_sdk: Read version 1 from 1
04-07 16:24:55.518   372   372 I derive_sdk: Read version 1 from 10
04-07 16:24:55.518   372   372 I derive_sdk: Read version 1 from 8
04-07 16:24:55.518   372   372 I derive_sdk: R extension version is 1
04-07 16:24:55.519   372   372 I derive_sdk: S extension version is 1
04-07 16:24:55.531   293   293 D vold    : fscrypt_init_user0
04-07 16:24:55.531   293   293 D vold    : Preparing: /data/misc/vold/user_keys
04-07 16:24:55.531   293   293 D vold    : Preparing: /data/misc/vold/user_keys/ce
04-07 16:24:55.532   293   293 D vold    : Preparing: /data/misc/vold/user_keys/de
04-07 16:24:55.536   293   293 D vold    : Installed fscrypt key with ref 6148f0449e08c1b1f3f55af0c2cee354 to /data
04-07 16:24:55.536   293   293 D vold    : Added fscrypt-provisioning key for 6148f0449e08c1b1f3f55af0c2cee354 to session keyring
04-07 16:24:55.536   293   293 D vold    : Installed de key for user 0
04-07 16:24:55.537   293   293 D vold    : fscrypt_prepare_user_storage for volume null, user 0, serial 0, flags 1
04-07 16:24:55.537   293   293 D vold    : Preparing: /data/system/users/0
04-07 16:24:55.537   293   293 D vold    : Preparing: /data/misc/profiles/cur/0
04-07 16:24:55.537   293   293 D vold    : Preparing: /data/system_de/0
04-07 16:24:55.537   293   293 D vold    : Preparing: /data/misc_de/0
04-07 16:24:55.538   293   293 D vold    : Preparing: /data/vendor_de/0
04-07 16:24:55.538   293   293 D vold    : Preparing: /data/user_de/0
04-07 16:24:55.538   293   293 I vold    : Verified that /data/system_de/0 has the encryption policy 6148f0449e08c1b1f3f55af0c2cee354 v2 modes 1/4 flags 0x2
04-07 16:24:55.538   293   293 I vold    : Verified that /data/misc_de/0 has the encryption policy 6148f0449e08c1b1f3f55af0c2cee354 v2 modes 1/4 flags 0x2
04-07 16:24:55.538   293   293 I vold    : Verified that /data/vendor_de/0 has the encryption policy 6148f0449e08c1b1f3f55af0c2cee354 v2 modes 1/4 flags 0x2
04-07 16:24:55.538   293   293 I vold    : Verified that /data/user_de/0 has the encryption policy 6148f0449e08c1b1f3f55af0c2cee354 v2 modes 1/4 flags 0x2
04-07 16:24:55.538   293   293 D vold    : /system/bin/vold_prepare_subdirs
04-07 16:24:55.538   293   293 D vold    :     prepare
04-07 16:24:55.538   293   293 D vold    :     
04-07 16:24:55.539   293   293 D vold    :     0
04-07 16:24:55.539   293   293 D vold    :     1
04-07 16:24:55.553   380   380 D vold_prepare_subdirs: Setting up mode 771 uid 1000 gid 1000 context u:object_r:system_data_file:s0:c512,c768 on path: /data/user_de/0
04-07 16:24:55.554   380   380 D vold_prepare_subdirs: Setting up mode 700 uid 0 gid 0 context u:object_r:vold_data_file:s0 on path: /data/misc_de/0/vold
04-07 16:24:55.555   380   380 D vold_prepare_subdirs: Setting up mode 700 uid 0 gid 0 context u:object_r:storaged_data_file:s0 on path: /data/misc_de/0/storaged
04-07 16:24:55.555   380   380 D vold_prepare_subdirs: Setting up mode 700 uid 0 gid 0 context u:object_r:rollback_data_file:s0 on path: /data/misc_de/0/rollback
04-07 16:24:55.555   380   380 D vold_prepare_subdirs: Setting up mode 700 uid 0 gid 0 context u:object_r:apex_rollback_data_file:s0 on path: /data/misc_de/0/apexrollback
04-07 16:24:55.555   380   380 D vold_prepare_subdirs: Setting up mode 711 uid 0 gid 0 context u:object_r:apex_module_data_file:s0 on path: /data/misc_de/0/apexdata
04-07 16:24:55.555   380   380 D vold_prepare_subdirs: Setting up mode 771 uid 0 gid 1000 context u:object_r:apex_wifi_data_file:s0 on path: /data/misc_de/0/apexdata/com.android.wifi
04-07 16:24:55.555   380   380 D vold_prepare_subdirs: Setting up mode 771 uid 0 gid 1000 context u:object_r:apex_module_data_file:s0 on path: /data/misc_de/0/apexdata/com.android.vndk.v32
04-07 16:24:55.556   380   380 D vold_prepare_subdirs: Setting up mode 771 uid 0 gid 1000 context u:object_r:apex_module_data_file:s0 on path: /data/misc_de/0/apexdata/com.android.tzdata
04-07 16:24:55.556   380   380 D vold_prepare_subdirs: Setting up mode 771 uid 0 gid 1000 context u:object_r:apex_module_data_file:s0 on path: /data/misc_de/0/apexdata/com.android.tethering
04-07 16:24:55.556   380   380 D vold_prepare_subdirs: Setting up mode 771 uid 0 gid 1000 context u:object_r:apex_module_data_file:s0 on path: /data/misc_de/0/apexdata/com.android.sdkext
04-07 16:24:55.556   380   380 D vold_prepare_subdirs: Setting up mode 771 uid 0 gid 1000 context u:object_r:apex_module_data_file:s0 on path: /data/misc_de/0/apexdata/com.android.scheduling
04-07 16:24:55.556   380   380 D vold_prepare_subdirs: Setting up mode 771 uid 0 gid 1000 context u:object_r:apex_module_data_file:s0 on path: /data/misc_de/0/apexdata/com.android.runtime
04-07 16:24:55.556   380   380 D vold_prepare_subdirs: Setting up mode 771 uid 0 gid 1000 context u:object_r:apex_module_data_file:s0 on path: /data/misc_de/0/apexdata/com.android.resolv
04-07 16:24:55.556   380   380 D vold_prepare_subdirs: Setting up mode 771 uid 0 gid 1000 context u:object_r:apex_permission_data_file:s0 on path: /data/misc_de/0/apexdata/com.android.permission
04-07 16:24:55.556   380   380 D vold_prepare_subdirs: Setting up mode 771 uid 0 gid 1000 context u:object_r:apex_module_data_file:s0 on path: /data/misc_de/0/apexdata/com.android.os.statsd
04-07 16:24:55.556   380   380 D vold_prepare_subdirs: Setting up mode 771 uid 0 gid 1000 context u:object_r:apex_module_data_file:s0 on path: /data/misc_de/0/apexdata/com.android.neuralnetworks
04-07 16:24:55.556   380   380 D vold_prepare_subdirs: Setting up mode 771 uid 0 gid 1000 context u:object_r:apex_module_data_file:s0 on path: /data/misc_de/0/apexdata/com.android.mediaprovider
04-07 16:24:55.557   380   380 D vold_prepare_subdirs: Setting up mode 771 uid 0 gid 1000 context u:object_r:apex_module_data_file:s0 on path: /data/misc_de/0/apexdata/com.android.media.swcodec
04-07 16:24:55.557   380   380 D vold_prepare_subdirs: Setting up mode 771 uid 0 gid 1000 context u:object_r:apex_module_data_file:s0 on path: /data/misc_de/0/apexdata/com.android.media
04-07 16:24:55.557   380   380 D vold_prepare_subdirs: Setting up mode 771 uid 0 gid 1000 context u:object_r:apex_module_data_file:s0 on path: /data/misc_de/0/apexdata/com.android.ipsec
04-07 16:24:55.557   380   380 D vold_prepare_subdirs: Setting up mode 771 uid 0 gid 1000 context u:object_r:apex_module_data_file:s0 on path: /data/misc_de/0/apexdata/com.android.i18n
04-07 16:24:55.557   380   380 D vold_prepare_subdirs: Setting up mode 771 uid 0 gid 1000 context u:object_r:apex_module_data_file:s0 on path: /data/misc_de/0/apexdata/com.android.extservices
04-07 16:24:55.557   380   380 D vold_prepare_subdirs: Setting up mode 771 uid 0 gid 1000 context u:object_r:apex_module_data_file:s0 on path: /data/misc_de/0/apexdata/com.android.conscrypt
04-07 16:24:55.557   380   380 D vold_prepare_subdirs: Setting up mode 771 uid 0 gid 1000 context u:object_r:apex_module_data_file:s0 on path: /data/misc_de/0/apexdata/com.android.art
04-07 16:24:55.557   380   380 D vold_prepare_subdirs: Setting up mode 771 uid 0 gid 1000 context u:object_r:apex_module_data_file:s0 on path: /data/misc_de/0/apexdata/com.android.appsearch
04-07 16:24:55.557   380   380 D vold_prepare_subdirs: Setting up mode 771 uid 0 gid 1000 context u:object_r:apex_module_data_file:s0 on path: /data/misc_de/0/apexdata/com.android.adbd
04-07 16:24:55.557   380   380 D vold_prepare_subdirs: Setting up mode 771 uid 1000 gid 1000 context u:object_r:user_profile_root_file:s0:c512,c768 on path: /data/misc/profiles/cur/0
04-07 16:24:55.558   380   380 D vold_prepare_subdirs: Setting up mode 700 uid 1000 gid 1000 context u:object_r:fingerprint_vendor_data_file:s0 on path: /data/vendor_de/0/fpdata
04-07 16:24:55.558   380   380 D vold_prepare_subdirs: Setting up mode 700 uid 1000 gid 1000 context u:object_r:face_vendor_data_file:s0 on path: /data/vendor_de/0/facedata
04-07 16:24:55.558   293   293 D vold    : Detected support for FS_IOC_ADD_ENCRYPTION_KEY
04-07 16:24:55.574   382   382 I derive_classpath: ParseFragments for bootclasspath
04-07 16:24:55.586   382   382 I derive_classpath: ReadClasspathFragment /apex/com.android.art/etc/classpaths/bootclasspath.pb
04-07 16:24:55.588   382   382 I derive_classpath: ReadClasspathFragment /system/etc/classpaths/bootclasspath.pb
04-07 16:24:55.589   382   382 I derive_classpath: ReadClasspathFragment /apex/com.android.appsearch/etc/classpaths/bootclasspath.pb
04-07 16:24:55.590   382   382 I derive_classpath: ReadClasspathFragment /apex/com.android.conscrypt/etc/classpaths/bootclasspath.pb
04-07 16:24:55.591   382   382 I derive_classpath: ReadClasspathFragment /apex/com.android.i18n/etc/classpaths/bootclasspath.pb
04-07 16:24:55.591   382   382 I derive_classpath: ReadClasspathFragment /apex/com.android.ipsec/etc/classpaths/bootclasspath.pb
04-07 16:24:55.592   382   382 I derive_classpath: ReadClasspathFragment /apex/com.android.media/etc/classpaths/bootclasspath.pb
04-07 16:24:55.592   382   382 I derive_classpath: ReadClasspathFragment /apex/com.android.mediaprovider/etc/classpaths/bootclasspath.pb
04-07 16:24:55.593   382   382 I derive_classpath: ReadClasspathFragment /apex/com.android.os.statsd/etc/classpaths/bootclasspath.pb
04-07 16:24:55.593   382   382 I derive_classpath: ReadClasspathFragment /apex/com.android.permission/etc/classpaths/bootclasspath.pb
04-07 16:24:55.594   382   382 I derive_classpath: ReadClasspathFragment /apex/com.android.scheduling/etc/classpaths/bootclasspath.pb
04-07 16:24:55.595   382   382 I derive_classpath: ReadClasspathFragment /apex/com.android.sdkext/etc/classpaths/bootclasspath.pb
04-07 16:24:55.596   382   382 I derive_classpath: ReadClasspathFragment /apex/com.android.tethering/etc/classpaths/bootclasspath.pb
04-07 16:24:55.597   382   382 I derive_classpath: ReadClasspathFragment /apex/com.android.wifi/etc/classpaths/bootclasspath.pb
04-07 16:24:55.598   382   382 I derive_classpath: ParseFragments for systemserverclasspath
04-07 16:24:55.599   382   382 I derive_classpath: ReadClasspathFragment /system/etc/classpaths/systemserverclasspath.pb
04-07 16:24:55.600   382   382 I derive_classpath: ReadClasspathFragment /apex/com.android.appsearch/etc/classpaths/systemserverclasspath.pb
04-07 16:24:55.600   382   382 I derive_classpath: ReadClasspathFragment /apex/com.android.media/etc/classpaths/systemserverclasspath.pb
04-07 16:24:55.601   382   382 I derive_classpath: ReadClasspathFragment /apex/com.android.permission/etc/classpaths/systemserverclasspath.pb
04-07 16:24:55.602   382   382 I derive_classpath: WriteClasspathExports /data/system/environ/classpath
04-07 16:24:55.602   382   382 I derive_classpath: WriteClasspathExports content
04-07 16:24:55.602   382   382 I derive_classpath: export BOOTCLASSPATH /apex/com.android.art/javalib/core-oj.jar:/apex/com.android.art/javalib/core-libart.jar:/apex/com.android.art/javalib/okhttp.jar:/apex/com.android.art/javalib/bouncycastle.jar:/apex/com.android.art/javalib/apache-xml.jar:/system/framework/framework.jar:/system/framework/framework-graphics.jar:/system/framework/ext.jar:/system/framework/telephony-common.jar:/system/framework/voip-common.jar:/system/framework/ims-common.jar:/apex/com.android.i18n/javalib/core-icu4j.jar:/apex/com.android.appsearch/javalib/framework-appsearch.jar:/apex/com.android.conscrypt/javalib/conscrypt.jar:/apex/com.android.ipsec/javalib/android.net.ipsec.ike.jar:/apex/com.android.media/javalib/updatable-media.jar:/apex/com.android.mediaprovider/javalib/framework-mediaprovider.jar:/apex/com.android.os.statsd/javalib/framework-statsd.jar:/apex/com.android.permission/javalib/framework-permission.jar:/apex/com.android.permission/javalib/framework-permission-s.jar:/apex/com.android.scheduling/javalib/framework-scheduling.jar:/apex/com.android.sdkext/javalib/framework-sdkextensions.jar:/apex/com.android.tethering/javalib/framework-connectivity.jar:/apex/com.android.tethering/javalib/framework-tethering.jar:/apex/com.android.wifi/javalib/framework-wifi.jar
04-07 16:24:55.602   382   382 I derive_classpath: export DEX2OATBOOTCLASSPATH /apex/com.android.art/javalib/core-oj.jar:/apex/com.android.art/javalib/core-libart.jar:/apex/com.android.art/javalib/okhttp.jar:/apex/com.android.art/javalib/bouncycastle.jar:/apex/com.android.art/javalib/apache-xml.jar:/system/framework/framework.jar:/system/framework/framework-graphics.jar:/system/framework/ext.jar:/system/framework/telephony-common.jar:/system/framework/voip-common.jar:/system/framework/ims-common.jar:/apex/com.android.i18n/javalib/core-icu4j.jar
04-07 16:24:55.602   382   382 I derive_classpath: export SYSTEMSERVERCLASSPATH /system/framework/com.android.location.provider.jar:/system/framework/services.jar:/system/framework/ethernet-service.jar:/apex/com.android.appsearch/javalib/service-appsearch.jar:/apex/com.android.media/javalib/service-media-s.jar:/apex/com.android.permission/javalib/service-permission.jar
04-07 16:24:55.642   383   383 I odsign  : Device doesn't support updatable APEX, exiting.
04-07 16:24:55.655   327   363 I keystore2: keystore2::super_key: keystore.boot_level 1000000000 hits maximum 1000000000, finishing.
04-07 16:24:55.657   373   373 D hwc-drm-debug: DrmHwcTwo version : HWC2-1.5.154
04-07 16:24:55.659   373   373 I hwc-drm-device: InitEnvFromXml,line=176 Load /vendor/etc/HwComposerEnv.xml success.
04-07 16:24:55.659   373   373 I hwc-drm-device: InitEnvFromXml,line=211 Version=1.1.1 Mode=0 FbWidth=11520 FbHeight=1080 ConnectorCnt=4
04-07 16:24:55.659   373   373 I hwc-drm-device: InitEnvFromXml,line=263 Connector[0] type=HDMI-A-1 [0,0,3840,1080]=>[0,0,0,0]
04-07 16:24:55.659   373   373 I hwc-drm-device: InitEnvFromXml,line=263 Connector[1] type=HDMI-A-2 [3840,0,1920,1080]=>[0,0,0,0]
04-07 16:24:55.659   373   373 I hwc-drm-device: InitEnvFromXml,line=263 Connector[2] type=HDMI-A-3 [5760,0,1920,1080]=>[0,0,0,0]
04-07 16:24:55.659   373   373 I hwc-drm-device: InitEnvFromXml,line=263 Connector[3] type=DP-1 [7680,0,3840,1080]=>[0,0,0,0]
04-07 16:24:55.671   373   373 D baseparameter_api: validate head_flag BASP
04-07 16:24:55.672   373   373 I hwc-drm-baseparameter: DrmBaseparameter validate success!
04-07 16:24:55.672   373   373 I hwc-drm-device: DrmVersion=3.0.0
04-07 16:24:55.672   373   373 E hwc-drm-crtc: Failed to get left margin property
04-07 16:24:55.672   373   373 E hwc-drm-crtc: Failed to get right margin property
04-07 16:24:55.672   373   373 E hwc-drm-crtc: Failed to get top margin property
04-07 16:24:55.672   373   373 E hwc-drm-crtc: Failed to get bottom margin property
04-07 16:24:55.672   373   373 I hwc-drm-crtc: Init,line=358 crtc-id=70 vrr=0, maxrr=0 minrr=0
04-07 16:24:55.672   373   373 E hwc-drm-crtc: Could not get hdr_ext_data_ property
04-07 16:24:55.672   373   373 E hwc-drm-crtc: Could not get IS_VIRTUAL property
04-07 16:24:55.672   373   373 E hwc-drm-crtc: Failed to get left margin property
04-07 16:24:55.672   373   373 E hwc-drm-crtc: Failed to get right margin property
04-07 16:24:55.672   373   373 E hwc-drm-crtc: Failed to get top margin property
04-07 16:24:55.672   373   373 E hwc-drm-crtc: Failed to get bottom margin property
04-07 16:24:55.673   373   373 I hwc-drm-crtc: Init,line=358 crtc-id=92 vrr=0, maxrr=0 minrr=0
04-07 16:24:55.673   373   373 E hwc-drm-crtc: Could not get hdr_ext_data_ property
04-07 16:24:55.673   373   373 E hwc-drm-crtc: Could not get IS_VIRTUAL property
04-07 16:24:55.673   373   373 E hwc-drm-crtc: Failed to get left margin property
04-07 16:24:55.673   373   373 E hwc-drm-crtc: Failed to get right margin property
04-07 16:24:55.673   373   373 E hwc-drm-crtc: Failed to get top margin property
04-07 16:24:55.673   373   373 E hwc-drm-crtc: Failed to get bottom margin property
04-07 16:24:55.673   373   373 I hwc-drm-crtc: Init,line=358 crtc-id=114 vrr=0, maxrr=0 minrr=0
04-07 16:24:55.673   373   373 E hwc-drm-crtc: Could not get hdr_ext_data_ property
04-07 16:24:55.673   373   373 E hwc-drm-crtc: Could not get IS_VIRTUAL property
04-07 16:24:55.673   373   373 E hwc-drm-crtc: Failed to get left margin property
04-07 16:24:55.673   373   373 E hwc-drm-crtc: Failed to get right margin property
04-07 16:24:55.673   373   373 E hwc-drm-crtc: Failed to get top margin property
04-07 16:24:55.673   373   373 E hwc-drm-crtc: Failed to get bottom margin property
04-07 16:24:55.674   373   373 E hwc-drm-crtc: Failed to get CUBIC_LUT property
04-07 16:24:55.674   373   373 E hwc-drm-crtc: Failed to get CUBIC_LUT_SIZE property
04-07 16:24:55.674   373   373 I hwc-drm-crtc: Init,line=358 crtc-id=136 vrr=0, maxrr=0 minrr=0
04-07 16:24:55.674   373   373 E hwc-drm-crtc: Could not get hdr_ext_data_ property
04-07 16:24:55.674   373   373 E hwc-drm-crtc: Could not get IS_VIRTUAL property
04-07 16:24:55.674   373   373 W hwc-drm-connector: Could not get hdr output metadata property
04-07 16:24:55.674   373   373 W hwc-drm-connector: Could not get hdr panel metadata property
04-07 16:24:55.674   373   373 W hwc-drm-connector: Could not get Colorspace property, try to get hdmi_output_colorimetry property.
04-07 16:24:55.674   373   373 W hwc-drm-connector: Could not get hdmi_output_colorimetry property.
04-07 16:24:55.674   373   373 W hwc-drm-connector: Could not get color_format property, try to get hdmi_output_format property.
04-07 16:24:55.674   373   373 W hwc-drm-connector: Could not get hdmi_output_format property.
04-07 16:24:55.674   373   373 W hwc-drm-connector: Could not get color_depth property, try to get hdmi_output_depth
04-07 16:24:55.674   373   373 W hwc-drm-connector: Could not get hdmi_output_depth property
04-07 16:24:55.674   373   373 W hwc-drm-connector: Could not get hdmi_output_format property
04-07 16:24:55.674   373   373 W hwc-drm-connector: Could not get hdmi_output_depth property
04-07 16:24:55.674   373   373 W hwc-drm-connector: Could not get CONNECTOR_ID property
04-07 16:24:55.675   373   373 D baseparameter_api: no connector_type and connector_id found
04-07 16:24:55.675   373   373 E hwc-drm-baseparameter: UpdateConnectorBaseInfo,line=111, get_disp_info fail , ret=-22
04-07 16:24:55.675   373   373 I hwc-drm-connector: UpdateConnectorBaseInfo fail, the device may not have a baseparameter.
04-07 16:24:55.675   373   373 W hwc-drm-connector: Could not get USER_SPLIT_MODE property
04-07 16:24:55.675   373   373 E hwc-drm-device: GetHdrPanelMetadata:line=2515, blob is null
04-07 16:24:55.677   373   373 I hwc-drm-baseparameter: UpdateConnectorBaseInfo,line=115, Update success! type=0xb, id=0
04-07 16:24:55.677   373   373 I hwc-drm-baseparameter: DrmBaseparameter: Connector-Type=HDMI-A, Connector-Id=0
04-07 16:24:55.677   373   373 I hwc-drm-baseparameter:  ScreenInfo:
04-07 16:24:55.677   373   373 I hwc-drm-baseparameter:      Type=0xb Id=0 resolution=1920x1080p60-2008-2052-2200-1084-1089-1125-5-148500(clk)
04-07 16:24:55.677   373   373 I hwc-drm-baseparameter:      Framebuffer Size=0x0@60
04-07 16:24:55.677   373   373 I hwc-drm-baseparameter:      Output-format=0 output-depth=0 feature=0
04-07 16:24:55.677   373   373 I hwc-drm-baseparameter:      BCSH: Brightness=50 Contrast=50 Saturation=50 Hue=50
04-07 16:24:55.677   373   373 I hwc-drm-baseparameter:      GAMMA: Size=0
04-07 16:24:55.677   373   373 I hwc-drm-baseparameter:      3DLUT: Size=0
04-07 16:24:55.677   373   373 E hwc-drm-device: GetHdrPanelMetadata:line=2515, blob is null
04-07 16:24:55.677   373   373 W hwc-drm-connector: Could not get hdr output metadata property
04-07 16:24:55.677   373   373 W hwc-drm-connector: Could not get hdr panel metadata property
04-07 16:24:55.677   373   373 W hwc-drm-connector: Could not get Colorspace property, try to get hdmi_output_colorimetry property.
04-07 16:24:55.677   373   373 W hwc-drm-connector: Could not get hdmi_output_colorimetry property.
04-07 16:24:55.677   373   373 W hwc-drm-connector: Could not get color_format property, try to get hdmi_output_format property.
04-07 16:24:55.677   373   373 W hwc-drm-connector: Could not get hdmi_output_format property.
04-07 16:24:55.677   373   373 W hwc-drm-connector: Could not get color_depth property, try to get hdmi_output_depth
04-07 16:24:55.677   373   373 W hwc-drm-connector: Could not get hdmi_output_depth property
04-07 16:24:55.677   373   373 W hwc-drm-connector: Could not get hdmi_output_format property
04-07 16:24:55.677   373   373 W hwc-drm-connector: Could not get hdmi_output_depth property
04-07 16:24:55.677   373   373 W hwc-drm-connector: Could not get CONNECTOR_ID property
04-07 16:24:55.677   373   373 I hwc-drm-baseparameter: UpdateConnectorBaseInfo,line=115, Update success! type=0x10, id=0
04-07 16:24:55.677   373   373 I hwc-drm-baseparameter: DrmBaseparameter: Connector-Type=DSI, Connector-Id=0
04-07 16:24:55.677   373   373 I hwc-drm-baseparameter:  ScreenInfo:
04-07 16:24:55.677   373   373 I hwc-drm-baseparameter:      Type=0x0 Id=0 resolution=0x0p0-0-0-0-0-0-0-0-0(clk)
04-07 16:24:55.677   373   373 I hwc-drm-baseparameter:      Framebuffer Size=0x0@60
04-07 16:24:55.677   373   373 I hwc-drm-baseparameter:      Output-format=0 output-depth=0 feature=0
04-07 16:24:55.677   373   373 I hwc-drm-baseparameter:      BCSH: Brightness=50 Contrast=50 Saturation=50 Hue=50
04-07 16:24:55.677   373   373 I hwc-drm-baseparameter:      GAMMA: Size=0
04-07 16:24:55.677   373   373 I hwc-drm-baseparameter:      3DLUT: Size=0
04-07 16:24:55.678   373   373 I hwc-drm-device: UpdateInfoFromXml,line=279 DmXml_.Mode = 0 
04-07 16:24:55.678   373   373 E hwc-drm-plane: Could not get ZPOS property, try to get zpos property
04-07 16:24:55.678   373   373 E hwc-drm-plane: Could not get AREA_ID property
04-07 16:24:55.679   373   373 E hwc-drm-plane: Could not get ZPOS property, try to get zpos property
04-07 16:24:55.679   373   373 E hwc-drm-plane: Could not get AREA_ID property
04-07 16:24:55.679   373   373 E hwc-drm-plane: Could not get ZPOS property, try to get zpos property
04-07 16:24:55.679   373   373 E hwc-drm-plane: Could not get AREA_ID property
04-07 16:24:55.680   373   373 E hwc-drm-plane: Could not get ZPOS property, try to get zpos property
04-07 16:24:55.680   373   373 E hwc-drm-plane: Could not get AREA_ID property
04-07 16:24:55.681   373   373 E hwc-drm-plane: Could not get ZPOS property, try to get zpos property
04-07 16:24:55.681   373   373 E hwc-drm-plane: Could not get AREA_ID property
04-07 16:24:55.682   373   373 E hwc-drm-plane: Could not get ZPOS property, try to get zpos property
04-07 16:24:55.682   373   373 E hwc-drm-plane: Could not get AREA_ID property
04-07 16:24:55.682   373   373 E hwc-drm-plane: Could not get ZPOS property, try to get zpos property
04-07 16:24:55.683   373   373 E hwc-drm-plane: Could not get AREA_ID property
04-07 16:24:55.683   373   373 E hwc-drm-plane: Could not get ZPOS property, try to get zpos property
04-07 16:24:55.683   373   373 E hwc-drm-plane: Could not get AREA_ID property
04-07 16:24:55.684   373   373 E hwc-drm-plane: Could not get ZPOS property, try to get zpos property
04-07 16:24:55.684   373   373 E hwc-drm-plane: Could not get AREA_ID property
04-07 16:24:55.685   373   373 E hwc-drm-plane: Could not get ZPOS property, try to get zpos property
04-07 16:24:55.685   373   373 E hwc-drm-plane: Could not get AREA_ID property
04-07 16:24:55.686   373   373 E hwc-drm-plane: Could not get ZPOS property, try to get zpos property
04-07 16:24:55.686   373   373 E hwc-drm-plane: Could not get AREA_ID property
04-07 16:24:55.686   373   373 E hwc-drm-plane: Could not get ZPOS property, try to get zpos property
04-07 16:24:55.687   373   373 E hwc-drm-plane: Could not get AREA_ID property
04-07 16:24:55.687   373   373 E hwc-drm-plane: Could not get ZPOS property, try to get zpos property
04-07 16:24:55.687   373   373 E hwc-drm-plane: Could not get AREA_ID property
04-07 16:24:55.688   373   373 E hwc-drm-plane: Could not get ZPOS property, try to get zpos property
04-07 16:24:55.688   373   373 E hwc-drm-plane: Could not get AREA_ID property
04-07 16:24:55.689   373   373 E hwc-drm-plane: Could not get ZPOS property, try to get zpos property
04-07 16:24:55.689   373   373 E hwc-drm-plane: Could not get AREA_ID property
04-07 16:24:55.689   373   373 E hwc-drm-plane: Could not get ZPOS property, try to get zpos property
04-07 16:24:55.690   373   373 E hwc-drm-plane: Could not get AREA_ID property
04-07 16:24:55.690   373   373 E hwc-drm-plane: Could not get ZPOS property, try to get zpos property
04-07 16:24:55.690   373   373 E hwc-drm-plane: Could not get AREA_ID property
04-07 16:24:55.691   373   373 E hwc-drm-plane: Could not get ZPOS property, try to get zpos property
04-07 16:24:55.691   373   373 E hwc-drm-plane: Could not get AREA_ID property
04-07 16:24:55.692   373   373 E hwc-drm-plane: Could not get ZPOS property, try to get zpos property
04-07 16:24:55.692   373   373 E hwc-drm-plane: Could not get AREA_ID property
04-07 16:24:55.693   373   373 E hwc-drm-plane: Could not get ZPOS property, try to get zpos property
04-07 16:24:55.693   373   373 E hwc-drm-plane: Could not get AREA_ID property
04-07 16:24:55.693   373   373 E hwc-drm-plane: Could not get ZPOS property, try to get zpos property
04-07 16:24:55.693   373   373 E hwc-drm-plane: Could not get AREA_ID property
04-07 16:24:55.694   373   373 E hwc-drm-plane: Could not get ZPOS property, try to get zpos property
04-07 16:24:55.694   373   373 E hwc-drm-plane: Could not get AREA_ID property
04-07 16:24:55.695   373   373 E hwc-drm-plane: Could not get ZPOS property, try to get zpos property
04-07 16:24:55.695   373   373 E hwc-drm-plane: Could not get AREA_ID property
04-07 16:24:55.696   373   373 E hwc-drm-plane: Could not get ZPOS property, try to get zpos property
04-07 16:24:55.696   373   373 E hwc-drm-plane: Could not get AREA_ID property
04-07 16:24:55.696   373   373 I android.hardwar: type=1400 audit(0.0:13): avc: denied { read } for name="u:object_r:default_prop:s0" dev="tmpfs" ino=126 scontext=u:r:hal_graphics_composer_default:s0 tcontext=u:object_r:default_prop:s0 tclass=file permissive=1
04-07 16:24:55.696   373   373 I android.hardwar: type=1400 audit(0.0:14): avc: denied { open } for path="/dev/__properties__/u:object_r:default_prop:s0" dev="tmpfs" ino=126 scontext=u:r:hal_graphics_composer_default:s0 tcontext=u:object_r:default_prop:s0 tclass=file permissive=1
04-07 16:24:55.697   373   373 I hwc-resource-manager: Init,line=99 Create DrmDisplayCompositor crtc=70
04-07 16:24:55.697   373   373 I hwc-resource-manager: Init,line=99 Create DrmDisplayCompositor crtc=92
04-07 16:24:55.697   373   373 I hwc-resource-manager: Init,line=99 Create DrmDisplayCompositor crtc=114
04-07 16:24:55.697   373   373 I hwc-resource-manager: Init,line=99 Create DrmDisplayCompositor crtc=136
04-07 16:24:55.698   373   373 I hwc-drm-connector: UpdateDisplayMode,line=462, display=0 persist.vendor.resolution.HDMI-A-0=Unkonw
04-07 16:24:55.698   373   373 I hwc-drm-connector: UpdateDisplayMode,line=470, display=0 persist.vendor.resolution.main=Auto
04-07 16:24:55.698   373   373 I hwc-drm-connector: UpdateDisplayMode,line=475, resolution_value=Auto
04-07 16:24:55.698   373   373 I hwc-drm-connector: UpdateDisplayMode,line=557, Find best mode-id=3 : 800x1280p60.000000
04-07 16:24:55.698   373   373 E hwc-drm-two: ClearDisplay,line=385 display=0 init_success_=0 skip.
04-07 16:24:55.698   373   373 I hwc-drm-device: FindAvailableCrtcByFirst,line=1467 Find display-id=0 with conn[431] crtc=70 success!
04-07 16:24:55.696   373   373 I android.hardwar: type=1400 audit(0.0:15): avc: denied { getattr } for path="/dev/__properties__/u:object_r:default_prop:s0" dev="tmpfs" ino=126 scontext=u:r:hal_graphics_composer_default:s0 tcontext=u:object_r:default_prop:s0 tclass=file permissive=1
04-07 16:24:55.696   373   373 I android.hardwar: type=1400 audit(0.0:16): avc: denied { map } for path="/dev/__properties__/u:object_r:default_prop:s0" dev="tmpfs" ino=126 scontext=u:r:hal_graphics_composer_default:s0 tcontext=u:object_r:default_prop:s0 tclass=file permissive=1
04-07 16:24:55.698   373   373 I hwc-drm-device: BindConnectorAndCrtc,line=1630 Display-id=0 kernel-mode not equal to current-mode,must to disable all plane.
04-07 16:24:55.698   373   373 I hwc-mode: dump,line=207 Id=3 w=800,h=1280,fps=60,hsync_start=820,hsync_end=840,htotal=900,vsync_start=1320,vsync_end=1335,vtotal=1375,flags=5
04-07 16:24:55.698   373   373 I hwc-mode: dump,line=207 Id=0 w=0,h=0,fps=0,hsync_start=0,hsync_end=0,htotal=0,vsync_start=0,vsync_end=0,vtotal=0,flags=0
04-07 16:24:55.698   373   373 I hwc-drm-device: BindConnectorAndCrtc,line=1685 current_mode id=3 , w=800,h=1280,fps=60.000000 
04-07 16:24:55.698   386   386 I tzdatacheck: timezone distro dir /data/misc/zoneinfo/current does not exist. No action required.
04-07 16:24:55.715   373   373 I hwc-drm-device: BindConnectorAndCrtc,line=1724 display-id=0 Bind Connector-id=431 Crtc-id=70 success!.
04-07 16:24:55.715   373   373 E hwc-drm-two: TryAssignPlane,line=168 display 1 crtc is NULL.
04-07 16:24:55.715   373   373 I hwc-drm-two: assignPlaneByPlaneMask,line=140 display-id=0 crtc-id=70 mask=0x1 ,plane_mask=0xf03
04-07 16:24:55.715   373   373 E hwc-drm-two: assignPlaneByPlaneMask,line=117 display=1 crtc is NULL.
04-07 16:24:55.715   373   373 I hwc-drm-two: assignPlaneByPlaneMask,line=152 name=Cluster0-win0 cur_crtcs_mask=0x1 possible-display=0
04-07 16:24:55.715   373   373 I hwc-drm-two: assignPlaneByPlaneMask,line=152 name=Cluster0-win1 cur_crtcs_mask=0x1 possible-display=0
04-07 16:24:55.715   373   373 I hwc-drm-two: assignPlaneByPlaneMask,line=152 name=Cluster1-win0 cur_crtcs_mask=0x0 possible-display=-1
04-07 16:24:55.715   373   373 I hwc-drm-two: assignPlaneByPlaneMask,line=152 name=Cluster1-win1 cur_crtcs_mask=0x0 possible-display=-1
04-07 16:24:55.715   373   373 I hwc-drm-two: assignPlaneByPlaneMask,line=152 name=Cluster2-win0 cur_crtcs_mask=0x0 possible-display=-1
