04-07 16:24:58.642   504   614 D rockit  : (null)           {util_dump_str     :173}   media cache: video(num=00074, 002466ms), audio(num=00118, 002474ms)
04-07 16:24:58.642   504   614 D rockit  : (null)           {util_dump_str     :173}   media limit: low(10ms), high(3000ms), resume(200ms)
04-07 16:24:58.642   504   614 D rockit  : RTMediaSync      {summary           :273} MediaSync V:00000885(00000866) A:00000914(00000913) M:00000914 E:00001003 diff:00000029 serial:0
04-07 16:24:58.643   637   671 W KernelMemoryBandwidthStats: No kernel memory bandwidth stats available
04-07 16:24:58.657   332   352 W mali_gralloc: Buffer descriptor with invalid usage bits 0x2000
04-07 16:24:58.666   373   373 I libsr   :  CheckVersion,line=219 SrLib: VERSION=SR-2.0.5, caller VERSION=SR-2.0.5
04-07 16:24:58.666   373   373 E libsr   :  Init,line=149 TryAuth fail, please check license.
04-07 16:24:58.666   373   373 I libsr   :  CheckVersion,line=219 SrLib: VERSION=SR-2.0.5, caller VERSION=SR-2.0.5
04-07 16:24:58.666   373   373 E libsr   :  Init,line=149 TryAuth fail, please check license.
04-07 16:24:58.680   637   637 I IntentFirewall: Read new rules (A:0 B:0 S:0)
04-07 16:24:58.685   637   637 D AppOps  : AppOpsService published
04-07 16:24:58.686   637   637 V SystemServerTiming: StartActivityManager took to complete: 101ms
04-07 16:24:58.686   637   637 D SystemServerTiming: StartDataLoaderManagerService
04-07 16:24:58.686   637   637 I SystemServiceManager: Starting com.android.server.pm.DataLoaderManagerService
04-07 16:24:58.687   637   637 V SystemServerTiming: StartDataLoaderManagerService took to complete: 0ms
04-07 16:24:58.687   637   637 D SystemServerTiming: StartIncrementalService
04-07 16:24:58.688   637   637 I incfs-mounts: [incfs] Loaded incremental-fs mount info: 0 instances, 0 mount points
04-07 16:24:58.689   637   637 V SystemServerTiming: StartIncrementalService took to complete: 2ms
04-07 16:24:58.689   637   637 D SystemServerTiming: StartPowerManager
04-07 16:24:58.689   637   637 I SystemServiceManager: Starting com.android.server.power.PowerManagerService
04-07 16:24:58.692   286   286 I servicemanager: Found android.hardware.power.IPower/default in device VINTF manifest.
04-07 16:24:58.692   287   287 I hw-BpHwBinder: onLastStrongRef automatically unlinking death recipients
04-07 16:24:58.693   458   458 I PowerAIDL: Initial with boost: 63, mode: 24479
04-07 16:24:58.694   637   637 V SystemServerTiming: StartPowerManager took to complete: 5ms
04-07 16:24:58.694   637   637 D SystemServerTiming: StartThermalManager
04-07 16:24:58.694   637   637 I SystemServiceManager: Starting com.android.server.power.ThermalManagerService
04-07 16:24:58.694   637   637 V SystemServerTiming: StartThermalManager took to complete: 1ms
04-07 16:24:58.694   637   637 D SystemServerTiming: StartHintManager
04-07 16:24:58.694   637   637 I SystemServiceManager: Starting com.android.server.power.hint.HintManagerService
04-07 16:24:58.694   637   637 V SystemServerTiming: StartHintManager took to complete: 0ms
04-07 16:24:58.694   637   637 D SystemServerTiming: InitPowerManagement
04-07 16:24:58.695   637   637 V SystemServerTiming: InitPowerManagement took to complete: 0ms
04-07 16:24:58.695   637   637 D SystemServerTiming: StartRecoverySystemService
04-07 16:24:58.695   637   637 I SystemServiceManager: Starting com.android.server.recoverysystem.RecoverySystemService$Lifecycle
04-07 16:24:58.695   637   637 V SystemServerTiming: StartRecoverySystemService took to complete: 1ms
04-07 16:24:58.695   637   637 I PackageWatchdog: Syncing state, reason: added new observer
04-07 16:24:58.695   637   637 I PackageWatchdog: Not pruning observers, elapsed time: 0ms
04-07 16:24:58.695   637   637 I PackageWatchdog: Cancelling state sync, nothing to sync
04-07 16:24:58.695   637   663 I PackageWatchdog: Saving observer state to file
04-07 16:24:58.696   637   637 D SystemServerTiming: StartLightsService
04-07 16:24:58.696   637   637 I SystemServiceManager: Starting com.android.server.lights.LightsService
04-07 16:24:58.696   286   286 I servicemanager: Found android.hardware.light.ILights/default in device VINTF manifest.
04-07 16:24:58.697   457   457 I RockchipLights: Lights reporting supported lights
04-07 16:24:58.693   457   457 I android.hardwar: type=1400 audit(0.0:64): avc: denied { read } for name="cmdline" dev="proc" ino=4026532202 scontext=u:r:hal_light_default:s0 tcontext=u:object_r:proc_cmdline:s0 tclass=file permissive=1
04-07 16:24:58.693   457   457 I android.hardwar: type=1400 audit(0.0:65): avc: denied { open } for path="/proc/cmdline" dev="proc" ino=4026532202 scontext=u:r:hal_light_default:s0 tcontext=u:object_r:proc_cmdline:s0 tclass=file permissive=1
04-07 16:24:58.697   637   637 V SystemServerTiming: StartLightsService took to complete: 2ms
04-07 16:24:58.697   637   637 D SystemServerTiming: StartSidekickService
04-07 16:24:58.697   637   637 V SystemServerTiming: StartSidekickService took to complete: 0ms
04-07 16:24:58.697   637   637 D SystemServerTiming: StartDisplayManager
04-07 16:24:58.697   637   637 I SystemServiceManager: Starting com.android.server.display.DisplayManagerService
04-07 16:24:58.700   373   373 I libsr   :  CheckVersion,line=219 SrLib: VERSION=SR-2.0.5, caller VERSION=SR-2.0.5
04-07 16:24:58.700   373   373 E libsr   :  Init,line=149 TryAuth fail, please check license.
04-07 16:24:58.700   373   373 I libsr   :  CheckVersion,line=219 SrLib: VERSION=SR-2.0.5, caller VERSION=SR-2.0.5
04-07 16:24:58.700   373   373 E libsr   :  Init,line=149 TryAuth fail, please check license.
04-07 16:24:58.704   637   637 V SystemServerTiming: StartDisplayManager took to complete: 7ms
04-07 16:24:58.704   637   637 D SystemServerTiming: WaitForDisplay
04-07 16:24:58.704   637   637 I SystemServiceManager: Starting phase 100
04-07 16:24:58.704   637   637 D SystemServerTiming: OnBootPhase_100
04-07 16:24:58.704   637   637 D SystemServerTiming: OnBootPhase_100_com.android.server.security.FileIntegrityService
04-07 16:24:58.704   637   637 V SystemServerTiming: OnBootPhase_100_com.android.server.security.FileIntegrityService took to complete: 0ms
04-07 16:24:58.704   637   637 D SystemServerTiming: OnBootPhase_100_com.android.server.pm.Installer
04-07 16:24:58.704   637   637 V SystemServerTiming: OnBootPhase_100_com.android.server.pm.Installer took to complete: 0ms
04-07 16:24:58.704   637   637 D SystemServerTiming: OnBootPhase_100_com.android.server.os.DeviceIdentifiersPolicyService
04-07 16:24:58.704   637   637 V SystemServerTiming: OnBootPhase_100_com.android.server.os.DeviceIdentifiersPolicyService took to complete: 0ms
04-07 16:24:58.704   637   637 D SystemServerTiming: OnBootPhase_100_com.android.server.uri.UriGrantsManagerService$Lifecycle
04-07 16:24:58.704   637   637 V SystemServerTiming: OnBootPhase_100_com.android.server.uri.UriGrantsManagerService$Lifecycle took to complete: 0ms
04-07 16:24:58.704   637   637 D SystemServerTiming: OnBootPhase_100_com.android.server.powerstats.PowerStatsService
04-07 16:24:58.704   637   637 V SystemServerTiming: OnBootPhase_100_com.android.server.powerstats.PowerStatsService took to complete: 0ms
04-07 16:24:58.704   637   637 D SystemServerTiming: OnBootPhase_100_com.android.server.wm.ActivityTaskManagerService$Lifecycle
04-07 16:24:58.704   637   637 V SystemServerTiming: OnBootPhase_100_com.android.server.wm.ActivityTaskManagerService$Lifecycle took to complete: 0ms
04-07 16:24:58.704   637   637 D SystemServerTiming: OnBootPhase_100_com.android.server.am.ActivityManagerService$Lifecycle
04-07 16:24:58.704   637   637 V SystemServerTiming: OnBootPhase_100_com.android.server.am.ActivityManagerService$Lifecycle took to complete: 0ms
04-07 16:24:58.704   637   637 D SystemServerTiming: OnBootPhase_100_com.android.server.pm.DataLoaderManagerService
04-07 16:24:58.704   637   637 V SystemServerTiming: OnBootPhase_100_com.android.server.pm.DataLoaderManagerService took to complete: 0ms
04-07 16:24:58.704   637   637 D SystemServerTiming: OnBootPhase_100_com.android.server.power.PowerManagerService
04-07 16:24:58.704   637   637 V SystemServerTiming: OnBootPhase_100_com.android.server.power.PowerManagerService took to complete: 0ms
04-07 16:24:58.704   637   637 D SystemServerTiming: OnBootPhase_100_com.android.server.power.ThermalManagerService
04-07 16:24:58.704   637   637 V SystemServerTiming: OnBootPhase_100_com.android.server.power.ThermalManagerService took to complete: 0ms
04-07 16:24:58.704   637   637 D SystemServerTiming: OnBootPhase_100_com.android.server.power.hint.HintManagerService
04-07 16:24:58.704   637   637 V SystemServerTiming: OnBootPhase_100_com.android.server.power.hint.HintManagerService took to complete: 0ms
04-07 16:24:58.704   637   637 D SystemServerTiming: OnBootPhase_100_com.android.server.recoverysystem.RecoverySystemService$Lifecycle
04-07 16:24:58.704   637   637 V SystemServerTiming: OnBootPhase_100_com.android.server.recoverysystem.RecoverySystemService$Lifecycle took to complete: 0ms
04-07 16:24:58.704   637   637 D SystemServerTiming: OnBootPhase_100_com.android.server.lights.LightsService
04-07 16:24:58.704   637   637 V SystemServerTiming: OnBootPhase_100_com.android.server.lights.LightsService took to complete: 0ms
04-07 16:24:58.704   637   637 D SystemServerTiming: OnBootPhase_100_com.android.server.display.DisplayManagerService
04-07 16:24:58.705   332   352 E HWComposer: getSupportedContentTypes: getSupportedContentTypes failed for display 0: Unsupported (8)
04-07 16:24:58.706   332   352 E HWComposer: getSupportedContentTypes: getSupportedContentTypes failed for display 1: Unsupported (8)
04-07 16:24:58.706   436   436 I writer  : type=1400 audit(0.0:66): avc: denied { read } for name="cmdline" dev="proc" ino=4026532202 scontext=u:r:hal_audio_default:s0 tcontext=u:object_r:proc_cmdline:s0 tclass=file permissive=1
04-07 16:24:58.706   436   436 I writer  : type=1400 audit(0.0:67): avc: denied { open } for path="/proc/cmdline" dev="proc" ino=4026532202 scontext=u:r:hal_audio_default:s0 tcontext=u:object_r:proc_cmdline:s0 tclass=file permissive=1
04-07 16:24:58.711   637   658 I DisplayDeviceRepository: Display device added: DisplayDeviceInfo{"": uniqueId="local:0", 1280 x 800, modeId 1, defaultModeId 1, supportedModes [{id=1, width=1280, height=800, fps=60.000004, alternativeRefreshRates=[]}], colorMode 0, supportedColorModes [0], hdrCapabilities HdrCapabilities{mSupportedHdrTypes=[], mMaxLuminance=500.0, mMaxAverageLuminance=500.0, mMinLuminance=0.0}, allmSupported false, gameContentTypeSupported false, density 160, 320.0 x 320.0 dpi, appVsyncOff 1000000, presDeadline 16666666, touch INTERNAL, rotation 0, type INTERNAL, address {port=0}, deviceProductInfo null, state UNKNOWN, frameRateOverride , brightnessMinimum 0.0, brightnessMaximum 1.0, brightnessDefault 0.39763778, FLAG_DEFAULT_DISPLAY, FLAG_ROTATES_WITH_CONTENT, FLAG_SECURE, FLAG_SUPPORTS_PROTECTED_BUFFERS}
04-07 16:24:58.712   637   658 I LogicalDisplayMapper: Applying layout: [{addr: {port=0}, dispId: 0(ON)}], Previous layout: null
04-07 16:24:58.713   637   658 I LogicalDisplayMapper: Adding new display: 0: DisplayInfo{"", displayId 0", displayGroupId -1, FLAG_SECURE, FLAG_SUPPORTS_PROTECTED_BUFFERS, FLAG_TRUSTED, real 1280 x 800, largest app 1280 x 800, smallest app 1280 x 800, appVsyncOff 1000000, presDeadline 16666666, mode 1, defaultMode 1, modes [{id=1, width=1280, height=800, fps=60.000004, alternativeRefreshRates=[]}], hdrCapabilities HdrCapabilities{mSupportedHdrTypes=[], mMaxLuminance=500.0, mMaxAverageLuminance=500.0, mMinLuminance=0.0}, userDisabledHdrTypes [], minimalPostProcessingSupported false, rotation 0, state UNKNOWN, type INTERNAL, uniqueId "local:0", app 1280 x 800, density 160 (320.0 x 320.0) dpi, layerStack 0, colorMode 0, supportedColorModes [0], address {port=0}, deviceProductInfo null, removeMode 0, refreshRateOverride 0.0, brightnessMinimum 0.0, brightnessMaximum 1.0, brightnessDefault 0.39763778}
04-07 16:24:58.714   637   658 I LogicalDisplayMapper: Setting new display group 0 for display 0, from previous group: null
04-07 16:24:58.714   637   637 V SystemServerTiming: OnBootPhase_100_com.android.server.display.DisplayManagerService took to complete: 10ms
04-07 16:24:58.714   637   637 V SystemServerTiming: OnBootPhase_100 took to complete: 10ms
04-07 16:24:58.714   637   637 V SystemServerTiming: WaitForDisplay took to complete: 10ms
04-07 16:24:58.714   637   637 D SystemServerTiming: StartDomainVerificationService
04-07 16:24:58.716   637   637 V SystemServerTiming: StartDomainVerificationService took to complete: 2ms
04-07 16:24:58.716   637   637 D SystemServerTiming: StartPackageManagerService
04-07 16:24:58.716   637   637 I Watchdog: Pausing HandlerChecker: main thread for reason: packagemanagermain. Pause count: 1
04-07 16:24:58.717   637   658 W StrictMode: No activity manager; failed to Dropbox violation.
04-07 16:24:58.717   637   658 W StrictMode: No activity manager; failed to Dropbox violation.
04-07 16:24:58.717   637   658 W StrictMode: No activity manager; failed to Dropbox violation.
04-07 16:24:58.717   637   658 W StrictMode: No activity manager; failed to Dropbox violation.
04-07 16:24:58.717   637   658 W StrictMode: No activity manager; failed to Dropbox violation.
04-07 16:24:58.717   637   658 W StrictMode: No activity manager; failed to Dropbox violation.
04-07 16:24:58.717   637   658 D LocalDisplayAdapter: mPhysicalDisplayId1 set rotation 1
04-07 16:24:58.718   637   658 I DisplayDeviceRepository: Display device added: DisplayDeviceInfo{"HDMI ": uniqueId="local:1", 800 x 1280, modeId 2, defaultModeId 2, supportedModes [{id=2, width=800, height=1280, fps=60.000004, alternativeRefreshRates=[]}], colorMode 0, supportedColorModes [0], hdrCapabilities HdrCapabilities{mSupportedHdrTypes=[], mMaxLuminance=500.0, mMaxAverageLuminance=500.0, mMinLuminance=0.0}, allmSupported false, gameContentTypeSupported false, density 213, 320.0 x 320.0 dpi, appVsyncOff 1000000, presDeadline 16666666, touch EXTERNAL, rotation 1, type EXTERNAL, address {port=1}, deviceProductInfo null, state UNKNOWN, frameRateOverride , brightnessMinimum 0.0, brightnessMaximum 1.0, brightnessDefault 0.5, FLAG_SECURE, FLAG_SUPPORTS_PROTECTED_BUFFERS, FLAG_PRESENTATION}
04-07 16:24:58.718   637   658 I LogicalDisplayMapper: Applying layout: [{addr: {port=0}, dispId: 0(ON)}], Previous layout: [{addr: {port=0}, dispId: 0(ON)}]
04-07 16:24:58.718   637   658 I LogicalDisplayMapper: Adding new display: 2: DisplayInfo{"HDMI ", displayId 2", displayGroupId -1, FLAG_SECURE, FLAG_SUPPORTS_PROTECTED_BUFFERS, FLAG_PRESENTATION, FLAG_TRUSTED, real 1280 x 800, largest app 800 x 1280, smallest app 800 x 1280, appVsyncOff 1000000, presDeadline 16666666, mode 2, defaultMode 2, modes [{id=2, width=800, height=1280, fps=60.000004, alternativeRefreshRates=[]}], hdrCapabilities HdrCapabilities{mSupportedHdrTypes=[], mMaxLuminance=500.0, mMaxAverageLuminance=500.0, mMinLuminance=0.0}, userDisabledHdrTypes [], minimalPostProcessingSupported false, rotation 0, state UNKNOWN, type EXTERNAL, uniqueId "local:1", app 1280 x 800, density 213 (320.0 x 320.0) dpi, layerStack 2, colorMode 0, supportedColorModes [0], address {port=1}, deviceProductInfo null, removeMode 0, refreshRateOverride 0.0, brightnessMinimum 0.0, brightnessMaximum 1.0, brightnessDefault 0.5}
04-07 16:24:58.718   637   658 I LogicalDisplayMapper: Setting new display group 0 for display 2, from previous group: null
04-07 16:24:58.719   637   637 D PackageManagerTiming: create package manager
04-07 16:24:58.719   637   658 W StrictMode: No activity manager; failed to Dropbox violation.
04-07 16:24:58.719   637   658 W StrictMode: No activity manager; failed to Dropbox violation.
04-07 16:24:58.720   637   658 W StrictMode: No activity manager; failed to Dropbox violation.
04-07 16:24:58.720   637   658 W StrictMode: No activity manager; failed to Dropbox violation.
04-07 16:24:58.720   637   658 W StrictMode: No activity manager; failed to Dropbox violation.
04-07 16:24:58.720   637   658 W StrictMode: No activity manager; failed to Dropbox violation.
04-07 16:24:58.721   637   637 D PackageManagerTiming: createSubComponents
04-07 16:24:58.727   637   637 W PackageSettings: Skipped scaning performance config file.
04-07 16:24:58.729   637   637 V PackageManagerTiming: createSubComponents took to complete: 8ms
04-07 16:24:58.729   637   637 D PackageManagerTiming: addSharedUsers
04-07 16:24:58.730   637   637 V PackageManagerTiming: addSharedUsers took to complete: 0ms
04-07 16:24:58.730   637   637 D PackageManagerTiming: get system config
04-07 16:24:58.730   637   637 V PackageManagerTiming: get system config took to complete: 0ms
04-07 16:24:58.731   637   637 D PackageManager: Directories scanned as system partitions: [/system:0, /vendor:524288, /odm:4194304, /oem:262144, /product:1048576, /system_ext:2097152, /apex/com.android.wifi:8388608, /apex/com.android.vndk.v32:8388608, /apex/com.android.tzdata:8388608, /apex/com.android.tethering:8388608, /apex/com.android.sdkext:8388608, /apex/com.android.scheduling:8388608, /apex/com.android.runtime:8388608, /apex/com.android.resolv:8388608, /apex/com.android.permission:8388608, /apex/com.android.os.statsd:8388608, /apex/com.android.neuralnetworks:8388608, /apex/com.android.mediaprovider:8388608, /apex/com.android.media.swcodec:8388608, /apex/com.android.media:8388608, /apex/com.android.ipsec:8388608, /apex/com.android.i18n:8388608, /apex/com.android.extservices:8388608, /apex/com.android.conscrypt:8388608, /apex/com.android.art:8388608, /apex/com.android.appsearch:8388608, /apex/com.android.adbd:8388608]
04-07 16:24:58.732   637   637 D SELinuxMMAC: Using policy file /system/etc/selinux/plat_mac_permissions.xml
04-07 16:24:58.732   637   637 D SELinuxMMAC: Using policy file /system_ext/etc/selinux/system_ext_mac_permissions.xml
04-07 16:24:58.733   637   637 D SELinuxMMAC: Using policy file /vendor/etc/selinux/vendor_mac_permissions.xml
04-07 16:24:58.733   373   373 I libsr   :  CheckVersion,line=219 SrLib: VERSION=SR-2.0.5, caller VERSION=SR-2.0.5
04-07 16:24:58.733   373   373 E libsr   :  Init,line=149 TryAuth fail, please check license.
04-07 16:24:58.733   373   373 I libsr   :  CheckVersion,line=219 SrLib: VERSION=SR-2.0.5, caller VERSION=SR-2.0.5
04-07 16:24:58.733   373   373 E libsr   :  Init,line=149 TryAuth fail, please check license.
04-07 16:24:58.734   637   637 D PackageManagerTiming: loadFallbacks
04-07 16:24:58.735   637   637 D FallbackCategoryProvider: Found 1 fallback categories
04-07 16:24:58.735   637   637 V PackageManagerTiming: loadFallbacks took to complete: 1ms
04-07 16:24:58.735   637   637 D PackageManagerTiming: read user settings
04-07 16:24:58.759   637   637 W android.permission.PermissionManager: Missing ActivityManager; assuming 1000 holds android.permission.SET_PREFERRED_APPLICATIONS
04-07 16:24:58.759   637   637 W android.permission.PermissionManager: Missing ActivityManager; assuming 1000 holds android.permission.SET_PREFERRED_APPLICATIONS
04-07 16:24:58.760   637   637 W android.permission.PermissionManager: Missing ActivityManager; assuming 1000 holds android.permission.SET_PREFERRED_APPLICATIONS
04-07 16:24:58.760   637   637 W android.permission.PermissionManager: Missing ActivityManager; assuming 1000 holds android.permission.SET_PREFERRED_APPLICATIONS
04-07 16:24:58.760   637   637 W android.permission.PermissionManager: Missing ActivityManager; assuming 1000 holds android.permission.SET_PREFERRED_APPLICATIONS
04-07 16:24:58.760   637   637 W android.permission.PermissionManager: Missing ActivityManager; assuming 1000 holds android.permission.SET_PREFERRED_APPLICATIONS
04-07 16:24:58.760   637   637 W android.permission.PermissionManager: Missing ActivityManager; assuming 1000 holds android.permission.SET_PREFERRED_APPLICATIONS
04-07 16:24:58.760   637   637 W android.permission.PermissionManager: Missing ActivityManager; assuming 1000 holds android.permission.SET_PREFERRED_APPLICATIONS
04-07 16:24:58.760   637   637 W android.permission.PermissionManager: Missing ActivityManager; assuming 1000 holds android.permission.SET_PREFERRED_APPLICATIONS
04-07 16:24:58.760   637   637 W android.permission.PermissionManager: Missing ActivityManager; assuming 1000 holds android.permission.SET_PREFERRED_APPLICATIONS
04-07 16:24:58.760   637   637 W android.permission.PermissionManager: Missing ActivityManager; assuming 1000 holds android.permission.SET_PREFERRED_APPLICATIONS
04-07 16:24:58.760   637   637 W android.permission.PermissionManager: Missing ActivityManager; assuming 1000 holds android.permission.SET_PREFERRED_APPLICATIONS
04-07 16:24:58.760   637   637 W android.permission.PermissionManager: Missing ActivityManager; assuming 1000 holds android.permission.SET_PREFERRED_APPLICATIONS
04-07 16:24:58.760   637   637 W android.permission.PermissionManager: Missing ActivityManager; assuming 1000 holds android.permission.SET_PREFERRED_APPLICATIONS
04-07 16:24:58.760   637   637 W android.permission.PermissionManager: Missing ActivityManager; assuming 1000 holds android.permission.SET_PREFERRED_APPLICATIONS
04-07 16:24:58.760   637   637 W android.permission.PermissionManager: Missing ActivityManager; assuming 1000 holds android.permission.SET_PREFERRED_APPLICATIONS
04-07 16:24:58.761   637   637 W android.permission.PermissionManager: Missing ActivityManager; assuming 1000 holds android.permission.SET_PREFERRED_APPLICATIONS
04-07 16:24:58.761   637   637 W android.permission.PermissionManager: Missing ActivityManager; assuming 1000 holds android.permission.SET_PREFERRED_APPLICATIONS
04-07 16:24:58.761   637   637 W android.permission.PermissionManager: Missing ActivityManager; assuming 1000 holds android.permission.SET_PREFERRED_APPLICATIONS
04-07 16:24:58.761   637   637 W android.permission.PermissionManager: Missing ActivityManager; assuming 1000 holds android.permission.SET_PREFERRED_APPLICATIONS
04-07 16:24:58.761   637   637 W android.permission.PermissionManager: Missing ActivityManager; assuming 1000 holds android.permission.SET_PREFERRED_APPLICATIONS
04-07 16:24:58.761   637   637 W android.permission.PermissionManager: Missing ActivityManager; assuming 1000 holds android.permission.SET_PREFERRED_APPLICATIONS
04-07 16:24:58.761   637   637 W android.permission.PermissionManager: Missing ActivityManager; assuming 1000 holds android.permission.SET_PREFERRED_APPLICATIONS
04-07 16:24:58.761   637   637 W android.permission.PermissionManager: Missing ActivityManager; assuming 1000 holds android.permission.SET_PREFERRED_APPLICATIONS
04-07 16:24:58.761   637   637 W android.permission.PermissionManager: Missing ActivityManager; assuming 1000 holds android.permission.SET_PREFERRED_APPLICATIONS
04-07 16:24:58.761   637   637 W android.permission.PermissionManager: Missing ActivityManager; assuming 1000 holds android.permission.SET_PREFERRED_APPLICATIONS
04-07 16:24:58.761   637   637 W android.permission.PermissionManager: Missing ActivityManager; assuming 1000 holds android.permission.SET_PREFERRED_APPLICATIONS
04-07 16:24:58.761   637   637 W android.permission.PermissionManager: Missing ActivityManager; assuming 1000 holds android.permission.SET_PREFERRED_APPLICATIONS
04-07 16:24:58.761   637   637 W android.permission.PermissionManager: Missing ActivityManager; assuming 1000 holds android.permission.SET_PREFERRED_APPLICATIONS
04-07 16:24:58.762   637   637 W android.permission.PermissionManager: Missing ActivityManager; assuming 1000 holds android.permission.SET_PREFERRED_APPLICATIONS
04-07 16:24:58.762   637   637 W android.permission.PermissionManager: Missing ActivityManager; assuming 1000 holds android.permission.SET_PREFERRED_APPLICATIONS
04-07 16:24:58.762   637   637 W android.permission.PermissionManager: Missing ActivityManager; assuming 1000 holds android.permission.SET_PREFERRED_APPLICATIONS
04-07 16:24:58.762   637   637 W android.permission.PermissionManager: Missing ActivityManager; assuming 1000 holds android.permission.SET_PREFERRED_APPLICATIONS
04-07 16:24:58.762   637   637 W android.permission.PermissionManager: Missing ActivityManager; assuming 1000 holds android.permission.SET_PREFERRED_APPLICATIONS
04-07 16:24:58.762   637   637 W android.permission.PermissionManager: Missing ActivityManager; assuming 1000 holds android.permission.SET_PREFERRED_APPLICATIONS
04-07 16:24:58.762   637   637 W android.permission.PermissionManager: Missing ActivityManager; assuming 1000 holds android.permission.SET_PREFERRED_APPLICATIONS
04-07 16:24:58.762   637   637 W android.permission.PermissionManager: Missing ActivityManager; assuming 1000 holds android.permission.SET_PREFERRED_APPLICATIONS
04-07 16:24:58.762   637   637 W android.permission.PermissionManager: Missing ActivityManager; assuming 1000 holds android.permission.SET_PREFERRED_APPLICATIONS
04-07 16:24:58.762   637   637 W android.permission.PermissionManager: Missing ActivityManager; assuming 1000 holds android.permission.SET_PREFERRED_APPLICATIONS
04-07 16:24:58.762   637   637 W android.permission.PermissionManager: Missing ActivityManager; assuming 1000 holds android.permission.SET_PREFERRED_APPLICATIONS
04-07 16:24:58.762   637   637 W android.permission.PermissionManager: Missing ActivityManager; assuming 1000 holds android.permission.SET_PREFERRED_APPLICATIONS
04-07 16:24:58.762   637   637 W android.permission.PermissionManager: Missing ActivityManager; assuming 1000 holds android.permission.SET_PREFERRED_APPLICATIONS
04-07 16:24:58.763   637   637 W android.permission.PermissionManager: Missing ActivityManager; assuming 1000 holds android.permission.SET_PREFERRED_APPLICATIONS
04-07 16:24:58.763   637   637 W android.permission.PermissionManager: Missing ActivityManager; assuming 1000 holds android.permission.SET_PREFERRED_APPLICATIONS
04-07 16:24:58.763   637   637 W android.permission.PermissionManager: Missing ActivityManager; assuming 1000 holds android.permission.SET_PREFERRED_APPLICATIONS
04-07 16:24:58.763   637   637 W android.permission.PermissionManager: Missing ActivityManager; assuming 1000 holds android.permission.SET_PREFERRED_APPLICATIONS
04-07 16:24:58.763   637   637 W android.permission.PermissionManager: Missing ActivityManager; assuming 1000 holds android.permission.SET_PREFERRED_APPLICATIONS
04-07 16:24:58.763   637   637 W android.permission.PermissionManager: Missing ActivityManager; assuming 1000 holds android.permission.SET_PREFERRED_APPLICATIONS
04-07 16:24:58.763   637   637 W android.permission.PermissionManager: Missing ActivityManager; assuming 1000 holds android.permission.SET_PREFERRED_APPLICATIONS
04-07 16:24:58.763   637   637 W android.permission.PermissionManager: Missing ActivityManager; assuming 1000 holds android.permission.SET_PREFERRED_APPLICATIONS
04-07 16:24:58.763   637   637 W android.permission.PermissionManager: Missing ActivityManager; assuming 1000 holds android.permission.SET_PREFERRED_APPLICATIONS
04-07 16:24:58.763   637   637 W android.permission.PermissionManager: Missing ActivityManager; assuming 1000 holds android.permission.SET_PREFERRED_APPLICATIONS
04-07 16:24:58.763   637   637 W android.permission.PermissionManager: Missing ActivityManager; assuming 1000 holds android.permission.SET_PREFERRED_APPLICATIONS
04-07 16:24:58.763   637   637 W android.permission.PermissionManager: Missing ActivityManager; assuming 1000 holds android.permission.SET_PREFERRED_APPLICATIONS
04-07 16:24:58.763   637   637 W android.permission.PermissionManager: Missing ActivityManager; assuming 1000 holds android.permission.SET_PREFERRED_APPLICATIONS
04-07 16:24:58.763   637   637 W android.permission.PermissionManager: Missing ActivityManager; assuming 1000 holds android.permission.SET_PREFERRED_APPLICATIONS
04-07 16:24:58.764   637   637 W android.permission.PermissionManager: Missing ActivityManager; assuming 1000 holds android.permission.SET_PREFERRED_APPLICATIONS
04-07 16:24:58.764   637   637 W android.permission.PermissionManager: Missing ActivityManager; assuming 1000 holds android.permission.SET_PREFERRED_APPLICATIONS
04-07 16:24:58.764   637   637 W android.permission.PermissionManager: Missing ActivityManager; assuming 1000 holds android.permission.SET_PREFERRED_APPLICATIONS
04-07 16:24:58.764   637   637 W android.permission.PermissionManager: Missing ActivityManager; assuming 1000 holds android.permission.SET_PREFERRED_APPLICATIONS
04-07 16:24:58.764   637   637 W android.permission.PermissionManager: Missing ActivityManager; assuming 1000 holds android.permission.SET_PREFERRED_APPLICATIONS
04-07 16:24:58.764   637   637 W android.permission.PermissionManager: Missing ActivityManager; assuming 1000 holds android.permission.SET_PREFERRED_APPLICATIONS
04-07 16:24:58.764   637   637 W android.permission.PermissionManager: Missing ActivityManager; assuming 1000 holds android.permission.SET_PREFERRED_APPLICATIONS
04-07 16:24:58.764   637   637 W android.permission.PermissionManager: Missing ActivityManager; assuming 1000 holds android.permission.SET_PREFERRED_APPLICATIONS
04-07 16:24:58.764   637   637 W android.permission.PermissionManager: Missing ActivityManager; assuming 1000 holds android.permission.SET_PREFERRED_APPLICATIONS
04-07 16:24:58.764   637   637 W android.permission.PermissionManager: Missing ActivityManager; assuming 1000 holds android.permission.SET_PREFERRED_APPLICATIONS
04-07 16:24:58.764   637   637 W android.permission.PermissionManager: Missing ActivityManager; assuming 1000 holds android.permission.SET_PREFERRED_APPLICATIONS
04-07 16:24:58.764   637   637 W android.permission.PermissionManager: Missing ActivityManager; assuming 1000 holds android.permission.SET_PREFERRED_APPLICATIONS
04-07 16:24:58.764   637   637 W android.permission.PermissionManager: Missing ActivityManager; assuming 1000 holds android.permission.SET_PREFERRED_APPLICATIONS
04-07 16:24:58.765   637   637 W android.permission.PermissionManager: Missing ActivityManager; assuming 1000 holds android.permission.SET_PREFERRED_APPLICATIONS
04-07 16:24:58.765   637   637 W android.permission.PermissionManager: Missing ActivityManager; assuming 1000 holds android.permission.SET_PREFERRED_APPLICATIONS
04-07 16:24:58.765   637   637 W android.permission.PermissionManager: Missing ActivityManager; assuming 1000 holds android.permission.SET_PREFERRED_APPLICATIONS
04-07 16:24:58.765   637   637 W android.permission.PermissionManager: Missing ActivityManager; assuming 1000 holds android.permission.SET_PREFERRED_APPLICATIONS
04-07 16:24:58.765   637   637 W android.permission.PermissionManager: Missing ActivityManager; assuming 1000 holds android.permission.SET_PREFERRED_APPLICATIONS
04-07 16:24:58.765   637   637 W android.permission.PermissionManager: Missing ActivityManager; assuming 1000 holds android.permission.SET_PREFERRED_APPLICATIONS
04-07 16:24:58.765   637   637 W android.permission.PermissionManager: Missing ActivityManager; assuming 1000 holds android.permission.SET_PREFERRED_APPLICATIONS
04-07 16:24:58.765   637   637 W android.permission.PermissionManager: Missing ActivityManager; assuming 1000 holds android.permission.SET_PREFERRED_APPLICATIONS
04-07 16:24:58.765   637   637 W android.permission.PermissionManager: Missing ActivityManager; assuming 1000 holds android.permission.SET_PREFERRED_APPLICATIONS
04-07 16:24:58.765   637   637 W android.permission.PermissionManager: Missing ActivityManager; assuming 1000 holds android.permission.SET_PREFERRED_APPLICATIONS
04-07 16:24:58.765   637   637 W android.permission.PermissionManager: Missing ActivityManager; assuming 1000 holds android.permission.SET_PREFERRED_APPLICATIONS
04-07 16:24:58.765   637   637 W android.permission.PermissionManager: Missing ActivityManager; assuming 1000 holds android.permission.SET_PREFERRED_APPLICATIONS
04-07 16:24:58.765   637   637 W android.permission.PermissionManager: Missing ActivityManager; assuming 1000 holds android.permission.SET_PREFERRED_APPLICATIONS
04-07 16:24:58.766   637   637 W android.permission.PermissionManager: Missing ActivityManager; assuming 1000 holds android.permission.SET_PREFERRED_APPLICATIONS
04-07 16:24:58.766   637   637 W android.permission.PermissionManager: Missing ActivityManager; assuming 1000 holds android.permission.SET_PREFERRED_APPLICATIONS
04-07 16:24:58.766   637   637 W android.permission.PermissionManager: Missing ActivityManager; assuming 1000 holds android.permission.SET_PREFERRED_APPLICATIONS
04-07 16:24:58.766   637   637 W android.permission.PermissionManager: Missing ActivityManager; assuming 1000 holds android.permission.SET_PREFERRED_APPLICATIONS
04-07 16:24:58.766   637   637 W android.permission.PermissionManager: Missing ActivityManager; assuming 1000 holds android.permission.SET_PREFERRED_APPLICATIONS
04-07 16:24:58.766   637   637 W android.permission.PermissionManager: Missing ActivityManager; assuming 1000 holds android.permission.SET_PREFERRED_APPLICATIONS
04-07 16:24:58.766   637   637 W android.permission.PermissionManager: Missing ActivityManager; assuming 1000 holds android.permission.SET_PREFERRED_APPLICATIONS
04-07 16:24:58.766   637   637 W android.permission.PermissionManager: Missing ActivityManager; assuming 1000 holds android.permission.SET_PREFERRED_APPLICATIONS
04-07 16:24:58.766   637   637 W android.permission.PermissionManager: Missing ActivityManager; assuming 1000 holds android.permission.SET_PREFERRED_APPLICATIONS
04-07 16:24:58.766   637   637 W android.permission.PermissionManager: Missing ActivityManager; assuming 1000 holds android.permission.SET_PREFERRED_APPLICATIONS
04-07 16:24:58.766   373   373 I libsr   :  CheckVersion,line=219 SrLib: VERSION=SR-2.0.5, caller VERSION=SR-2.0.5
04-07 16:24:58.766   373   373 E libsr   :  Init,line=149 TryAuth fail, please check license.
04-07 16:24:58.766   373   373 I libsr   :  CheckVersion,line=219 SrLib: VERSION=SR-2.0.5, caller VERSION=SR-2.0.5
04-07 16:24:58.766   373   373 E libsr   :  Init,line=149 TryAuth fail, please check license.
04-07 16:24:58.766   637   637 W android.permission.PermissionManager: Missing ActivityManager; assuming 1000 holds android.permission.SET_PREFERRED_APPLICATIONS
04-07 16:24:58.766   637   637 W android.permission.PermissionManager: Missing ActivityManager; assuming 1000 holds android.permission.SET_PREFERRED_APPLICATIONS
04-07 16:24:58.766   637   637 W android.permission.PermissionManager: Missing ActivityManager; assuming 1000 holds android.permission.SET_PREFERRED_APPLICATIONS
04-07 16:24:58.767   637   637 W android.permission.PermissionManager: Missing ActivityManager; assuming 1000 holds android.permission.SET_PREFERRED_APPLICATIONS
04-07 16:24:58.767   637   637 W android.permission.PermissionManager: Missing ActivityManager; assuming 1000 holds android.permission.SET_PREFERRED_APPLICATIONS
04-07 16:24:58.767   637   637 W android.permission.PermissionManager: Missing ActivityManager; assuming 1000 holds android.permission.SET_PREFERRED_APPLICATIONS
04-07 16:24:58.767   637   637 W android.permission.PermissionManager: Missing ActivityManager; assuming 1000 holds android.permission.SET_PREFERRED_APPLICATIONS
04-07 16:24:58.767   637   637 W android.permission.PermissionManager: Missing ActivityManager; assuming 1000 holds android.permission.SET_PREFERRED_APPLICATIONS
04-07 16:24:58.767   637   637 W android.permission.PermissionManager: Missing ActivityManager; assuming 1000 holds android.permission.SET_PREFERRED_APPLICATIONS
04-07 16:24:58.767   637   637 W android.permission.PermissionManager: Missing ActivityManager; assuming 1000 holds android.permission.SET_PREFERRED_APPLICATIONS
04-07 16:24:58.767   637   637 W android.permission.PermissionManager: Missing ActivityManager; assuming 1000 holds android.permission.SET_PREFERRED_APPLICATIONS
04-07 16:24:58.767   637   637 W android.permission.PermissionManager: Missing ActivityManager; assuming 1000 holds android.permission.SET_PREFERRED_APPLICATIONS
04-07 16:24:58.767   637   637 W android.permission.PermissionManager: Missing ActivityManager; assuming 1000 holds android.permission.SET_PREFERRED_APPLICATIONS
04-07 16:24:58.767   637   637 W android.permission.PermissionManager: Missing ActivityManager; assuming 1000 holds android.permission.SET_PREFERRED_APPLICATIONS
04-07 16:24:58.767   637   637 W android.permission.PermissionManager: Missing ActivityManager; assuming 1000 holds android.permission.SET_PREFERRED_APPLICATIONS
04-07 16:24:58.768   637   637 W android.permission.PermissionManager: Missing ActivityManager; assuming 1000 holds android.permission.SET_PREFERRED_APPLICATIONS
04-07 16:24:58.768   637   637 W android.permission.PermissionManager: Missing ActivityManager; assuming 1000 holds android.permission.SET_PREFERRED_APPLICATIONS
04-07 16:24:58.768   637   637 W android.permission.PermissionManager: Missing ActivityManager; assuming 1000 holds android.permission.SET_PREFERRED_APPLICATIONS
04-07 16:24:58.768   637   637 W android.permission.PermissionManager: Missing ActivityManager; assuming 1000 holds android.permission.SET_PREFERRED_APPLICATIONS
04-07 16:24:58.768   637   637 W android.permission.PermissionManager: Missing ActivityManager; assuming 1000 holds android.permission.SET_PREFERRED_APPLICATIONS
04-07 16:24:58.768   637   637 W android.permission.PermissionManager: Missing ActivityManager; assuming 1000 holds android.permission.SET_PREFERRED_APPLICATIONS
04-07 16:24:58.768   637   637 W android.permission.PermissionManager: Missing ActivityManager; assuming 1000 holds android.permission.SET_PREFERRED_APPLICATIONS
04-07 16:24:58.773   637   637 W PackageSettings: Missing permission state for package: com.android.cts.priv.ctsshim
04-07 16:24:58.773   637   637 W PackageSettings: Missing permission state for package: com.android.internal.display.cutout.emulation.corner
04-07 16:24:58.773   637   637 W PackageSettings: Missing permission state for package: com.android.internal.display.cutout.emulation.double
04-07 16:24:58.773   637   637 W PackageSettings: Missing permission state for package: com.android.internal.systemui.navbar.gestural_wide_back
04-07 16:24:58.773   637   637 W PackageSettings: Missing permission state for package: com.android.htmlviewer
04-07 16:24:58.773   637   637 W PackageSettings: Missing permission state for package: com.android.internal.systemui.onehanded.gestural
04-07 16:24:58.773   637   637 W PackageSettings: Missing permission state for package: com.android.simappdialog
04-07 16:24:58.773   637   637 W PackageSettings: Missing permission state for package: com.android.connectivity.resources
04-07 16:24:58.773   637   637 W PackageSettings: Missing permission state for package: com.android.internal.display.cutout.emulation.hole
04-07 16:24:58.773   637   637 W PackageSettings: Missing permission state for package: com.android.internal.display.cutout.emulation.tall
04-07 16:24:58.773   637   637 W PackageSettings: Missing permission state for package: com.android.modulemetadata
04-07 16:24:58.773   637   637 W PackageSettings: Missing permission state for package: com.rockchip.overlay.pinnerservice
04-07 16:24:58.773   637   637 W PackageSettings: Missing permission state for package: com.android.internal.systemui.navbar.threebutton
04-07 16:24:58.773   637   637 W PackageSettings: Missing permission state for package: com.android.internal.systemui.navbar.gestural_extra_wide_back
04-07 16:24:58.773   637   637 W PackageSettings: Missing permission state for package: com.android.dreams.basic
04-07 16:24:58.773   637   637 W PackageSettings: Missing permission state for package: android.ext.shared
04-07 16:24:58.773   637   637 W PackageSettings: Missing permission state for package: com.android.wifi.resources
04-07 16:24:58.773   637   637 W PackageSettings: Missing permission state for package: com.android.cameraextensions
04-07 16:24:58.773   637   637 W PackageSettings: Missing permission state for package: com.android.theme.font.notoserifsource
04-07 16:24:58.773   637   637 W PackageSettings: Missing permission state for package: com.android.internal.display.cutout.emulation.waterfall
04-07 16:24:58.774   637   637 W PackageSettings: Missing permission state for package: com.android.bookmarkprovider
04-07 16:24:58.774   637   637 W PackageSettings: Missing permission state for package: com.android.calculator2
04-07 16:24:58.774   637   637 W PackageSettings: Missing permission state for package: com.android.cts.ctsshim
04-07 16:24:58.774   637   637 W PackageSettings: Missing permission state for package: com.android.internal.systemui.navbar.gestural
04-07 16:24:58.774   637   637 W PackageSettings: Missing permission state for package: com.android.internal.systemui.navbar.gestural_narrow_back
04-07 16:24:58.774   637   637 W PackageSettings: Missing permission state for package: android.auto_generated_rro_vendor__
04-07 16:24:58.774   637   637 W PackageSettings: Missing permission state for shared user: android.uid.log
04-07 16:24:58.774   637   637 W PackageSettings: Missing permission state for shared user: android.uid.uwb
04-07 16:24:58.775   637   637 V PackageManagerTiming: read user settings took to complete: 39ms
04-07 16:24:58.780   637   637 D PackageManager: Keeping known cache 22aefb89c034b2815e2c8753a616fd7677ea8a53
04-07 16:24:58.780   637   637 W PackageManager: Wiping cache directory because the system partition changed.
04-07 16:24:58.781   637   637 D PackageManager: No files in app dir /system_ext/overlay
04-07 16:24:58.783   637   637 I PackageBackwardCompatibility: Loaded android.content.pm.AndroidTestBaseUpdater
04-07 16:24:58.783   637   637 D CompatibilityChangeReporter: Compat change id reported: 143539591; UID -1; state: ENABLED
04-07 16:24:58.786   637   637 D PackageManager: No files in app dir /oem/overlay
04-07 16:24:58.786   637   637 D PackageManager: No files in app dir /odm/overlay
04-07 16:24:58.787   637   637 W PackageManager: Failed to parse /system/framework/arm64: Missing base APK in /system/framework/arm64
04-07 16:24:58.787   637   637 W PackageManager: Failed to parse /system/framework/oat: Missing base APK in /system/framework/oat
04-07 16:24:58.787   637   637 W PackageManager: Failed to parse /system/framework/arm: Missing base APK in /system/framework/arm
04-07 16:24:58.796   637   637 D CompatibilityChangeReporter: Compat change id reported: 143539591; UID -1; state: DISABLED
04-07 16:24:58.796   637   637 D CompatibilityChangeReporter: Compat change id reported: 168782947; UID -1; state: DISABLED
04-07 16:24:58.800   373   373 I libsr   :  CheckVersion,line=219 SrLib: VERSION=SR-2.0.5, caller VERSION=SR-2.0.5
04-07 16:24:58.800   373   373 E libsr   :  Init,line=149 TryAuth fail, please check license.
04-07 16:24:58.800   373   373 I libsr   :  CheckVersion,line=219 SrLib: VERSION=SR-2.0.5, caller VERSION=SR-2.0.5
04-07 16:24:58.800   373   373 E libsr   :  Init,line=149 TryAuth fail, please check license.
04-07 16:24:58.803   637   637 D CompatibilityChangeReporter: Compat change id reported: 168782947; UID -1; state: ENABLED
04-07 16:24:58.823   637   637 D PackageManager: No files in app dir /vendor/priv-app
04-07 16:24:58.824   637   637 D PackageManager: No files in app dir /odm/priv-app
04-07 16:24:58.824   637   637 D PackageManager: No files in app dir /odm/app
04-07 16:24:58.824   637   637 D PackageManager: No files in app dir /oem/app
04-07 16:24:58.833   373   373 I libsr   :  CheckVersion,line=219 SrLib: VERSION=SR-2.0.5, caller VERSION=SR-2.0.5
04-07 16:24:58.833   373   373 E libsr   :  Init,line=149 TryAuth fail, please check license.
04-07 16:24:58.833   373   373 I libsr   :  CheckVersion,line=219 SrLib: VERSION=SR-2.0.5, caller VERSION=SR-2.0.5
04-07 16:24:58.833   373   373 E libsr   :  Init,line=149 TryAuth fail, please check license.
04-07 16:24:58.849   637   637 D PackageManager: No files in app dir /apex/com.android.vndk.v32/priv-app
04-07 16:24:58.849   637   637 D PackageManager: No files in app dir /apex/com.android.vndk.v32/app
04-07 16:24:58.849   637   637 D PackageManager: No files in app dir /apex/com.android.tzdata/priv-app
04-07 16:24:58.849   637   637 D PackageManager: No files in app dir /apex/com.android.tzdata/app
04-07 16:24:58.850   637   637 D PackageManager: No files in app dir /apex/com.android.tethering/app
04-07 16:24:58.850   637   637 D PackageManager: No files in app dir /apex/com.android.sdkext/priv-app
04-07 16:24:58.851   637   637 D PackageManager: No files in app dir /apex/com.android.sdkext/app
04-07 16:24:58.851   637   637 D PackageManager: No files in app dir /apex/com.android.scheduling/priv-app
04-07 16:24:58.851   637   637 D PackageManager: No files in app dir /apex/com.android.scheduling/app
04-07 16:24:58.851   637   637 D PackageManager: No files in app dir /apex/com.android.runtime/priv-app
04-07 16:24:58.851   637   637 D PackageManager: No files in app dir /apex/com.android.runtime/app
04-07 16:24:58.851   637   637 D PackageManager: No files in app dir /apex/com.android.resolv/priv-app
04-07 16:24:58.851   637   637 D PackageManager: No files in app dir /apex/com.android.resolv/app
04-07 16:24:58.852   637   637 D PackageManager: No files in app dir /apex/com.android.permission/app
04-07 16:24:58.852   637   637 D PackageManager: No files in app dir /apex/com.android.os.statsd/priv-app
04-07 16:24:58.852   637   637 D PackageManager: No files in app dir /apex/com.android.os.statsd/app
04-07 16:24:58.852   637   637 D PackageManager: No files in app dir /apex/com.android.neuralnetworks/priv-app
04-07 16:24:58.852   637   637 D PackageManager: No files in app dir /apex/com.android.neuralnetworks/app
04-07 16:24:58.853   637   637 D PackageManager: No files in app dir /apex/com.android.mediaprovider/app
04-07 16:24:58.853   637   637 D PackageManager: No files in app dir /apex/com.android.media.swcodec/priv-app
04-07 16:24:58.853   637   637 D PackageManager: No files in app dir /apex/com.android.media.swcodec/app
04-07 16:24:58.853   637   637 D PackageManager: No files in app dir /apex/com.android.media/priv-app
04-07 16:24:58.853   637   637 D PackageManager: No files in app dir /apex/com.android.media/app
04-07 16:24:58.853   637   637 D PackageManager: No files in app dir /apex/com.android.ipsec/priv-app
04-07 16:24:58.853   637   637 D PackageManager: No files in app dir /apex/com.android.ipsec/app
04-07 16:24:58.854   637   637 D PackageManager: No files in app dir /apex/com.android.i18n/priv-app
04-07 16:24:58.854   637   637 D PackageManager: No files in app dir /apex/com.android.i18n/app
04-07 16:24:58.855   637   637 D PackageManager: No files in app dir /apex/com.android.extservices/app
04-07 16:24:58.855   637   637 D PackageManager: No files in app dir /apex/com.android.conscrypt/priv-app
04-07 16:24:58.855   637   637 D PackageManager: No files in app dir /apex/com.android.conscrypt/app
04-07 16:24:58.855   637   637 D PackageManager: No files in app dir /apex/com.android.art/priv-app
04-07 16:24:58.855   637   637 D PackageManager: No files in app dir /apex/com.android.art/app
04-07 16:24:58.855   637   637 D PackageManager: No files in app dir /apex/com.android.appsearch/priv-app
04-07 16:24:58.855   637   637 D PackageManager: No files in app dir /apex/com.android.appsearch/app
04-07 16:24:58.855   637   637 D PackageManager: No files in app dir /apex/com.android.adbd/priv-app
04-07 16:24:58.855   637   637 D PackageManager: No files in app dir /apex/com.android.adbd/app
04-07 16:24:58.855   637   637 D PackageManager: No files in app dir /odm/bundled_persist-app
04-07 16:24:58.855   637   637 D PackageManager: No files in app dir /odm/bundled_uninstall_back-app
04-07 16:24:58.855   637   637 D PackageManager: No files in app dir /odm/bundled_uninstall_gone-app
04-07 16:24:58.857   637   637 I PackageManager: Finished scanning system apps. Time: 77 ms, packageCount: 108 , timePerPackage: 0 , cached: 108
04-07 16:24:58.861   637   637 D CompatibilityChangeReporter: Compat change id reported: 133396946; UID -1; state: ENABLED
04-07 16:24:58.863   637   637 D CompatibilityChangeReporter: Compat change id reported: 133396946; UID -1; state: DISABLED
04-07 16:24:58.866   373   373 I libsr   :  CheckVersion,line=219 SrLib: VERSION=SR-2.0.5, caller VERSION=SR-2.0.5
04-07 16:24:58.866   373   373 E libsr   :  Init,line=149 TryAuth fail, please check license.
04-07 16:24:58.866   373   373 I libsr   :  CheckVersion,line=219 SrLib: VERSION=SR-2.0.5, caller VERSION=SR-2.0.5
04-07 16:24:58.866   373   373 E libsr   :  Init,line=149 TryAuth fail, please check license.
04-07 16:24:58.894   637   689 W PackageParsing: Ignoring duplicate uses-permissions/uses-permissions-sdk-m: android.permission.SET_TIME_ZONE in package: com.pudutech.robot.vacuum at: Binary XML file line #29
04-07 16:24:58.896   637   689 D CompatibilityChangeReporter: Compat change id reported: 150232615; UID -1; state: DISABLED
04-07 16:24:58.900   373   373 I libsr   :  CheckVersion,line=219 SrLib: VERSION=SR-2.0.5, caller VERSION=SR-2.0.5
04-07 16:24:58.900   373   373 E libsr   :  Init,line=149 TryAuth fail, please check license.
04-07 16:24:58.900   373   373 I libsr   :  CheckVersion,line=219 SrLib: VERSION=SR-2.0.5, caller VERSION=SR-2.0.5
04-07 16:24:58.900   373   373 E libsr   :  Init,line=149 TryAuth fail, please check license.
04-07 16:24:58.902   637   637 I PackageManager: Finished scanning non-system apps. Time: 46 ms, packageCount: 6 , timePerPackage: 7 , cached: 3
04-07 16:24:58.905   637   637 I PackageManager: Time to scan packages: 0.126 seconds
04-07 16:24:58.905   637   637 I PackageManager: Permission ownership changed. Updating all permissions.
04-07 16:24:58.911   637   637 V PackageManager: reconcileAppsData for null u0 0x1 migrateAppData=true
04-07 16:24:58.914   497   521 I SELinux : SELinux: Loaded file_contexts
