04-07 16:24:55.837   423   423 D LibBpfLoader: map_fd found at 3 is 10 in /system/etc/bpf/time_in_state.o
04-07 16:24:55.837   423   423 D LibBpfLoader: map_fd found at 4 is 11 in /system/etc/bpf/time_in_state.o
04-07 16:24:55.837   423   423 D LibBpfLoader: map_fd found at 5 is 12 in /system/etc/bpf/time_in_state.o
04-07 16:24:55.837   423   423 D LibBpfLoader: map_fd found at 6 is 13 in /system/etc/bpf/time_in_state.o
04-07 16:24:55.837   423   423 D LibBpfLoader: map_fd found at 7 is 14 in /system/etc/bpf/time_in_state.o
04-07 16:24:55.837   423   423 D LibBpfLoader: map_fd found at 8 is 15 in /system/etc/bpf/time_in_state.o
04-07 16:24:55.837   423   423 D LibBpfLoader: map_fd found at 9 is 16 in /system/etc/bpf/time_in_state.o
04-07 16:24:55.837   423   423 D LibBpfLoader: map_fd found at 10 is 17 in /system/etc/bpf/time_in_state.o
04-07 16:24:55.837   423   423 D LibBpfLoader: map_fd found at 11 is 18 in /system/etc/bpf/time_in_state.o
04-07 16:24:55.837   423   423 D LibBpfLoader: map_fd found at 12 is 19 in /system/etc/bpf/time_in_state.o
04-07 16:24:55.837   423   423 D LibBpfLoader: map_fd found at 13 is 20 in /system/etc/bpf/time_in_state.o
04-07 16:24:55.838   423   423 D LibBpfLoader: applying relo to instruction at byte offset: 40, 	       insn offset 5 , insn 118
04-07 16:24:55.838   423   423 D LibBpfLoader: applying relo to instruction at byte offset: 128, 	       insn offset 16 , insn 118
04-07 16:24:55.838   423   423 D LibBpfLoader: applying relo to instruction at byte offset: 200, 	       insn offset 25 , insn 118
04-07 16:24:55.838   423   423 D LibBpfLoader: applying relo to instruction at byte offset: 264, 	       insn offset 33 , insn 118
04-07 16:24:55.838   423   423 D LibBpfLoader: applying relo to instruction at byte offset: 504, 	       insn offset 63 , insn 118
04-07 16:24:55.838   423   423 D LibBpfLoader: applying relo to instruction at byte offset: 640, 	       insn offset 80 , insn 118
04-07 16:24:55.838   423   423 D LibBpfLoader: applying relo to instruction at byte offset: 1000, 	       insn offset 125 , insn 118
04-07 16:24:55.838   423   423 D LibBpfLoader: applying relo to instruction at byte offset: 1040, 	       insn offset 130 , insn 118
04-07 16:24:55.838   423   423 D LibBpfLoader: applying relo to instruction at byte offset: 1216, 	       insn offset 152 , insn 118
04-07 16:24:55.838   423   423 D LibBpfLoader: applying relo to instruction at byte offset: 1344, 	       insn offset 168 , insn 118
04-07 16:24:55.838   423   423 D LibBpfLoader: applying relo to instruction at byte offset: 1440, 	       insn offset 180 , insn 118
04-07 16:24:55.838   423   423 D LibBpfLoader: applying relo to instruction at byte offset: 1536, 	       insn offset 192 , insn 118
04-07 16:24:55.838   423   423 D LibBpfLoader: applying relo to instruction at byte offset: 1864, 	       insn offset 233 , insn 118
04-07 16:24:55.838   423   423 D LibBpfLoader: applying relo to instruction at byte offset: 1904, 	       insn offset 238 , insn 118
04-07 16:24:55.838   423   423 D LibBpfLoader: applying relo to instruction at byte offset: 2080, 	       insn offset 260 , insn 118
04-07 16:24:55.838   423   423 D LibBpfLoader: applying relo to instruction at byte offset: 2288, 	       insn offset 286 , insn 118
04-07 16:24:55.838   423   423 D LibBpfLoader: applying relo to instruction at byte offset: 2328, 	       insn offset 291 , insn 118
04-07 16:24:55.838   423   423 D LibBpfLoader: applying relo to instruction at byte offset: 2504, 	       insn offset 313 , insn 118
04-07 16:24:55.838   423   423 D LibBpfLoader: applying relo to instruction at byte offset: 2712, 	       insn offset 339 , insn 118
04-07 16:24:55.838   423   423 D LibBpfLoader: applying relo to instruction at byte offset: 2752, 	       insn offset 344 , insn 118
04-07 16:24:55.838   423   423 D LibBpfLoader: applying relo to instruction at byte offset: 2864, 	       insn offset 358 , insn 118
04-07 16:24:55.838   423   423 D LibBpfLoader: applying relo to instruction at byte offset: 2952, 	       insn offset 369 , insn 118
04-07 16:24:55.838   423   423 D LibBpfLoader: applying relo to instruction at byte offset: 3056, 	       insn offset 382 , insn 118
04-07 16:24:55.838   423   423 D LibBpfLoader: applying relo to instruction at byte offset: 3160, 	       insn offset 395 , insn 118
04-07 16:24:55.838   423   423 D LibBpfLoader: applying relo to instruction at byte offset: 3264, 	       insn offset 408 , insn 118
04-07 16:24:55.838   423   423 D LibBpfLoader: applying relo to instruction at byte offset: 3368, 	       insn offset 421 , insn 118
04-07 16:24:55.838   423   423 D LibBpfLoader: applying relo to instruction at byte offset: 3472, 	       insn offset 434 , insn 118
04-07 16:24:55.838   423   423 D LibBpfLoader: applying relo to instruction at byte offset: 3576, 	       insn offset 447 , insn 118
04-07 16:24:55.838   423   423 D LibBpfLoader: applying relo to instruction at byte offset: 3688, 	       insn offset 461 , insn 118
04-07 16:24:55.838   423   423 D LibBpfLoader: applying relo to instruction at byte offset: 40, 	       insn offset 5 , insn 118
04-07 16:24:55.838   423   423 D LibBpfLoader: applying relo to instruction at byte offset: 120, 	       insn offset 15 , insn 118
04-07 16:24:55.838   423   423 D LibBpfLoader: applying relo to instruction at byte offset: 200, 	       insn offset 25 , insn 118
04-07 16:24:55.838   423   423 D LibBpfLoader: applying relo to instruction at byte offset: 48, 	       insn offset 6 , insn 118
04-07 16:24:55.838   423   423 D LibBpfLoader: applying relo to instruction at byte offset: 200, 	       insn offset 25 , insn 118
04-07 16:24:55.838   423   423 D LibBpfLoader: applying relo to instruction at byte offset: 328, 	       insn offset 41 , insn 118
04-07 16:24:55.838   423   423 D LibBpfLoader: applying relo to instruction at byte offset: 456, 	       insn offset 57 , insn 118
04-07 16:24:55.838   423   423 D LibBpfLoader: applying relo to instruction at byte offset: 584, 	       insn offset 73 , insn 118
04-07 16:24:55.838   423   423 D LibBpfLoader: applying relo to instruction at byte offset: 712, 	       insn offset 89 , insn 118
04-07 16:24:55.838   423   423 D LibBpfLoader: applying relo to instruction at byte offset: 840, 	       insn offset 105 , insn 118
04-07 16:24:55.838   423   423 D LibBpfLoader: applying relo to instruction at byte offset: 968, 	       insn offset 121 , insn 118
04-07 16:24:55.838   423   423 D LibBpfLoader: applying relo to instruction at byte offset: 1104, 	       insn offset 138 , insn 118
04-07 16:24:55.838   423   423 D LibBpfLoader: applying relo to instruction at byte offset: 1144, 	       insn offset 143 , insn 118
04-07 16:24:55.838   423   423 D LibBpfLoader: cs[0].name:tracepoint_sched_sched_switch min_kver:0 .max_kver:ffffffff (kvers:50a00a0)
04-07 16:24:55.838   423   423 D LibBpfLoader: cs[0].name:tracepoint_sched_sched_switch requires bpfloader version [0x00000,0x10000)
04-07 16:24:55.839   423   423 D LibBpfLoader: bpf_prog_load lib call for /system/etc/bpf/time_in_state.o (tracepoint_sched_sched_switch) returned fd: 21 (no error)
04-07 16:24:55.839   423   423 D LibBpfLoader: cs[1].name:tracepoint_power_cpu_frequency min_kver:0 .max_kver:ffffffff (kvers:50a00a0)
04-07 16:24:55.839   423   423 D LibBpfLoader: cs[1].name:tracepoint_power_cpu_frequency requires bpfloader version [0x00000,0x10000)
04-07 16:24:55.839   423   423 D LibBpfLoader: bpf_prog_load lib call for /system/etc/bpf/time_in_state.o (tracepoint_power_cpu_frequency) returned fd: 22 (no error)
04-07 16:24:55.839   423   423 D LibBpfLoader: cs[2].name:tracepoint_sched_sched_process_free min_kver:0 .max_kver:ffffffff (kvers:50a00a0)
04-07 16:24:55.839   423   423 D LibBpfLoader: cs[2].name:tracepoint_sched_sched_process_free requires bpfloader version [0x00000,0x10000)
04-07 16:24:55.840   423   423 D LibBpfLoader: bpf_prog_load lib call for /system/etc/bpf/time_in_state.o (tracepoint_sched_sched_process_free) returned fd: 23 (no error)
04-07 16:24:55.840   423   423 I bpfloader: Loaded object: /system/etc/bpf/time_in_state.o
04-07 16:24:55.841   423   423 D LibBpfLoader: Loading optional ELF object /system/etc/bpf/gpu_mem.o with license Apache 2.0
04-07 16:24:55.841   423   423 I LibBpfLoader: Section bpfloader_min_ver value is 0 [0x0]
04-07 16:24:55.841   423   423 I LibBpfLoader: Section bpfloader_max_ver value is 65536 [0x10000]
04-07 16:24:55.841   423   423 I LibBpfLoader: Section size_of_bpf_map_def value is 48 [0x30]
04-07 16:24:55.841   423   423 I LibBpfLoader: Section size_of_bpf_prog_def value is 28 [0x1c]
04-07 16:24:55.841   423   423 I LibBpfLoader: BpfLoader version 0x00002 processing ELF object /system/etc/bpf/gpu_mem.o with ver [0x00000,0x10000)
04-07 16:24:55.841   423   423 D LibBpfLoader: Loaded code section 3 (tracepoint_gpu_mem_gpu_mem_total)
04-07 16:24:55.841   423   423 D LibBpfLoader: Loaded relo section 3 (.reltracepoint/gpu_mem/gpu_mem_total)
04-07 16:24:55.841   423   423 D LibBpfLoader: Adding section 3 to cs list
04-07 16:24:55.841   423   423 D LibBpfLoader: bpf_create_map name gpu_mem_total_map, ret: 7
04-07 16:24:55.841   423   423 D LibBpfLoader: map_fd found at 0 is 7 in /system/etc/bpf/gpu_mem.o
04-07 16:24:55.841   423   423 D LibBpfLoader: applying relo to instruction at byte offset: 80, 	       insn offset 10 , insn 118
04-07 16:24:55.841   423   423 D LibBpfLoader: applying relo to instruction at byte offset: 128, 	       insn offset 16 , insn 118
04-07 16:24:55.841   423   423 D LibBpfLoader: applying relo to instruction at byte offset: 208, 	       insn offset 26 , insn 118
04-07 16:24:55.841   423   423 D LibBpfLoader: cs[0].name:tracepoint_gpu_mem_gpu_mem_total min_kver:0 .max_kver:ffffffff (kvers:50a00a0)
04-07 16:24:55.841   423   423 D LibBpfLoader: cs[0].name:tracepoint_gpu_mem_gpu_mem_total requires bpfloader version [0x00000,0x10000)
04-07 16:24:55.841   423   423 D LibBpfLoader: bpf_prog_load lib call for /system/etc/bpf/gpu_mem.o (tracepoint_gpu_mem_gpu_mem_total) returned fd: 8 (no error)
04-07 16:24:55.841   423   423 I bpfloader: Loaded object: /system/etc/bpf/gpu_mem.o
04-07 16:24:55.842   423   423 D LibBpfLoader: Loading critical for netd ELF object /system/etc/bpf/clatd.o with license Apache 2.0
04-07 16:24:55.842   423   423 I LibBpfLoader: Section bpfloader_min_ver value is 0 [0x0]
04-07 16:24:55.842   423   423 I LibBpfLoader: Section bpfloader_max_ver value is 65536 [0x10000]
04-07 16:24:55.842   423   423 I LibBpfLoader: Section size_of_bpf_map_def value is 48 [0x30]
04-07 16:24:55.842   423   423 I LibBpfLoader: Section size_of_bpf_prog_def value is 28 [0x1c]
04-07 16:24:55.842   423   423 I LibBpfLoader: BpfLoader version 0x00002 processing ELF object /system/etc/bpf/clatd.o with ver [0x00000,0x10000)
04-07 16:24:55.842   423   423 D LibBpfLoader: Loaded code section 3 (schedcls_ingress6_clat_ether)
04-07 16:24:55.843   423   423 D LibBpfLoader: Loaded relo section 3 (.relschedcls/ingress6/clat_ether)
04-07 16:24:55.843   423   423 D LibBpfLoader: Adding section 3 to cs list
04-07 16:24:55.843   423   423 D LibBpfLoader: Loaded code section 5 (schedcls_ingress6_clat_rawip)
04-07 16:24:55.843   423   423 D LibBpfLoader: Loaded relo section 5 (.relschedcls/ingress6/clat_rawip)
04-07 16:24:55.843   423   423 D LibBpfLoader: Adding section 5 to cs list
04-07 16:24:55.843   423   423 D LibBpfLoader: Loaded code section 7 (schedcls_egress4_clat_ether)
04-07 16:24:55.843   423   423 D LibBpfLoader: Adding section 7 to cs list
04-07 16:24:55.843   423   423 D LibBpfLoader: Loaded code section 8 (schedcls_egress4_clat_rawip)
04-07 16:24:55.843   423   423 D LibBpfLoader: Loaded relo section 8 (.relschedcls/egress4/clat_rawip)
04-07 16:24:55.843   423   423 D LibBpfLoader: Adding section 8 to cs list
04-07 16:24:55.843   423   423 D LibBpfLoader: bpf_create_map name clat_ingress6_map, ret: 7
04-07 16:24:55.843   423   423 D LibBpfLoader: bpf_create_map name clat_egress4_map, ret: 8
04-07 16:24:55.843   423   423 D LibBpfLoader: map_fd found at 0 is 7 in /system/etc/bpf/clatd.o
04-07 16:24:55.843   423   423 D LibBpfLoader: map_fd found at 1 is 8 in /system/etc/bpf/clatd.o
04-07 16:24:55.843   423   423 D LibBpfLoader: applying relo to instruction at byte offset: 408, 	       insn offset 51 , insn 118
04-07 16:24:55.843   423   423 D LibBpfLoader: applying relo to instruction at byte offset: 352, 	       insn offset 44 , insn 118
04-07 16:24:55.843   423   423 D LibBpfLoader: applying relo to instruction at byte offset: 520, 	       insn offset 65 , insn 118
04-07 16:24:55.843   423   423 D LibBpfLoader: cs[0].name:schedcls_ingress6_clat_ether min_kver:0 .max_kver:ffffffff (kvers:50a00a0)
04-07 16:24:55.843   423   423 D LibBpfLoader: cs[0].name:schedcls_ingress6_clat_ether requires bpfloader version [0x00000,0x10000)
04-07 16:24:55.844   423   423 D LibBpfLoader: bpf_prog_load lib call for /system/etc/bpf/clatd.o (schedcls_ingress6_clat_ether) returned fd: 9 (no error)
04-07 16:24:55.844   423   423 D LibBpfLoader: cs[1].name:schedcls_ingress6_clat_rawip min_kver:0 .max_kver:ffffffff (kvers:50a00a0)
04-07 16:24:55.844   423   423 D LibBpfLoader: cs[1].name:schedcls_ingress6_clat_rawip requires bpfloader version [0x00000,0x10000)
04-07 16:24:55.844   423   423 D LibBpfLoader: bpf_prog_load lib call for /system/etc/bpf/clatd.o (schedcls_ingress6_clat_rawip) returned fd: 10 (no error)
04-07 16:24:55.844   423   423 D LibBpfLoader: cs[2].name:schedcls_egress4_clat_ether min_kver:0 .max_kver:ffffffff (kvers:50a00a0)
04-07 16:24:55.844   423   423 D LibBpfLoader: cs[2].name:schedcls_egress4_clat_ether requires bpfloader version [0x00000,0x10000)
04-07 16:24:55.844   423   423 D LibBpfLoader: bpf_prog_load lib call for /system/etc/bpf/clatd.o (schedcls_egress4_clat_ether) returned fd: 11 (no error)
04-07 16:24:55.844   423   423 D LibBpfLoader: cs[3].name:schedcls_egress4_clat_rawip min_kver:0 .max_kver:ffffffff (kvers:50a00a0)
04-07 16:24:55.844   423   423 D LibBpfLoader: cs[3].name:schedcls_egress4_clat_rawip requires bpfloader version [0x00000,0x10000)
04-07 16:24:55.844   423   423 D LibBpfLoader: bpf_prog_load lib call for /system/etc/bpf/clatd.o (schedcls_egress4_clat_rawip) returned fd: 12 (no error)
04-07 16:24:55.844   423   423 I bpfloader: Loaded object: /system/etc/bpf/clatd.o
04-07 16:24:55.845   423   423 D LibBpfLoader: Loading critical for netd ELF object /system/etc/bpf/netd.o with license Apache 2.0
04-07 16:24:55.846   423   423 I LibBpfLoader: Section bpfloader_min_ver value is 0 [0x0]
04-07 16:24:55.846   423   423 I LibBpfLoader: Section bpfloader_max_ver value is 65536 [0x10000]
04-07 16:24:55.846   423   423 I LibBpfLoader: Section size_of_bpf_map_def value is 48 [0x30]
04-07 16:24:55.846   423   423 I LibBpfLoader: Section size_of_bpf_prog_def value is 28 [0x1c]
04-07 16:24:55.846   423   423 I LibBpfLoader: BpfLoader version 0x00002 processing ELF object /system/etc/bpf/netd.o with ver [0x00000,0x10000)
04-07 16:24:55.846   423   423 D LibBpfLoader: Loaded code section 3 (cgroupskb_ingress_stats)
04-07 16:24:55.846   423   423 D LibBpfLoader: Loaded relo section 3 (.relcgroupskb/ingress/stats)
04-07 16:24:55.846   423   423 D LibBpfLoader: Adding section 3 to cs list
04-07 16:24:55.846   423   423 D LibBpfLoader: Loaded code section 5 (cgroupskb_egress_stats)
04-07 16:24:55.847   423   423 D LibBpfLoader: Loaded relo section 5 (.relcgroupskb/egress/stats)
04-07 16:24:55.847   423   423 D LibBpfLoader: Adding section 5 to cs list
04-07 16:24:55.847   423   423 D LibBpfLoader: Loaded code section 7 (skfilter_egress_xtbpf)
04-07 16:24:55.847   423   423 D LibBpfLoader: Loaded relo section 7 (.relskfilter/egress/xtbpf)
04-07 16:24:55.847   423   423 D LibBpfLoader: Adding section 7 to cs list
04-07 16:24:55.847   423   423 D LibBpfLoader: Loaded code section 9 (skfilter_ingress_xtbpf)
04-07 16:24:55.847   423   423 D LibBpfLoader: Loaded relo section 9 (.relskfilter/ingress/xtbpf)
04-07 16:24:55.847   423   423 D LibBpfLoader: Adding section 9 to cs list
04-07 16:24:55.847   423   423 D LibBpfLoader: Loaded code section 11 (skfilter_allowlist_xtbpf)
04-07 16:24:55.847   423   423 D LibBpfLoader: Loaded relo section 11 (.relskfilter/allowlist/xtbpf)
04-07 16:24:55.847   423   423 D LibBpfLoader: Adding section 11 to cs list
04-07 16:24:55.847   423   423 D LibBpfLoader: Loaded code section 13 (skfilter_denylist_xtbpf)
04-07 16:24:55.847   423   423 D LibBpfLoader: Loaded relo section 13 (.relskfilter/denylist/xtbpf)
04-07 16:24:55.847   423   423 D LibBpfLoader: Adding section 13 to cs list
04-07 16:24:55.847   423   423 D LibBpfLoader: Loaded code section 15 (cgroupsock_inet_create)
04-07 16:24:55.847   423   423 D LibBpfLoader: Loaded relo section 15 (.relcgroupsock/inet/create)
04-07 16:24:55.847   423   423 D LibBpfLoader: Adding section 15 to cs list
04-07 16:24:55.848   423   423 D LibBpfLoader: bpf_create_map name cookie_tag_map, ret: 7
04-07 16:24:55.848   423   423 D LibBpfLoader: bpf_create_map name uid_counterset_map, ret: 8
04-07 16:24:55.849   423   423 D LibBpfLoader: bpf_create_map name app_uid_stats_map, ret: 9
04-07 16:24:55.849   423   423 D LibBpfLoader: bpf_create_map name stats_map_A, ret: 10
04-07 16:24:55.849   423   423 D LibBpfLoader: bpf_create_map name stats_map_B, ret: 11
04-07 16:24:55.849   423   423 D LibBpfLoader: bpf_create_map name iface_stats_map, ret: 12
04-07 16:24:55.849   423   423 D LibBpfLoader: bpf_create_map name configuration_map, ret: 13
04-07 16:24:55.849   423   423 D LibBpfLoader: bpf_create_map name uid_owner_map, ret: 14
04-07 16:24:55.849   423   423 D LibBpfLoader: bpf_create_map name iface_index_name_map, ret: 15
04-07 16:24:55.849   423   423 D LibBpfLoader: bpf_create_map name uid_permission_map, ret: 16
04-07 16:24:55.849   423   423 D LibBpfLoader: map_fd found at 0 is 7 in /system/etc/bpf/netd.o
04-07 16:24:55.849   423   423 D LibBpfLoader: map_fd found at 1 is 8 in /system/etc/bpf/netd.o
04-07 16:24:55.849   423   423 D LibBpfLoader: map_fd found at 2 is 9 in /system/etc/bpf/netd.o
04-07 16:24:55.849   423   423 D LibBpfLoader: map_fd found at 3 is 10 in /system/etc/bpf/netd.o
04-07 16:24:55.849   423   423 D LibBpfLoader: map_fd found at 4 is 11 in /system/etc/bpf/netd.o
04-07 16:24:55.849   423   423 D LibBpfLoader: map_fd found at 5 is 12 in /system/etc/bpf/netd.o
04-07 16:24:55.849   423   423 D LibBpfLoader: map_fd found at 6 is 13 in /system/etc/bpf/netd.o
04-07 16:24:55.849   423   423 D LibBpfLoader: map_fd found at 7 is 14 in /system/etc/bpf/netd.o
04-07 16:24:55.849   423   423 D LibBpfLoader: map_fd found at 8 is 15 in /system/etc/bpf/netd.o
04-07 16:24:55.849   423   423 D LibBpfLoader: map_fd found at 9 is 16 in /system/etc/bpf/netd.o
04-07 16:24:55.849   423   423 D LibBpfLoader: applying relo to instruction at byte offset: 472, 	       insn offset 59 , insn 118
04-07 16:24:55.849   423   423 D LibBpfLoader: applying relo to instruction at byte offset: 544, 	       insn offset 68 , insn 118
04-07 16:24:55.850   423   423 D LibBpfLoader: applying relo to instruction at byte offset: 1008, 	       insn offset 126 , insn 118
04-07 16:24:55.850   423   423 D LibBpfLoader: applying relo to instruction at byte offset: 1304, 	       insn offset 163 , insn 118
04-07 16:24:55.850   423   423 D LibBpfLoader: applying relo to instruction at byte offset: 1384, 	       insn offset 173 , insn 118
04-07 16:24:55.850   423   423 D LibBpfLoader: applying relo to instruction at byte offset: 1488, 	       insn offset 186 , insn 118
04-07 16:24:55.850   423   423 D LibBpfLoader: applying relo to instruction at byte offset: 1600, 	       insn offset 200 , insn 118
04-07 16:24:55.850   423   423 D LibBpfLoader: applying relo to instruction at byte offset: 1640, 	       insn offset 205 , insn 118
04-07 16:24:55.850   423   423 D LibBpfLoader: applying relo to instruction at byte offset: 1992, 	       insn offset 249 , insn 118
04-07 16:24:55.850   423   423 D LibBpfLoader: applying relo to instruction at byte offset: 2104, 	       insn offset 263 , insn 118
04-07 16:24:55.850   423   423 D LibBpfLoader: applying relo to instruction at byte offset: 2144, 	       insn offset 268 , insn 118
04-07 16:24:55.850   423   423 D LibBpfLoader: applying relo to instruction at byte offset: 2424, 	       insn offset 303 , insn 118
04-07 16:24:55.850   423   423 D LibBpfLoader: applying relo to instruction at byte offset: 2528, 	       insn offset 316 , insn 118
04-07 16:24:55.850   423   423 D LibBpfLoader: applying relo to instruction at byte offset: 2568, 	       insn offset 321 , insn 118
04-07 16:24:55.850   423   423 D LibBpfLoader: applying relo to instruction at byte offset: 2712, 	       insn offset 339 , insn 118
04-07 16:24:55.850   423   423 D LibBpfLoader: applying relo to instruction at byte offset: 2816, 	       insn offset 352 , insn 118
04-07 16:24:55.850   423   423 D LibBpfLoader: applying relo to instruction at byte offset: 2856, 	       insn offset 357 , insn 118
04-07 16:24:55.850   423   423 D LibBpfLoader: applying relo to instruction at byte offset: 3088, 	       insn offset 386 , insn 118
04-07 16:24:55.850   423   423 D LibBpfLoader: applying relo to instruction at byte offset: 3192, 	       insn offset 399 , insn 118
04-07 16:24:55.850   423   423 D LibBpfLoader: applying relo to instruction at byte offset: 3232, 	       insn offset 404 , insn 118
04-07 16:24:55.850   423   423 D LibBpfLoader: applying relo to instruction at byte offset: 448, 	       insn offset 56 , insn 118
04-07 16:24:55.850   423   423 D LibBpfLoader: applying relo to instruction at byte offset: 520, 	       insn offset 65 , insn 118
04-07 16:24:55.850   423   423 D LibBpfLoader: applying relo to instruction at byte offset: 992, 	       insn offset 124 , insn 118
04-07 16:24:55.850   423   423 D LibBpfLoader: applying relo to instruction at byte offset: 1272, 	       insn offset 159 , insn 118
04-07 16:24:55.850   423   423 D LibBpfLoader: applying relo to instruction at byte offset: 1352, 	       insn offset 169 , insn 118
04-07 16:24:55.850   423   423 D LibBpfLoader: applying relo to instruction at byte offset: 1456, 	       insn offset 182 , insn 118
04-07 16:24:55.850   423   423 D LibBpfLoader: applying relo to instruction at byte offset: 1560, 	       insn offset 195 , insn 118
04-07 16:24:55.850   423   423 D LibBpfLoader: applying relo to instruction at byte offset: 1600, 	       insn offset 200 , insn 118
04-07 16:24:55.850   423   423 D LibBpfLoader: applying relo to instruction at byte offset: 1744, 	       insn offset 218 , insn 118
04-07 16:24:55.850   423   423 D LibBpfLoader: applying relo to instruction at byte offset: 1848, 	       insn offset 231 , insn 118
04-07 16:24:55.850   423   423 D LibBpfLoader: applying relo to instruction at byte offset: 1888, 	       insn offset 236 , insn 118
04-07 16:24:55.850   423   423 D LibBpfLoader: applying relo to instruction at byte offset: 2160, 	       insn offset 270 , insn 118
04-07 16:24:55.850   423   423 D LibBpfLoader: applying relo to instruction at byte offset: 2264, 	       insn offset 283 , insn 118
04-07 16:24:55.850   423   423 D LibBpfLoader: applying relo to instruction at byte offset: 2304, 	       insn offset 288 , insn 118
04-07 16:24:55.850   423   423 D LibBpfLoader: applying relo to instruction at byte offset: 2448, 	       insn offset 306 , insn 118
04-07 16:24:55.850   423   423 D LibBpfLoader: applying relo to instruction at byte offset: 2552, 	       insn offset 319 , insn 118
04-07 16:24:55.850   423   423 D LibBpfLoader: applying relo to instruction at byte offset: 2592, 	       insn offset 324 , insn 118
04-07 16:24:55.850   423   423 D LibBpfLoader: applying relo to instruction at byte offset: 2824, 	       insn offset 353 , insn 118
04-07 16:24:55.850   423   423 D LibBpfLoader: applying relo to instruction at byte offset: 2928, 	       insn offset 366 , insn 118
04-07 16:24:55.850   423   423 D LibBpfLoader: applying relo to instruction at byte offset: 2968, 	       insn offset 371 , insn 118
04-07 16:24:55.850   423   423 D LibBpfLoader: applying relo to instruction at byte offset: 88, 	       insn offset 11 , insn 118
04-07 16:24:55.850   423   423 D LibBpfLoader: applying relo to instruction at byte offset: 192, 	       insn offset 24 , insn 118
04-07 16:24:55.850   423   423 D LibBpfLoader: applying relo to instruction at byte offset: 232, 	       insn offset 29 , insn 118
04-07 16:24:55.850   423   423 D LibBpfLoader: applying relo to instruction at byte offset: 40, 	       insn offset 5 , insn 118
04-07 16:24:55.850   423   423 D LibBpfLoader: applying relo to instruction at byte offset: 144, 	       insn offset 18 , insn 118
04-07 16:24:55.850   423   423 D LibBpfLoader: applying relo to instruction at byte offset: 184, 	       insn offset 23 , insn 118
04-07 16:24:55.850   423   423 D LibBpfLoader: applying relo to instruction at byte offset: 136, 	       insn offset 17 , insn 118
04-07 16:24:55.850   423   423 D LibBpfLoader: applying relo to instruction at byte offset: 32, 	       insn offset 4 , insn 118
04-07 16:24:55.850   423   423 D LibBpfLoader: applying relo to instruction at byte offset: 80, 	       insn offset 10 , insn 118
04-07 16:24:55.850   423   423 D LibBpfLoader: cs[0].name:cgroupskb_ingress_stats min_kver:0 .max_kver:ffffffff (kvers:50a00a0)
04-07 16:24:55.850   423   423 D LibBpfLoader: cs[0].name:cgroupskb_ingress_stats requires bpfloader version [0x00000,0x10000)
04-07 16:24:55.851   423   423 D LibBpfLoader: bpf_prog_load lib call for /system/etc/bpf/netd.o (cgroupskb_ingress_stats) returned fd: 17 (no error)
04-07 16:24:55.851   423   423 D LibBpfLoader: cs[1].name:cgroupskb_egress_stats min_kver:0 .max_kver:ffffffff (kvers:50a00a0)
04-07 16:24:55.851   423   423 D LibBpfLoader: cs[1].name:cgroupskb_egress_stats requires bpfloader version [0x00000,0x10000)
04-07 16:24:55.852   423   423 D LibBpfLoader: bpf_prog_load lib call for /system/etc/bpf/netd.o (cgroupskb_egress_stats) returned fd: 18 (no error)
04-07 16:24:55.852   423   423 D LibBpfLoader: cs[2].name:skfilter_egress_xtbpf min_kver:0 .max_kver:ffffffff (kvers:50a00a0)
04-07 16:24:55.852   423   423 D LibBpfLoader: cs[2].name:skfilter_egress_xtbpf requires bpfloader version [0x00000,0x10000)
04-07 16:24:55.852   423   423 D LibBpfLoader: bpf_prog_load lib call for /system/etc/bpf/netd.o (skfilter_egress_xtbpf) returned fd: 19 (no error)
04-07 16:24:55.852   423   423 D LibBpfLoader: cs[3].name:skfilter_ingress_xtbpf min_kver:0 .max_kver:ffffffff (kvers:50a00a0)
04-07 16:24:55.852   423   423 D LibBpfLoader: cs[3].name:skfilter_ingress_xtbpf requires bpfloader version [0x00000,0x10000)
04-07 16:24:55.852   423   423 D LibBpfLoader: bpf_prog_load lib call for /system/etc/bpf/netd.o (skfilter_ingress_xtbpf) returned fd: 20 (no error)
04-07 16:24:55.852   423   423 D LibBpfLoader: cs[4].name:skfilter_allowlist_xtbpf min_kver:0 .max_kver:ffffffff (kvers:50a00a0)
04-07 16:24:55.852   423   423 D LibBpfLoader: cs[4].name:skfilter_allowlist_xtbpf requires bpfloader version [0x00000,0x10000)
04-07 16:24:55.852   423   423 D LibBpfLoader: bpf_prog_load lib call for /system/etc/bpf/netd.o (skfilter_allowlist_xtbpf) returned fd: 21 (no error)
04-07 16:24:55.852   423   423 D LibBpfLoader: cs[5].name:skfilter_denylist_xtbpf min_kver:0 .max_kver:ffffffff (kvers:50a00a0)
04-07 16:24:55.852   423   423 D LibBpfLoader: cs[5].name:skfilter_denylist_xtbpf requires bpfloader version [0x00000,0x10000)
04-07 16:24:55.852   423   423 D LibBpfLoader: bpf_prog_load lib call for /system/etc/bpf/netd.o (skfilter_denylist_xtbpf) returned fd: 22 (no error)
04-07 16:24:55.852   423   423 D LibBpfLoader: cs[6].name:cgroupsock_inet_create min_kver:40e0000 .max_kver:ffffffff (kvers:50a00a0)
04-07 16:24:55.852   423   423 D LibBpfLoader: cs[6].name:cgroupsock_inet_create requires bpfloader version [0x00000,0x10000)
04-07 16:24:55.852   423   423 D LibBpfLoader: bpf_prog_load lib call for /system/etc/bpf/netd.o (cgroupsock_inet_create) returned fd: 23 (no error)
04-07 16:24:55.852   423   423 I bpfloader: Loaded object: /system/etc/bpf/netd.o
04-07 16:24:55.863   328   328 I android.hardware.boot@1.2-impl: Info rk BootControl::getCurrentSlot 
04-07 16:24:55.863   328   328 I android.hardware.boot@1.2-service: rk BootControl module_getNumberSlots 
04-07 16:24:55.863   328   328 I android.hardware.boot@1.2-service: rk BootControl GetNumberSlots 
04-07 16:24:55.863   328   328 I android.hardware.boot@1.2-service: rk BootControl GetCurrentSlot 
04-07 16:24:55.863   328   328 I android.hardware.boot@1.2-impl: Info rk BootControl::isSlotMarkedSuccessful 
04-07 16:24:55.863   328   328 I android.hardware.boot@1.2-service: rk BootControl IsValidSlot 
04-07 16:24:55.863   328   328 I android.hardware.boot@1.2-service: rk BootControl IsSlotMarkedSuccessful 
04-07 16:24:55.863   328   328 I android.hardware.boot@1.2-service: rk BootControl GetNumberSlots 
04-07 16:24:55.873   263   263 I init    : type=1400 audit(0.0:17): avc: denied { setattr } for name="nfc" dev="mmcblk1p18" ino=2174817 scontext=u:r:vendor_init:s0 tcontext=u:object_r:system_data_file:s0 tclass=dir permissive=1
04-07 16:24:55.873   263   263 I init    : type=1400 audit(0.0:18): avc: denied { read } for name="nfc" dev="mmcblk1p18" ino=2174817 scontext=u:r:vendor_init:s0 tcontext=u:object_r:system_data_file:s0 tclass=dir permissive=1
04-07 16:24:55.873   263   263 I init    : type=1400 audit(0.0:19): avc: denied { open } for path="/data/nfc" dev="mmcblk1p18" ino=2174817 scontext=u:r:vendor_init:s0 tcontext=u:object_r:system_data_file:s0 tclass=dir permissive=1
04-07 16:24:55.873   263   263 I init    : type=1400 audit(0.0:20): avc: denied { ioctl } for path="/data/nfc" dev="mmcblk1p18" ino=2174817 ioctlcmd=0x6615 scontext=u:r:vendor_init:s0 tcontext=u:object_r:system_data_file:s0 tclass=dir permissive=1
04-07 16:24:55.890     1     1 I init    : type=1400 audit(0.0:21): avc: denied { create } for name="camera_tool" scontext=u:r:init:s0 tcontext=u:object_r:socket_device:s0 tclass=sock_file permissive=1
04-07 16:24:55.890     1     1 I init    : type=1400 audit(0.0:22): avc: denied { setattr } for name="camera_tool" dev="tmpfs" ino=609 scontext=u:r:init:s0 tcontext=u:object_r:socket_device:s0 tclass=sock_file permissive=1
04-07 16:24:55.900   430   430 I ServiceManager: Waiting for service 'statscompanion' on '/dev/binder'...
04-07 16:24:55.902   435   435 I HidlServiceManagement: Registered android.hidl.allocator@1.0::IAllocator/ashmem
04-07 16:24:55.902   435   435 I HidlServiceManagement: Removing namespace from process name android.hidl.allocator@1.0-service to allocator@1.0-service.
04-07 16:24:55.908   431   431 I netdClient: Skipping libnetd_client init since *we* are netd
04-07 16:24:55.919   437   437 I HidlServiceManagement: Registered android.hardware.bluetooth@1.0::IBluetoothHci/default
04-07 16:24:55.919   437   437 I HidlServiceManagement: Removing namespace from process name android.hardware.bluetooth@1.0-service to bluetooth@1.0-service.
04-07 16:24:55.919   437   437 I LegacySupport: Registration complete for android.hardware.bluetooth@1.0::IBluetoothHci/default.
04-07 16:24:55.922   431   431 I netd    : netd 1.0 starting
04-07 16:24:55.942   446   446 I android.hardware.gatekeeper@1.0-service.optee: RkGateKeeperDevice initializing with tee.
04-07 16:24:55.944   454   454 I android.hardware.weaver@1.0-service: IWeaver HAL started
04-07 16:24:55.949   431   431 I netd    : Pid file removed
04-07 16:24:55.949   431   431 I netd    : SIGPIPE is blocked
04-07 16:24:55.949   431   431 I netd    : setCloseOnExec(dnsproxyd)
04-07 16:24:55.949   431   431 I netd    : setCloseOnExec(fwmarkd)
04-07 16:24:55.949   431   431 I netd    : setCloseOnExec(mdns)
04-07 16:24:55.949   431   431 I netd    : BPF programs are loaded
04-07 16:24:55.955   286   286 I servicemanager: Found android.hardware.power.IPower/default in device VINTF manifest.
04-07 16:24:55.957   431   431 I netd    : NetlinkManager instanced
04-07 16:24:55.957   447   447 I android.hardware.health@2.1-service: default instance initializing with healthd_config...
04-07 16:24:55.958   447   447 I HidlServiceManagement: Registered android.hardware.health@2.1::IHealth/default
04-07 16:24:55.958   447   447 I HidlServiceManagement: Removing namespace from process name android.hardware.health@2.1-service to health@2.1-service.
04-07 16:24:55.958   447   447 I android.hardware.health@2.1-service: default: Hal init done
04-07 16:24:55.958   286   286 I servicemanager: Found android.hardware.light.ILights/default in device VINTF manifest.
04-07 16:24:55.959   432   432 D AndroidRuntime: >>>>>> START com.android.internal.os.ZygoteInit uid 0 <<<<<<
04-07 16:24:55.961   431   431 I netd    : enter NetworkController ctor
04-07 16:24:55.962   431   431 I netd    : leave NetworkController ctor
04-07 16:24:55.962   431   431 I netd    : enter TetherController ctor
04-07 16:24:55.962   431   431 D TetherController: Setting IP forward enable = 0
04-07 16:24:55.964   431   431 I netd    : leave TetherController ctor
04-07 16:24:55.964   431   431 D FirewallController: Could not read /proc/self/uid_map, max uid defaulting to 4294967294
04-07 16:24:55.965   454   454 I android.hardware.weaver@1.0-service: HIDL_FETCH_IWeaver
04-07 16:24:55.965   454   454 I android.hardware.weaver@1.0-service: Weaver()
04-07 16:24:55.965   446   446 I HidlServiceManagement: Registered android.hardware.gatekeeper@1.0::IGatekeeper/default
04-07 16:24:55.965   446   446 I HidlServiceManagement: Removing namespace from process name android.hardware.gatekeeper@1.0-service.optee to gatekeeper@1.0-service.optee.
04-07 16:24:55.970   411   416 I android.hardware.graphics.allocator@4.0-service: alloc_format: FMT:0x1,MOD:0
04-07 16:24:55.970   411   416 I android.hardware.graphics.allocator@4.0-service: mali_gralloc_adjust_dimensions: alloc_format=FMT:0x1,MOD:0 usage=0x100 alloc_width=128, alloc_height=128
04-07 16:24:55.970   411   416 D android.hardware.graphics.allocator@4.0-service: got new private_handle_t instance for buffer 'primeShaderCache_external'. share_fd : 8, share_attr_fd : 9, width : 128, height : 128, req_format : 0x1, producer_usage : 0x100, consumer_usage : 0x100, , stride : 0, alloc_format : 1, size : 65536, layer_count : 1
04-07 16:24:55.970   411   416 D android.hardware.graphics.allocator@4.0-service: plane_info[0]: offset : 0, byte_stride : 512, alloc_width : 128, alloc_height : 128
04-07 16:24:55.970   411   416 D android.hardware.graphics.allocator@4.0-service: plane_info[1]: offset : 0, byte_stride : 0, alloc_width : 0, alloc_height : 0
04-07 16:24:55.970   411   416 I android.hardware.graphics.allocator@4.0-service: alloc_format: FMT:0x16,MOD:0
04-07 16:24:55.970   411   416 I android.hardware.graphics.allocator@4.0-service: mali_gralloc_adjust_dimensions: alloc_format=FMT:0x16,MOD:0 usage=0x100 alloc_width=128, alloc_height=128
04-07 16:24:55.970   411   416 D android.hardware.graphics.allocator@4.0-service: got new private_handle_t instance for buffer 'primeShaderCache_external_f16'. share_fd : 8, share_attr_fd : 9, width : 128, height : 128, req_format : 0x16, producer_usage : 0x100, consumer_usage : 0x100, , stride : 0, alloc_format : 22, size : 131072, layer_count : 1
04-07 16:24:55.970   411   416 D android.hardware.graphics.allocator@4.0-service: plane_info[0]: offset : 0, byte_stride : 1024, alloc_width : 128, alloc_height : 128
04-07 16:24:55.970   411   416 D android.hardware.graphics.allocator@4.0-service: plane_info[1]: offset : 0, byte_stride : 0, alloc_width : 0, alloc_height : 0
04-07 16:24:55.966   263   263 I init    : type=1400 audit(0.0:23): avc: denied { write } for name="sched_features" dev="debugfs" ino=16403 scontext=u:r:vendor_init:s0 tcontext=u:object_r:debugfs:s0 tclass=file permissive=1
04-07 16:24:55.966   263   263 I init    : type=1400 audit(0.0:24): avc: denied { open } for path="/sys/kernel/debug/sched_features" dev="debugfs" ino=16403 scontext=u:r:vendor_init:s0 tcontext=u:object_r:debugfs:s0 tclass=file permissive=1
04-07 16:24:55.970   263   263 I init    : type=1400 audit(0.0:25): avc: denied { write } for name="sched_util_clamp_min_rt_default" dev="proc" ino=31870 scontext=u:r:vendor_init:s0 tcontext=u:object_r:proc_sched:s0 tclass=file permissive=1
04-07 16:24:55.971   452   452 D SensorsHal: sensor hal  v1.6 upagrde sensors device api version to SENSORS_DEVICE_API_VERSION_1_3
04-07 16:24:55.971   452   452 E SensorsHal: couldn't find 'lightsensor-level' input device
04-07 16:24:55.971   452   452 D SensorsHal: Couldn't open /dev/lightsensor (No such file or directory)
04-07 16:24:55.971   452   452 E SensorsHal: couldn't find 'proximity' input device
04-07 16:24:55.971   452   452 D SensorsHal: Couldn't open /dev/psensor (No such file or directory)
04-07 16:24:55.971   452   452 E SensorsHal: couldn't find 'gsensor' input device
04-07 16:24:55.971   452   452 D SensorsHal: Couldn't open /dev/mma8452_daemon (No such file or directory)
04-07 16:24:55.971   452   452 D SensorsHal: Couldn't open /dev/mma8452_daemon (No such file or directory)
04-07 16:24:55.971   452   452 E SensorsHal: fail to perform GSENSOR_IOCTL_GET_CALIBRATION, result = -1, error is 'Bad file descriptor'
04-07 16:24:55.971   452   452 E SensorsHal: couldn't find 'compass' input device
04-07 16:24:55.971   452   452 E SensorsHal: couldn't find 'gyro' input device
04-07 16:24:55.971   452   452 D SensorsHal: Couldn't open /dev/gyrosensor (No such file or directory)
04-07 16:24:55.971   452   452 E SensorsHal: GyroSensor:No such file or directory
04-07 16:24:55.972   452   452 E SensorsHal: couldn't find 'pressure' input device
04-07 16:24:55.972   452   452 D SensorsHal: Couldn't open /dev/pressure (No such file or directory)
04-07 16:24:55.972   452   452 E SensorsHal: couldn't find 'temperature' input device
04-07 16:24:55.972   452   452 D SensorsHal: Couldn't open /dev/temperature (No such file or directory)
04-07 16:24:55.972   452   452 I HidlServiceManagement: Registered android.hardware.sensors@1.0::ISensors/default
04-07 16:24:55.972   452   452 I HidlServiceManagement: Removing namespace from process name android.hardware.sensors@1.0-service to sensors@1.0-service.
04-07 16:24:55.973   452   452 I LegacySupport: Registration complete for android.hardware.sensors@1.0::ISensors/default.
04-07 16:24:55.976   460   460 D rockchip.hardware.outputmanager@1.0-service: ***************defaultPassthroughServiceImplementation IRkOutputManager ******
04-07 16:24:55.976   460   460 E rockchip.hardware.outputmanager@1.0-service: Couldn't set SCHED_FIFO: 1
04-07 16:24:55.983   459   459 D rockchip.hardware.neuralnetworks@1.0-service: ***************defaultPassthroughServiceImplementation IRKNeuralnetworks ******
04-07 16:24:55.988   440   440 I HidlServiceManagement: Registered android.hardware.cas@1.2::IMediaCasService/default
04-07 16:24:55.988   454   454 I HidlServiceManagement: Registered android.hardware.weaver@1.0::IWeaver/default
04-07 16:24:55.988   440   440 I HidlServiceManagement: Removing namespace from process name android.hardware.cas@1.2-service to cas@1.2-service.
04-07 16:24:55.988   454   454 I HidlServiceManagement: Removing namespace from process name android.hardware.weaver@1.0-service to weaver@1.0-service.
04-07 16:24:55.988   454   454 I LegacySupport: Registration complete for android.hardware.weaver@1.0::IWeaver/default.
04-07 16:24:55.995   449   449 I HidlServiceManagement: Registered android.hardware.radio.config@1.0::IRadioConfig/default
04-07 16:24:55.995   449   449 I HidlServiceManagement: Removing namespace from process name android.hardware.radio.config@1.0-service to config@1.0-service.
04-07 16:24:55.995   449   449 D android.hardware.radio.config@1.0-service: Default service is ready.
04-07 16:24:56.001   431   431 I netd    : Creating child chains: 32387us
04-07 16:24:56.001   431   431 I netd    : Setting up OEM hooks: 86us
04-07 16:24:56.001   431   431 I netd    : Setting up FirewallController hooks: 191us
04-07 16:24:56.002   431   431 I netd    : Setting up TetherController hooks: 562us
04-07 16:24:56.003   431   431 I netd    : Setting up BandwidthController hooks: 1216us
04-07 16:24:56.003   431   431 I netd    : Setting up IdletimerController hooks: 33us
04-07 16:24:56.006   431   431 I netd    : Setting up StrictController hooks: 2725us
04-07 16:24:56.006   431   431 I netd    : Initializing ClatdController: 134us
04-07 16:24:56.008   431   431 I netd    : Initializing traffic control: 1382us
04-07 16:24:56.011   460   460 I HidlServiceManagement: Registered rockchip.hardware.outputmanager@1.0::IRkOutputManager/default
04-07 16:24:56.011   460   460 I HidlServiceManagement: Removing namespace from process name rockchip.hardware.outputmanager@1.0-service to outputmanager@1.0-service.
04-07 16:24:56.011   460   460 I LegacySupport: Registration complete for rockchip.hardware.outputmanager@1.0::IRkOutputManager/default.
04-07 16:24:56.013   431   431 I netd    : Enabling bandwidth control: 5203us
04-07 16:24:56.013   438   438 I android.hardware.camera.provider@2.4-external-service: External camera provider service is starting.
04-07 16:24:56.013   431   431 I netd    : Initializing RouteController: 748us
04-07 16:24:56.014   431   431 D XfrmController: XfrmController::ipSecAddXfrmInterface, line=1479
04-07 16:24:56.014   468   468 I gsid    : no DSU: No such file or directory
04-07 16:24:56.014   431   431 D XfrmController: XfrmController::ipSecRemoveTunnelInterface, line=1692
04-07 16:24:56.014   431   431 D XfrmController: deviceName=ipsec_test
04-07 16:24:56.015   463   463 I credstore: Registered binder service
04-07 16:24:56.045   461   461 D RockitHwService: rockit.hardware.rockit.hw@1.0-service starting...
04-07 16:24:56.053   287   287 I hwservicemanager: getTransport: Cannot find entry android.hardware.radio@1.2::IRadio/default in either framework or device VINTF manifest.
04-07 16:24:56.053   450   450 E HidlServiceManagement: Service android.hardware.radio@1.2::IRadio/default must be in VINTF manifest in order to register/get.
04-07 16:24:56.053   450   450 W android.hardware.radio@1.2-radio-service: Could not register IRadio v1.2
04-07 16:24:56.053   450   450 D android.hardware.radio@1.2-radio-service: Default service is ready.
04-07 16:24:56.054   461   461 W rockchip.hardware.rockit.hw@1.0-service: Could not read additional policy file '/vendor/etc/seccomp_policy/rockit.vendor.ext.policy'
04-07 16:24:56.055   461   461 W rockchip.hardware.rockit.hw@1.0-service: libminijail[461]: failed to get path of fd 5: No such file or directory
04-07 16:24:56.055   461   461 W rockchip.hardware.rockit.hw@1.0-service: libminijail[461]: allowing syscall: clock_gettime
04-07 16:24:56.055   461   461 W rockchip.hardware.rockit.hw@1.0-service: libminijail[461]: allowing syscall: connect
04-07 16:24:56.055   461   461 W rockchip.hardware.rockit.hw@1.0-service: libminijail[461]: allowing syscall: fcntl64
04-07 16:24:56.055   461   461 W rockchip.hardware.rockit.hw@1.0-service: libminijail[461]: allowing syscall: socket
04-07 16:24:56.055   461   461 W rockchip.hardware.rockit.hw@1.0-service: libminijail[461]: allowing syscall: writev
04-07 16:24:56.055   461   461 W rockchip.hardware.rockit.hw@1.0-service: libminijail[461]: compile_file: <fd>(70): syscall getrandom redefined here
04-07 16:24:56.055   461   461 W rockchip.hardware.rockit.hw@1.0-service: libminijail[461]: compile_file: <fd>(29): previous definition here
04-07 16:24:56.055   461   461 W rockchip.hardware.rockit.hw@1.0-service: libminijail[461]: compile_file: <fd>(73): nonexistent syscall 'getattr'
04-07 16:24:56.055   461   461 W rockchip.hardware.rockit.hw@1.0-service: libminijail[461]: compile_file: <fd>(74): nonexistent syscall 'setattr'
04-07 16:24:56.055   461   461 W rockchip.hardware.rockit.hw@1.0-service: libminijail[461]: compile_file: <fd>(75): nonexistent syscall 'create'
04-07 16:24:56.055   461   461 W rockchip.hardware.rockit.hw@1.0-service: libminijail[461]: compile_file: <fd>(77): nonexistent syscall 'node_bind'
04-07 16:24:56.055   461   461 W rockchip.hardware.rockit.hw@1.0-service: libminijail[461]: compile_file: <fd>(78): nonexistent syscall 'name_bind'
04-07 16:24:56.055   461   461 W rockchip.hardware.rockit.hw@1.0-service: libminijail[461]: compile_file: <fd>(80): nonexistent syscall 'search'
04-07 16:24:56.063   441   441 I HidlServiceManagement: Registered android.hardware.drm@1.4::IDrmFactory/clearkey
04-07 16:24:56.064   441   441 I HidlServiceManagement: Removing namespace from process name android.hardware.drm@1.4-service.clearkey to drm@1.4-service.clearkey.
04-07 16:24:56.064   441   441 I HidlServiceManagement: Registered android.hardware.drm@1.4::ICryptoFactory/clearkey
04-07 16:24:56.064   439   439 I android.hardware.camera.provider@2.4-service: CameraProvider@2.4 legacy service is starting.
04-07 16:24:56.064   441   441 I HidlServiceManagement: Removing namespace from process name android.hardware.drm@1.4-service.clearkey to drm@1.4-service.clearkey.
04-07 16:24:56.065   461   461 W rockchip.hardware.rockit.hw@1.0-service: libminijail[461]: compile_file: /system/etc/seccomp_policy/crash_dump.arm.policy(1): syscall read redefined here
04-07 16:24:56.065   461   461 W rockchip.hardware.rockit.hw@1.0-service: libminijail[461]: compile_file: <fd>(23): previous definition here
04-07 16:24:56.065   461   461 W rockchip.hardware.rockit.hw@1.0-service: libminijail[461]: compile_file: /system/etc/seccomp_policy/crash_dump.arm.policy(2): syscall write redefined here
04-07 16:24:56.065   461   461 W rockchip.hardware.rockit.hw@1.0-service: libminijail[461]: compile_file: <fd>(19): previous definition here
04-07 16:24:56.065   461   461 W rockchip.hardware.rockit.hw@1.0-service: libminijail[461]: compile_file: /system/etc/seccomp_policy/crash_dump.arm.policy(3): syscall exit redefined here
04-07 16:24:56.065   461   461 W rockchip.hardware.rockit.hw@1.0-service: libminijail[461]: compile_file: <fd>(51): previous definition here
04-07 16:24:56.066   461   461 W rockchip.hardware.rockit.hw@1.0-service: libminijail[461]: compile_file: /system/etc/seccomp_policy/crash_dump.arm.policy(4): syscall rt_sigreturn redefined here
04-07 16:24:56.066   461   461 W rockchip.hardware.rockit.hw@1.0-service: libminijail[461]: compile_file: <fd>(56): previous definition here
04-07 16:24:56.066   461   461 W rockchip.hardware.rockit.hw@1.0-service: libminijail[461]: compile_file: /system/etc/seccomp_policy/crash_dump.arm.policy(6): syscall exit_group redefined here
04-07 16:24:56.066   461   461 W rockchip.hardware.rockit.hw@1.0-service: libminijail[461]: compile_file: <fd>(55): previous definition here
04-07 16:24:56.066   461   461 W rockchip.hardware.rockit.hw@1.0-service: libminijail[461]: compile_file: /system/etc/seccomp_policy/crash_dump.arm.policy(7): syscall clock_gettime redefined here
04-07 16:24:56.066   461   461 W rockchip.hardware.rockit.hw@1.0-service: libminijail[461]: compile_file: <fd>(21): previous definition here
04-07 16:24:56.066   461   461 W rockchip.hardware.rockit.hw@1.0-service: libminijail[461]: compile_file: /system/etc/seccomp_policy/crash_dump.arm.policy(8): syscall gettimeofday redefined here
04-07 16:24:56.066   461   461 W rockchip.hardware.rockit.hw@1.0-service: libminijail[461]: compile_file: <fd>(58): previous definition here
04-07 16:24:56.066   461   461 W rockchip.hardware.rockit.hw@1.0-service: libminijail[461]: compile_file: /system/etc/seccomp_policy/crash_dump.arm.policy(9): syscall futex redefined here
04-07 16:24:56.066   461   461 W rockchip.hardware.rockit.hw@1.0-service: libminijail[461]: compile_file: <fd>(17): previous definition here
04-07 16:24:56.066   461   461 W rockchip.hardware.rockit.hw@1.0-service: libminijail[461]: compile_file: /system/etc/seccomp_policy/crash_dump.arm.policy(10): syscall getrandom redefined here
04-07 16:24:56.066   461   461 W rockchip.hardware.rockit.hw@1.0-service: libminijail[461]: compile_file: <fd>(29): previous definition here
04-07 16:24:56.067   461   461 W rockchip.hardware.rockit.hw@1.0-service: libminijail[461]: compile_file: /system/etc/seccomp_policy/crash_dump.arm.policy(13): syscall ppoll redefined here
04-07 16:24:56.067   461   461 W rockchip.hardware.rockit.hw@1.0-service: libminijail[461]: compile_file: <fd>(27): previous definition here
04-07 16:24:56.067   461   461 W rockchip.hardware.rockit.hw@1.0-service: libminijail[461]: compile_file: /system/etc/seccomp_policy/crash_dump.arm.policy(14): syscall pipe2 redefined here
04-07 16:24:56.067   461   461 W rockchip.hardware.rockit.hw@1.0-service: libminijail[461]: compile_file: <fd>(57): previous definition here
04-07 16:24:56.067   461   461 W rockchip.hardware.rockit.hw@1.0-service: libminijail[461]: compile_file: /system/etc/seccomp_policy/crash_dump.arm.policy(15): syscall openat redefined here
04-07 16:24:56.067   461   461 W rockchip.hardware.rockit.hw@1.0-service: libminijail[461]: compile_file: <fd>(41): previous definition here
04-07 16:24:56.067   461   461 W rockchip.hardware.rockit.hw@1.0-service: libminijail[461]: compile_file: /system/etc/seccomp_policy/crash_dump.arm.policy(16): syscall dup redefined here
04-07 16:24:56.067   461   461 W rockchip.hardware.rockit.hw@1.0-service: libminijail[461]: compile_file: <fd>(26): previous definition here
04-07 16:24:56.067   461   461 W rockchip.hardware.rockit.hw@1.0-service: libminijail[461]: compile_file: /system/etc/seccomp_policy/crash_dump.arm.policy(17): syscall close redefined here
04-07 16:24:56.067   461   461 W rockchip.hardware.rockit.hw@1.0-service: libminijail[461]: compile_file: <fd>(24): previous definition here
04-07 16:24:56.067   461   461 W rockchip.hardware.rockit.hw@1.0-service: libminijail[461]: compile_file: /system/etc/seccomp_policy/crash_dump.arm.policy(18): syscall lseek redefined here
