04-07 16:24:56.448   287   287 I hw-BpHwBinder: onLastStrongRef automatically unlinking death recipients
04-07 16:24:56.448   510   510 I CodecServiceRegistrant: Preferred Codec2 store is set to "default".
04-07 16:24:56.449   510   510 I CodecServiceRegistrant: Software Codec2 service created and registered.
04-07 16:24:56.451   507   507 I SoftOMXPlugin: createOMXPlugin
04-07 16:24:56.451   507   507 D MediaCodecsXmlParser: parsing /vendor/etc/media_codecs.xml...
04-07 16:24:56.452   490   490 I CameraService: CameraService process starting
04-07 16:24:56.453   490   490 W BatteryNotifier: batterystats service unavailable!
04-07 16:24:56.453   490   490 W BatteryNotifier: batterystats service unavailable!
04-07 16:24:56.453   507   507 D MediaCodecsXmlParser: parsing /vendor/etc/media_codecs_google_audio.xml...
04-07 16:24:56.454   490   490 I CameraProviderManager: Connecting to new camera provider: external/0, isRemote? 1
04-07 16:24:56.454   490   490 I CameraProviderManager: Camera provider external/0 ready with 0 camera devices
04-07 16:24:56.454   287   287 I hwservicemanager: Since android.hardware.camera.provider@2.4::ICameraProvider/legacy/0 is not registered, trying to start it as a lazy HAL.
04-07 16:24:56.454   490   490 W CameraProviderManager: tryToInitializeProviderLocked: Camera provider HAL 'legacy/0' is not actually available
04-07 16:24:56.454   507   507 D MediaCodecsXmlParser: parsing /vendor/etc/media_codecs_google_video.xml...
04-07 16:24:56.454   490   574 W CameraProviderManager: addProviderLocked: Camera provider HAL with name 'external/0' already registered
04-07 16:24:56.454   490   490 I cameraserver: Waiting for activity service
04-07 16:24:56.457   507   507 D MediaCodecsXmlParser: parsing /vendor/etc/media_codecs_performance.xml...
04-07 16:24:56.459   507   507 D MediaCodecsXmlParser: MediaCodec: cannot update non-existing codec: c2.android.h263.encoder at line 36 of /vendor/etc/media_codecs_performance.xml
04-07 16:24:56.459   507   507 D MediaCodecsXmlParser: MediaCodec: cannot update non-existing codec: c2.android.mpeg4.encoder at line 39 of /vendor/etc/media_codecs_performance.xml
04-07 16:24:56.459   507   507 D MediaCodecsXmlParser: MediaCodec: cannot update non-existing codec: c2.android.avc.encoder at line 42 of /vendor/etc/media_codecs_performance.xml
04-07 16:24:56.460   507   507 D MediaCodecsXmlParser: MediaCodec: cannot update non-existing codec: c2.android.vp8.encoder at line 46 of /vendor/etc/media_codecs_performance.xml
04-07 16:24:56.460   507   507 D MediaCodecsXmlParser: MediaCodec: cannot update non-existing codec: c2.rk.avc.encoder at line 51 of /vendor/etc/media_codecs_performance.xml
04-07 16:24:56.460   507   507 D MediaCodecsXmlParser: MediaCodec: cannot update non-existing codec: c2.rk.hevc.encoder at line 57 of /vendor/etc/media_codecs_performance.xml
04-07 16:24:56.460   507   507 D MediaCodecsXmlParser: MediaCodec: cannot update non-existing codec: c2.rk.vp8.encoder at line 63 of /vendor/etc/media_codecs_performance.xml
04-07 16:24:56.460   507   507 D MediaCodecsXmlParser: MediaCodec: cannot update non-existing codec: c2.rk.avc.decoder at line 96 of /vendor/etc/media_codecs_performance.xml
04-07 16:24:56.460   507   507 D MediaCodecsXmlParser: MediaCodec: cannot update non-existing codec: c2.rk.vp8.decoder at line 103 of /vendor/etc/media_codecs_performance.xml
04-07 16:24:56.460   507   507 D MediaCodecsXmlParser: MediaCodec: cannot update non-existing codec: c2.rk.h263.decoder at line 109 of /vendor/etc/media_codecs_performance.xml
04-07 16:24:56.460   507   507 D MediaCodecsXmlParser: MediaCodec: cannot update non-existing codec: c2.rk.m4v.decoder at line 113 of /vendor/etc/media_codecs_performance.xml
04-07 16:24:56.460   507   507 D MediaCodecsXmlParser: MediaCodec: cannot update non-existing codec: c2.rk.hevc.decoder at line 116 of /vendor/etc/media_codecs_performance.xml
04-07 16:24:56.460   507   507 D MediaCodecsXmlParser: MediaCodec: cannot update non-existing codec: c2.rk.vp9.decoder at line 124 of /vendor/etc/media_codecs_performance.xml
04-07 16:24:56.460   507   507 D MediaCodecsXmlParser: MediaCodec: cannot update non-existing codec: c2.android.avc.decoder at line 131 of /vendor/etc/media_codecs_performance.xml
04-07 16:24:56.460   507   507 D MediaCodecsXmlParser: MediaCodec: cannot update non-existing codec: c2.android.hevc.decoder at line 137 of /vendor/etc/media_codecs_performance.xml
04-07 16:24:56.461   507   507 D MediaCodecsXmlParser: MediaCodec: cannot update non-existing codec: c2.android.h263.decoder at line 143 of /vendor/etc/media_codecs_performance.xml
04-07 16:24:56.461   507   507 D MediaCodecsXmlParser: MediaCodec: cannot update non-existing codec: c2.android.mpeg4.decoder at line 147 of /vendor/etc/media_codecs_performance.xml
04-07 16:24:56.461   507   507 D MediaCodecsXmlParser: MediaCodec: cannot update non-existing codec: c2.android.vp8.decoder at line 150 of /vendor/etc/media_codecs_performance.xml
04-07 16:24:56.461   507   507 D MediaCodecsXmlParser: MediaCodec: cannot update non-existing codec: c2.android.vp9.decoder at line 156 of /vendor/etc/media_codecs_performance.xml
04-07 16:24:56.461   507   507 I MediaCodecsXmlParser: Did not find media_codecs_shaping.xml in search path
04-07 16:24:56.462   507   507 I HidlServiceManagement: Registered android.hardware.media.omx@1.0::IOmx/default
04-07 16:24:56.462   507   507 I HidlServiceManagement: Removing namespace from process name android.hardware.media.omx@1.0-service to omx@1.0-service.
04-07 16:24:56.463   507   507 I android.hardware.media.omx@1.0-service: IOmx HAL service created.
04-07 16:24:56.463   462   462 D APM_EngineLoader: Loaded engine from libaudiopolicyenginedefault.so
04-07 16:24:56.463   507   507 I OmxStore: omx common prefix: 'OMX.google.'
04-07 16:24:56.463   507   507 D MediaCodecsXmlParser: parsing /vendor/etc/media_codecs.xml...
04-07 16:24:56.463   462   462 D APM::AudioPolicyEngine/Base: loadAudioPolicyEngineConfig: No configuration found, using default matching phone experience.
04-07 16:24:56.463   507   507 D MediaCodecsXmlParser: parsing /vendor/etc/media_codecs_google_audio.xml...
04-07 16:24:56.464   507   507 D MediaCodecsXmlParser: parsing /vendor/etc/media_codecs_google_video.xml...
04-07 16:24:56.465   507   507 D MediaCodecsXmlParser: parsing /vendor/etc/media_codecs_performance.xml...
04-07 16:24:56.465   507   507 D MediaCodecsXmlParser: MediaCodec: cannot update non-existing codec: c2.android.h263.encoder at line 36 of /vendor/etc/media_codecs_performance.xml
04-07 16:24:56.465   507   507 D MediaCodecsXmlParser: MediaCodec: cannot update non-existing codec: c2.android.mpeg4.encoder at line 39 of /vendor/etc/media_codecs_performance.xml
04-07 16:24:56.465   507   507 D MediaCodecsXmlParser: MediaCodec: cannot update non-existing codec: c2.android.avc.encoder at line 42 of /vendor/etc/media_codecs_performance.xml
04-07 16:24:56.465   507   507 D MediaCodecsXmlParser: MediaCodec: cannot update non-existing codec: c2.android.vp8.encoder at line 46 of /vendor/etc/media_codecs_performance.xml
04-07 16:24:56.465   507   507 D MediaCodecsXmlParser: MediaCodec: cannot update non-existing codec: c2.rk.avc.encoder at line 51 of /vendor/etc/media_codecs_performance.xml
04-07 16:24:56.465   507   507 D MediaCodecsXmlParser: MediaCodec: cannot update non-existing codec: c2.rk.hevc.encoder at line 57 of /vendor/etc/media_codecs_performance.xml
04-07 16:24:56.466   507   507 D MediaCodecsXmlParser: MediaCodec: cannot update non-existing codec: c2.rk.vp8.encoder at line 63 of /vendor/etc/media_codecs_performance.xml
04-07 16:24:56.466   507   507 D MediaCodecsXmlParser: MediaCodec: cannot update non-existing codec: c2.rk.avc.decoder at line 96 of /vendor/etc/media_codecs_performance.xml
04-07 16:24:56.466   507   507 D MediaCodecsXmlParser: MediaCodec: cannot update non-existing codec: c2.rk.vp8.decoder at line 103 of /vendor/etc/media_codecs_performance.xml
04-07 16:24:56.466   507   507 D MediaCodecsXmlParser: MediaCodec: cannot update non-existing codec: c2.rk.h263.decoder at line 109 of /vendor/etc/media_codecs_performance.xml
04-07 16:24:56.466   507   507 D MediaCodecsXmlParser: MediaCodec: cannot update non-existing codec: c2.rk.m4v.decoder at line 113 of /vendor/etc/media_codecs_performance.xml
04-07 16:24:56.466   507   507 D MediaCodecsXmlParser: MediaCodec: cannot update non-existing codec: c2.rk.hevc.decoder at line 116 of /vendor/etc/media_codecs_performance.xml
04-07 16:24:56.466   507   507 D MediaCodecsXmlParser: MediaCodec: cannot update non-existing codec: c2.rk.vp9.decoder at line 124 of /vendor/etc/media_codecs_performance.xml
04-07 16:24:56.466   507   507 D MediaCodecsXmlParser: MediaCodec: cannot update non-existing codec: c2.android.avc.decoder at line 131 of /vendor/etc/media_codecs_performance.xml
04-07 16:24:56.466   507   507 D MediaCodecsXmlParser: MediaCodec: cannot update non-existing codec: c2.android.hevc.decoder at line 137 of /vendor/etc/media_codecs_performance.xml
04-07 16:24:56.466   507   507 D MediaCodecsXmlParser: MediaCodec: cannot update non-existing codec: c2.android.h263.decoder at line 143 of /vendor/etc/media_codecs_performance.xml
04-07 16:24:56.466   507   507 D MediaCodecsXmlParser: MediaCodec: cannot update non-existing codec: c2.android.mpeg4.decoder at line 147 of /vendor/etc/media_codecs_performance.xml
04-07 16:24:56.466   507   507 D MediaCodecsXmlParser: MediaCodec: cannot update non-existing codec: c2.android.vp8.decoder at line 150 of /vendor/etc/media_codecs_performance.xml
04-07 16:24:56.466   507   507 D MediaCodecsXmlParser: MediaCodec: cannot update non-existing codec: c2.android.vp9.decoder at line 156 of /vendor/etc/media_codecs_performance.xml
04-07 16:24:56.466   507   507 I MediaCodecsXmlParser: Did not find media_codecs_shaping.xml in search path
04-07 16:24:56.468   507   507 I HidlServiceManagement: Registered android.hardware.media.omx@1.0::IOmxStore/default
04-07 16:24:56.468   507   507 I HidlServiceManagement: Removing namespace from process name android.hardware.media.omx@1.0-service to omx@1.0-service.
04-07 16:24:56.469   512   512 I update_engine: [INFO:daemon_state_android.cc(45)] Booted non-official build.
04-07 16:24:56.470   462   462 W APM::AudioPolicyEngine/Base: loadAudioPolicyEngineConfig: No configuration of AUDIO_STREAM_ASSISTANT found, using default volume configuration
04-07 16:24:56.470   462   462 W APM::AudioPolicyEngine/Base: loadAudioPolicyEngineConfig: No configuration of AUDIO_STREAM_CALL_ASSISTANT found, using default volume configuration
04-07 16:24:56.506   438   562 V ExtCamDev@3.4: index:0,ret:0, format:MJPG
04-07 16:24:56.506   438   562 V ExtCamDev@3.4: index:0, format:MJPG, w 640, h 480
04-07 16:24:56.506   438   562 V ExtCamDev@3.4: index:0, format:MJPG, w 640, h 480, framerate 30.000000
04-07 16:24:56.506   438   562 V ExtCamDev@3.4: index:1, format:MJPG, w 2592, h 1944
04-07 16:24:56.506   438   562 V ExtCamDev@3.4: index:0, format:MJPG, w 2592, h 1944, framerate 30.000000
04-07 16:24:56.506   438   562 V ExtCamDev@3.4: index:2, format:MJPG, w 2048, h 1536
04-07 16:24:56.506   438   562 V ExtCamDev@3.4: index:0, format:MJPG, w 2048, h 1536, framerate 30.000000
04-07 16:24:56.506   438   562 V ExtCamDev@3.4: index:3, format:MJPG, w 1920, h 1080
04-07 16:24:56.506   438   562 V ExtCamDev@3.4: index:0, format:MJPG, w 1920, h 1080, framerate 30.000000
04-07 16:24:56.506   438   562 V ExtCamDev@3.4: index:4, format:MJPG, w 1280, h 960
04-07 16:24:56.506   438   562 V ExtCamDev@3.4: index:0, format:MJPG, w 1280, h 960, framerate 30.000000
04-07 16:24:56.506   438   562 V ExtCamDev@3.4: index:5, format:MJPG, w 1280, h 720
04-07 16:24:56.506   438   562 V ExtCamDev@3.4: index:0, format:MJPG, w 1280, h 720, framerate 30.000000
04-07 16:24:56.506   438   562 V ExtCamDev@3.4: index:1,ret:0, format:YUYV
04-07 16:24:56.506   438   562 V ExtCamDev@3.4: index:0, format:YUYV, w 2592, h 1944
04-07 16:24:56.506   438   562 V ExtCamDev@3.4: index:0, format:YUYV, w 2592, h 1944, framerate 2.000000
04-07 16:24:56.506   438   562 V ExtCamDev@3.4: index:1, format:YUYV, w 1920, h 1080
04-07 16:24:56.506   438   562 V ExtCamDev@3.4: index:0, format:YUYV, w 1920, h 1080, framerate 5.000000
04-07 16:24:56.506   438   562 V ExtCamDev@3.4: index:2, format:YUYV, w 1280, h 720
04-07 16:24:56.507   438   562 V ExtCamDev@3.4: index:0, format:YUYV, w 1280, h 720, framerate 10.000000
04-07 16:24:56.507   438   562 V ExtCamDev@3.4: index:3, format:YUYV, w 800, h 600
04-07 16:24:56.507   438   562 V ExtCamDev@3.4: index:0, format:YUYV, w 800, h 600, framerate 20.000000
04-07 16:24:56.507   438   562 V ExtCamDev@3.4: index:4, format:YUYV, w 640, h 480
04-07 16:24:56.507   438   562 V ExtCamDev@3.4: index:0, format:YUYV, w 640, h 480, framerate 30.000000
04-07 16:24:56.507   438   562 V ExtCamDev@3.4: index:2,ret:-1, format:YUYV
04-07 16:24:56.507   438   562 V ExtCamDev@3.4: trimSupportedFormats: size (1280,720) is removed due to unable to crop horizontally from (2592,1944)
04-07 16:24:56.507   438   562 V ExtCamDev@3.4: trimSupportedFormats: size (1280,720) is removed due to unable to crop horizontally from (2592,1944)
04-07 16:24:56.507   438   562 V ExtCamDev@3.4: trimSupportedFormats: size (1920,1080) is removed due to unable to crop horizontally from (2592,1944)
04-07 16:24:56.507   438   562 V ExtCamDev@3.4: trimSupportedFormats: size (1920,1080) is removed due to unable to crop horizontally from (2592,1944)
04-07 16:24:56.507   438   562 V ExtCamDev@3.4: index:0,ret:0, format:MJPG
04-07 16:24:56.507   438   562 V ExtCamDev@3.4: index:0, format:MJPG, w 640, h 480
04-07 16:24:56.507   438   562 V ExtCamDev@3.4: index:0, format:MJPG, w 640, h 480, framerate 30.000000
04-07 16:24:56.507   438   562 V ExtCamDev@3.4: index:1, format:MJPG, w 2592, h 1944
04-07 16:24:56.507   438   562 V ExtCamDev@3.4: index:0, format:MJPG, w 2592, h 1944, framerate 30.000000
04-07 16:24:56.507   438   562 V ExtCamDev@3.4: index:2, format:MJPG, w 2048, h 1536
04-07 16:24:56.507   438   562 V ExtCamDev@3.4: index:0, format:MJPG, w 2048, h 1536, framerate 30.000000
04-07 16:24:56.507   438   562 V ExtCamDev@3.4: index:3, format:MJPG, w 1920, h 1080
04-07 16:24:56.507   438   562 V ExtCamDev@3.4: index:0, format:MJPG, w 1920, h 1080, framerate 30.000000
04-07 16:24:56.507   438   562 V ExtCamDev@3.4: index:4, format:MJPG, w 1280, h 960
04-07 16:24:56.507   438   562 V ExtCamDev@3.4: index:0, format:MJPG, w 1280, h 960, framerate 30.000000
04-07 16:24:56.507   438   562 V ExtCamDev@3.4: index:5, format:MJPG, w 1280, h 720
04-07 16:24:56.507   438   562 V ExtCamDev@3.4: index:0, format:MJPG, w 1280, h 720, framerate 30.000000
04-07 16:24:56.507   438   562 V ExtCamDev@3.4: index:1,ret:0, format:YUYV
04-07 16:24:56.507   438   562 V ExtCamDev@3.4: index:0, format:YUYV, w 2592, h 1944
04-07 16:24:56.507   438   562 V ExtCamDev@3.4: index:0, format:YUYV, w 2592, h 1944, framerate 2.000000
04-07 16:24:56.507   438   562 V ExtCamDev@3.4: index:1, format:YUYV, w 1920, h 1080
04-07 16:24:56.507   438   562 V ExtCamDev@3.4: index:0, format:YUYV, w 1920, h 1080, framerate 5.000000
04-07 16:24:56.507   438   562 V ExtCamDev@3.4: index:2, format:YUYV, w 1280, h 720
04-07 16:24:56.507   438   562 V ExtCamDev@3.4: index:0, format:YUYV, w 1280, h 720, framerate 10.000000
04-07 16:24:56.507   438   562 V ExtCamDev@3.4: index:3, format:YUYV, w 800, h 600
04-07 16:24:56.507   438   562 V ExtCamDev@3.4: index:0, format:YUYV, w 800, h 600, framerate 20.000000
04-07 16:24:56.507   438   562 V ExtCamDev@3.4: index:4, format:YUYV, w 640, h 480
04-07 16:24:56.507   438   562 V ExtCamDev@3.4: index:0, format:YUYV, w 640, h 480, framerate 30.000000
04-07 16:24:56.507   438   562 V ExtCamDev@3.4: index:2,ret:-1, format:YUYV
04-07 16:24:56.509   483   548 I adbd    : USB event: FUNCTIONFS_ENABLE
04-07 16:24:56.509   483   583 I adbd    : UsbFfs-worker thread spawned
04-07 16:24:56.510   438   562 I CamPrvdr@2.4-external: ExtCam: adding /dev/video0 to External Camera HAL!
04-07 16:24:56.510   490   574 I CameraProviderManager: Enumerating new camera device: device@3.4/external/100
04-07 16:24:56.510   438   562 D CamPrvdr@2.4-external: cameraDeviceName:device@3.4/external/100
04-07 16:24:56.510   438   562 D CamPrvdr@2.4-external: cameraDevicePath:/dev/video0
04-07 16:24:56.510   438   562 V CamPrvdr@2.4-external: Constructing v3.4 external camera device
04-07 16:24:56.510   438   562 V ExtCamDev@3.4: index:0,ret:0, format:MJPG
04-07 16:24:56.510   438   562 V ExtCamDev@3.4: index:0, format:MJPG, w 640, h 480
04-07 16:24:56.510   438   562 V ExtCamDev@3.4: index:0, format:MJPG, w 640, h 480, framerate 30.000000
04-07 16:24:56.510   438   562 V ExtCamDev@3.4: index:1, format:MJPG, w 2592, h 1944
04-07 16:24:56.510   438   562 V ExtCamDev@3.4: index:0, format:MJPG, w 2592, h 1944, framerate 30.000000
04-07 16:24:56.510   438   562 V ExtCamDev@3.4: index:2, format:MJPG, w 2048, h 1536
04-07 16:24:56.510   438   562 V ExtCamDev@3.4: index:0, format:MJPG, w 2048, h 1536, framerate 30.000000
04-07 16:24:56.510   438   562 V ExtCamDev@3.4: index:3, format:MJPG, w 1920, h 1080
04-07 16:24:56.511   438   562 V ExtCamDev@3.4: index:0, format:MJPG, w 1920, h 1080, framerate 30.000000
04-07 16:24:56.511   438   562 V ExtCamDev@3.4: index:4, format:MJPG, w 1280, h 960
04-07 16:24:56.511   438   562 V ExtCamDev@3.4: index:0, format:MJPG, w 1280, h 960, framerate 30.000000
04-07 16:24:56.511   438   562 V ExtCamDev@3.4: index:5, format:MJPG, w 1280, h 720
04-07 16:24:56.511   438   562 V ExtCamDev@3.4: index:0, format:MJPG, w 1280, h 720, framerate 30.000000
04-07 16:24:56.511   438   562 V ExtCamDev@3.4: index:1,ret:0, format:YUYV
04-07 16:24:56.511   438   562 V ExtCamDev@3.4: index:0, format:YUYV, w 2592, h 1944
04-07 16:24:56.511   438   562 V ExtCamDev@3.4: index:0, format:YUYV, w 2592, h 1944, framerate 2.000000
04-07 16:24:56.511   438   562 V ExtCamDev@3.4: index:1, format:YUYV, w 1920, h 1080
04-07 16:24:56.511   438   562 V ExtCamDev@3.4: index:0, format:YUYV, w 1920, h 1080, framerate 5.000000
04-07 16:24:56.511   438   562 V ExtCamDev@3.4: index:2, format:YUYV, w 1280, h 720
04-07 16:24:56.511   438   562 V ExtCamDev@3.4: index:0, format:YUYV, w 1280, h 720, framerate 10.000000
04-07 16:24:56.511   438   562 V ExtCamDev@3.4: index:3, format:YUYV, w 800, h 600
04-07 16:24:56.511   438   562 V ExtCamDev@3.4: index:0, format:YUYV, w 800, h 600, framerate 20.000000
04-07 16:24:56.511   438   562 V ExtCamDev@3.4: index:4, format:YUYV, w 640, h 480
04-07 16:24:56.511   438   562 V ExtCamDev@3.4: index:0, format:YUYV, w 640, h 480, framerate 30.000000
04-07 16:24:56.511   438   562 V ExtCamDev@3.4: index:2,ret:-1, format:YUYV
04-07 16:24:56.511   438   562 V ExtCamDev@3.4: trimSupportedFormats: size (1280,720) is removed due to unable to crop horizontally from (2592,1944)
04-07 16:24:56.511   438   562 V ExtCamDev@3.4: trimSupportedFormats: size (1280,720) is removed due to unable to crop horizontally from (2592,1944)
04-07 16:24:56.511   438   562 V ExtCamDev@3.4: trimSupportedFormats: size (1920,1080) is removed due to unable to crop horizontally from (2592,1944)
04-07 16:24:56.511   438   562 V ExtCamDev@3.4: trimSupportedFormats: size (1920,1080) is removed due to unable to crop horizontally from (2592,1944)
04-07 16:24:56.511   438   562 V ExtCamDev@3.4: index:0,ret:0, format:MJPG
04-07 16:24:56.511   438   562 V ExtCamDev@3.4: index:0, format:MJPG, w 640, h 480
04-07 16:24:56.511   438   562 V ExtCamDev@3.4: index:0, format:MJPG, w 640, h 480, framerate 30.000000
04-07 16:24:56.511   438   562 V ExtCamDev@3.4: index:1, format:MJPG, w 2592, h 1944
04-07 16:24:56.511   438   562 V ExtCamDev@3.4: index:0, format:MJPG, w 2592, h 1944, framerate 30.000000
04-07 16:24:56.511   438   562 V ExtCamDev@3.4: index:2, format:MJPG, w 2048, h 1536
04-07 16:24:56.511   438   562 V ExtCamDev@3.4: index:0, format:MJPG, w 2048, h 1536, framerate 30.000000
04-07 16:24:56.512   438   562 V ExtCamDev@3.4: index:3, format:MJPG, w 1920, h 1080
04-07 16:24:56.512   438   562 V ExtCamDev@3.4: index:0, format:MJPG, w 1920, h 1080, framerate 30.000000
04-07 16:24:56.512   438   562 V ExtCamDev@3.4: index:4, format:MJPG, w 1280, h 960
04-07 16:24:56.512   438   562 V ExtCamDev@3.4: index:0, format:MJPG, w 1280, h 960, framerate 30.000000
04-07 16:24:56.512   438   562 V ExtCamDev@3.4: index:5, format:MJPG, w 1280, h 720
04-07 16:24:56.512   436   436 D modules.primary.audio_hal: ALSA Audio Version: V1.1.0
04-07 16:24:56.512   436   436 D modules.primary.audio_hal: adev_open_init
04-07 16:24:56.512   438   562 V ExtCamDev@3.4: index:0, format:MJPG, w 1280, h 720, framerate 30.000000
04-07 16:24:56.512   438   562 V ExtCamDev@3.4: index:1,ret:0, format:YUYV
04-07 16:24:56.512   438   562 V ExtCamDev@3.4: index:0, format:YUYV, w 2592, h 1944
04-07 16:24:56.512   438   562 V ExtCamDev@3.4: index:0, format:YUYV, w 2592, h 1944, framerate 2.000000
04-07 16:24:56.512   438   562 V ExtCamDev@3.4: index:1, format:YUYV, w 1920, h 1080
04-07 16:24:56.512   438   562 V ExtCamDev@3.4: index:0, format:YUYV, w 1920, h 1080, framerate 5.000000
04-07 16:24:56.512   438   562 V ExtCamDev@3.4: index:2, format:YUYV, w 1280, h 720
04-07 16:24:56.512   438   562 V ExtCamDev@3.4: index:0, format:YUYV, w 1280, h 720, framerate 10.000000
04-07 16:24:56.512   438   562 V ExtCamDev@3.4: index:3, format:YUYV, w 800, h 600
04-07 16:24:56.512   438   562 V ExtCamDev@3.4: index:0, format:YUYV, w 800, h 600, framerate 20.000000
04-07 16:24:56.512   438   562 V ExtCamDev@3.4: index:4, format:YUYV, w 640, h 480
04-07 16:24:56.512   438   562 V ExtCamDev@3.4: index:0, format:YUYV, w 640, h 480, framerate 30.000000
04-07 16:24:56.512   436   436 D modules.primary.audio_hal: adev_set_mode: set_mode = 0
04-07 16:24:56.512   438   562 V ExtCamDev@3.4: index:2,ret:-1, format:YUYV
04-07 16:24:56.512   462   462 I AudioFlinger: loadHwModule() Loaded primary audio interface, handle 10
04-07 16:24:56.514   438   562 V CamPrvdr@2.4-external: Device interface chain:
04-07 16:24:56.514   438   562 V CamPrvdr@2.4-external:   android.hardware.camera.device@3.2::ICameraDevice
04-07 16:24:56.514   438   562 V CamPrvdr@2.4-external:   android.hidl.base@1.0::IBase
04-07 16:24:56.514   462   462 I AudioFlinger: openOutput() this 0xb40000712c7ea070, module 10 Device type:0x2,@:, SamplingRate 48000, Format 0x000001, Channels 0x3, flags 0x2
04-07 16:24:56.514   436   436 D modules.primary.audio_hal: audio hal adev_open_output_stream devices = 0x2, flags = 2, samplerate = 48000,format = 0x1
04-07 16:24:56.514   436   436 D modules.primary.audio_hal: out->config.rate = 48000, out->config.channels = 2 out->config.format = 0
04-07 16:24:56.515   328   328 I android.hardware.boot@1.2-impl: Info rk BootControl::getCurrentSlot 
04-07 16:24:56.515   328   328 I android.hardware.boot@1.2-service: rk BootControl module_getNumberSlots 
04-07 16:24:56.515   328   328 I android.hardware.boot@1.2-service: rk BootControl GetNumberSlots 
04-07 16:24:56.515   328   328 I android.hardware.boot@1.2-service: rk BootControl GetCurrentSlot 
04-07 16:24:56.516   490   574 E CameraProviderManager: DeviceInfo3: Converted ICameraDevice instance to nullptr
04-07 16:24:56.516   490   574 I CameraService: onDeviceStatusChanged: Status changed for cameraId=100, newStatus=1
04-07 16:24:56.516   490   574 I CameraService: onDeviceStatusChanged: Unknown camera ID 100, a new camera is added
04-07 16:24:56.516   490   574 W CameraFlashlight: hasFlashUnitLocked: camera 100 not present when findFlashUnits() was called
04-07 16:24:56.516   438   562 V CamPrvdr@2.4-external: Non-internal v4l device video2 found
04-07 16:24:56.521   462   462 I AudioFlinger: HAL output buffer size 480 frames, normal sink buffer size 960 frames
04-07 16:24:56.521   512   512 I update_engine: [INFO:update_attempter_android.cc(1070)] Scheduling CleanupPreviousUpdateAction.
04-07 16:24:56.531   439   439 D RkCamera: @rk_camera_set_dbg_log_properties: g_cam_log[1] = : 
04-07 16:24:56.531   439   439 D RkCamera: [1]
04-07 16:24:56.531   439   439 D RkCamera: [1]
04-07 16:24:56.531   439   439 D RkCamera: [0]
04-07 16:24:56.531   439   439 D RkCamera: [0]
04-07 16:24:56.531   439   439 D RkCamera: [0]
04-07 16:24:56.531   439   439 D RkCamera: [0]
04-07 16:24:56.531   439   439 D RkCamera: [0]
04-07 16:24:56.531   439   439 D RkCamera: rkcamerahal3 log level 0
04-07 16:24:56.548   462   462 I BufferProvider: found effect "Multichannel Downmix To Stereo" from The Android Open Source Project
04-07 16:24:56.551   462   462 D AudioFlinger: Failed to add event callback
04-07 16:24:56.552   462   585 I AudioFlinger: AudioFlinger's thread 0xb4000072be14ea60 tid=585 ready to run
04-07 16:24:56.552   462   585 W AudioFlinger: no wake lock to update, system not ready yet
04-07 16:24:56.552   462   585 D AudioFlinger: ro.audio.silent is ignored since no output device is set
04-07 16:24:56.552   436   436 D modules.primary.audio_hal: do_out_standby,out = 0xed9c4210,device = 0x2, standby = 1
04-07 16:24:56.552   436   436 D modules.primary.audio_hal: adev_get_parameters: keys = routing=2;supEncapsulationMetadataTypes;supEncapsulationModes
04-07 16:24:56.553   462   585 W AudioFlinger: no wake lock to update, system not ready yet
04-07 16:24:56.553   462   585 D AudioFlinger: ro.audio.silent is ignored since no output device is set
04-07 16:24:56.553   462   462 V APM_AudioPolicyManager: checkAndSetVolume cannot set volume group 3 volume when isn ot requested for comm
04-07 16:24:56.557   462   462 W AudioFlinger: moveEffects() bad srcOutput 0
04-07 16:24:56.557   462   462 V APM_AudioPolicyManager: selectOutputForMusicEffects selected output 13
04-07 16:24:56.557   462   462 V APM_AudioPolicyManager: setOutputDevices device {type:0x2,@:} delayMs 0
04-07 16:24:56.557   462   462 V APM_AudioPolicyManager: setOutputDevices() prevDevice {type:0x2,@:}
04-07 16:24:56.558   462   462 V APM_AudioPolicyManager: setOutputDevices changing device to {type:0x2,@:}
04-07 16:24:56.561   512   512 I update_engine: [INFO:action_processor.cc(51)] ActionProcessor: starting NoOpAction
04-07 16:24:56.566   439   439 D RkCamera: Debug log file is not enabled
04-07 16:24:56.566   439   439 I Camera3HALModule: @initCameraHAL: RockChip Camera Hal3 Release version v3.1.0 
04-07 16:24:56.568   439   439 E RkCamera: <HAL> Profiles: No sensor Info available, exit parsing
04-07 16:24:56.568   439   439 E RkCamera: <HAL> ChromeProfiles: CameraProfiles base init error:-2147483648
04-07 16:24:56.568   439   439 E RkCamera: <HAL> PlatformData: Failed to initialize Camera profiles
04-07 16:24:56.568   439   439 E RkCamera: <HAL> PlatformData: @getInstance Failed to create CameraProfiles instance
04-07 16:24:56.568   439   439 E RkCamera: <HAL> Camera3HALModule: No camera device was found!
04-07 16:24:56.568   439   439 D RkCamera: @rk_camera_set_dbg_log_properties: g_cam_log[1] = : 
04-07 16:24:56.568   439   439 D RkCamera: [1]
04-07 16:24:56.568   439   439 D RkCamera: [1]
04-07 16:24:56.568   439   439 D RkCamera: [0]
04-07 16:24:56.568   439   439 D RkCamera: [0]
04-07 16:24:56.568   439   439 D RkCamera: [0]
04-07 16:24:56.568   439   439 D RkCamera: [0]
04-07 16:24:56.568   439   439 D RkCamera: [0]
04-07 16:24:56.568   439   439 D RkCamera: rkcamerahal3 log level 0
04-07 16:24:56.604   436   436 D modules.primary.audio_hal: adev_create_audio_patch num_sources:1, num_sinks:1, mix(d)->device(2), handle:0xff8a9234
04-07 16:24:56.604   436   436 D modules.primary.audio_hal: adev_create_audio_patch playback address:
04-07 16:24:56.604   436   436 D modules.primary.audio_hal: do_out_standby,out = 0xed9c4210,device = 0x2, standby = 1
04-07 16:24:56.605   462   462 V APM_AudioPolicyManager: setOutputDevices() AF::createAudioPatch returned 0 patchHandle 12 num_sources 1 num_sinks 1
04-07 16:24:56.605   462   462 V APM_AudioPolicyManager: checkAndSetVolume cannot set volume group 3 volume when isn ot requested for comm
04-07 16:24:56.606   436   436 D modules.primary.audio_hal: audio hal adev_open_input_stream devices = 0x80000004, flags = 0, config->samplerate = 48000,config->channel_mask = c
04-07 16:24:56.610   462   587 I AudioFlinger: AudioFlinger's thread 0xb4000072be08ac60 tid=587 ready to run
04-07 16:24:56.610   462   587 W AudioFlinger: no wake lock to update, system not ready yet
04-07 16:24:56.610   436   436 D modules.primary.audio_hal: in->Device     : 0x80000004
04-07 16:24:56.610   436   436 D modules.primary.audio_hal: in->SampleRate : 48000
04-07 16:24:56.610   436   436 D modules.primary.audio_hal: in->Channels   : 2
04-07 16:24:56.610   436   436 D modules.primary.audio_hal: in->Formate    : 0
04-07 16:24:56.610   436   436 D modules.primary.audio_hal: in->PreiodSize : 480
04-07 16:24:56.610   462   587 W AudioFlinger: no wake lock to update, system not ready yet
04-07 16:24:56.610   462   586 E FastThread: did not receive expected priority boost on time
04-07 16:24:56.611   436   436 D modules.primary.audio_hal: adev_close_input_stream
04-07 16:24:56.612   512   512 I update_engine: [INFO:action_processor.cc(116)] ActionProcessor: finished last action NoOpAction with code ErrorCode::kSuccess
04-07 16:24:56.612   439   439 D RkCamera: Debug log file is not enabled
04-07 16:24:56.612   439   439 I CamPrvdr@2.4-legacy: Loaded "Rockchip Camera3HAL Module" camera module
04-07 16:24:56.612   439   439 D RkCamera: @rk_camera_set_dbg_log_properties: g_cam_log[1] = : 
04-07 16:24:56.612   439   439 D RkCamera: [1]
04-07 16:24:56.612   439   439 D RkCamera: [1]
04-07 16:24:56.612   439   439 D RkCamera: [0]
04-07 16:24:56.612   439   439 D RkCamera: [0]
04-07 16:24:56.612   439   439 D RkCamera: [0]
04-07 16:24:56.612   439   439 D RkCamera: [0]
04-07 16:24:56.612   439   439 D RkCamera: [0]
04-07 16:24:56.612   439   439 D RkCamera: rkcamerahal3 log level 0
04-07 16:24:56.621   436   539 D modules.hdmi.audio_hal: ALSA Audio Version: V1.1.0
04-07 16:24:56.621   436   539 D modules.hdmi.audio_hal: adev_open_init
04-07 16:24:56.622   462   462 I AudioFlinger: loadHwModule() Loaded hdmi audio interface, handle 18
04-07 16:24:56.622   462   462 V APM_AudioPolicyManager: onNewAudioModulesAvailableInt: Input device list is empty! for profile hdmi input
04-07 16:24:56.627   438   562 V ExtCamDev@3.4: index:0,ret:0, format:MJPG
04-07 16:24:56.627   438   562 V ExtCamDev@3.4: index:0, format:MJPG, w 640, h 640
04-07 16:24:56.627   438   562 V ExtCamDev@3.4: index:0, format:MJPG, w 640, h 640, framerate 30.000000
04-07 16:24:56.627   438   562 V ExtCamDev@3.4: index:1, format:MJPG, w 640, h 640, framerate 25.000000
04-07 16:24:56.627   438   562 V ExtCamDev@3.4: index:2, format:MJPG, w 640, h 640, framerate 20.000000
04-07 16:24:56.627   438   562 V ExtCamDev@3.4: index:3, format:MJPG, w 640, h 640, framerate 15.000000
04-07 16:24:56.627   438   562 V ExtCamDev@3.4: index:4, format:MJPG, w 640, h 640, framerate 10.000000
04-07 16:24:56.627   438   562 V ExtCamDev@3.4: index:1, format:MJPG, w 992, h 992
04-07 16:24:56.627   438   562 V ExtCamDev@3.4: index:0, format:MJPG, w 992, h 992, framerate 30.000000
04-07 16:24:56.627   438   562 V ExtCamDev@3.4: index:1, format:MJPG, w 992, h 992, framerate 25.000000
04-07 16:24:56.627   438   562 V ExtCamDev@3.4: index:2, format:MJPG, w 992, h 992, framerate 20.000000
04-07 16:24:56.627   438   562 V ExtCamDev@3.4: index:3, format:MJPG, w 992, h 992, framerate 15.000000
04-07 16:24:56.627   438   562 V ExtCamDev@3.4: index:4, format:MJPG, w 992, h 992, framerate 10.000000
04-07 16:24:56.627   438   562 V ExtCamDev@3.4: index:5, format:MJPG, w 992, h 992, framerate 8.000000
04-07 16:24:56.627   438   562 V ExtCamDev@3.4: index:6, format:MJPG, w 992, h 992, framerate 5.000000
04-07 16:24:56.627   438   562 V ExtCamDev@3.4: index:2, format:MJPG, w 1720, h 1720
04-07 16:24:56.627   438   562 V ExtCamDev@3.4: index:0, format:MJPG, w 1720, h 1720, framerate 30.000000
04-07 16:24:56.627   438   562 V ExtCamDev@3.4: index:1, format:MJPG, w 1720, h 1720, framerate 25.000000
04-07 16:24:56.628   438   562 V ExtCamDev@3.4: index:2, format:MJPG, w 1720, h 1720, framerate 20.000000
04-07 16:24:56.628   438   562 V ExtCamDev@3.4: index:3, format:MJPG, w 1720, h 1720, framerate 15.000000
04-07 16:24:56.628   438   562 V ExtCamDev@3.4: index:4, format:MJPG, w 1720, h 1720, framerate 10.000000
04-07 16:24:56.628   438   562 V ExtCamDev@3.4: index:3, format:MJPG, w 1944, h 1944
04-07 16:24:56.628   438   562 V ExtCamDev@3.4: index:0, format:MJPG, w 1944, h 1944, framerate 30.000000
04-07 16:24:56.628   438   562 V ExtCamDev@3.4: index:1, format:MJPG, w 1944, h 1944, framerate 25.000000
04-07 16:24:56.628   438   562 V ExtCamDev@3.4: index:2, format:MJPG, w 1944, h 1944, framerate 20.000000
04-07 16:24:56.628   438   562 V ExtCamDev@3.4: index:3, format:MJPG, w 1944, h 1944, framerate 15.000000
04-07 16:24:56.628   438   562 V ExtCamDev@3.4: index:4, format:MJPG, w 1944, h 1944, framerate 10.000000
04-07 16:24:56.628   438   562 V ExtCamDev@3.4: index:4, format:MJPG, w 1920, h 1080
04-07 16:24:56.628   438   562 V ExtCamDev@3.4: index:0, format:MJPG, w 1920, h 1080, framerate 30.000000
04-07 16:24:56.628   438   562 V ExtCamDev@3.4: index:1, format:MJPG, w 1920, h 1080, framerate 25.000000
04-07 16:24:56.628   438   562 V ExtCamDev@3.4: index:2, format:MJPG, w 1920, h 1080, framerate 20.000000
04-07 16:24:56.628   438   562 V ExtCamDev@3.4: index:3, format:MJPG, w 1920, h 1080, framerate 15.000000
04-07 16:24:56.628   438   562 V ExtCamDev@3.4: index:4, format:MJPG, w 1920, h 1080, framerate 10.000000
04-07 16:24:56.628   438   562 V ExtCamDev@3.4: index:5, format:MJPG, w 2592, h 1944
04-07 16:24:56.628   438   562 V ExtCamDev@3.4: index:0, format:MJPG, w 2592, h 1944, framerate 30.000000
04-07 16:24:56.628   438   562 V ExtCamDev@3.4: index:1, format:MJPG, w 2592, h 1944, framerate 25.000000
04-07 16:24:56.628   438   562 V ExtCamDev@3.4: index:2, format:MJPG, w 2592, h 1944, framerate 20.000000
04-07 16:24:56.628   438   562 V ExtCamDev@3.4: index:3, format:MJPG, w 2592, h 1944, framerate 15.000000
04-07 16:24:56.628   438   562 V ExtCamDev@3.4: index:4, format:MJPG, w 2592, h 1944, framerate 10.000000
04-07 16:24:56.628   438   562 V ExtCamDev@3.4: index:1,ret:0, format:YUYV
04-07 16:24:56.628   438   562 V ExtCamDev@3.4: index:0, format:YUYV, w 640, h 640
04-07 16:24:56.628   438   562 V ExtCamDev@3.4: index:0, format:YUYV, w 640, h 640, framerate 20.000000
04-07 16:24:56.628   438   562 V ExtCamDev@3.4: index:1, format:YUYV, w 992, h 992
04-07 16:24:56.628   438   562 V ExtCamDev@3.4: index:0, format:YUYV, w 992, h 992, framerate 3.000000
04-07 16:24:56.628   438   562 V ExtCamDev@3.4: index:2,ret:-1, format:YUYV
04-07 16:24:56.628   438   562 V ExtCamDev@3.4: trimSupportedFormats: size (1920,1080) is removed due to unable to crop horizontally from (2592,1944)
04-07 16:24:56.628   438   562 V ExtCamDev@3.4: index:0,ret:0, format:MJPG
04-07 16:24:56.628   438   562 V ExtCamDev@3.4: index:0, format:MJPG, w 640, h 640
04-07 16:24:56.628   438   562 V ExtCamDev@3.4: index:0, format:MJPG, w 640, h 640, framerate 30.000000
04-07 16:24:56.628   438   562 V ExtCamDev@3.4: index:1, format:MJPG, w 640, h 640, framerate 25.000000
04-07 16:24:56.628   438   562 V ExtCamDev@3.4: index:2, format:MJPG, w 640, h 640, framerate 20.000000
04-07 16:24:56.628   438   562 V ExtCamDev@3.4: index:3, format:MJPG, w 640, h 640, framerate 15.000000
04-07 16:24:56.628   438   562 V ExtCamDev@3.4: index:4, format:MJPG, w 640, h 640, framerate 10.000000
04-07 16:24:56.628   438   562 V ExtCamDev@3.4: index:1, format:MJPG, w 992, h 992
04-07 16:24:56.628   438   562 V ExtCamDev@3.4: index:0, format:MJPG, w 992, h 992, framerate 30.000000
04-07 16:24:56.628   438   562 V ExtCamDev@3.4: index:1, format:MJPG, w 992, h 992, framerate 25.000000
04-07 16:24:56.628   438   562 V ExtCamDev@3.4: index:2, format:MJPG, w 992, h 992, framerate 20.000000
04-07 16:24:56.628   438   562 V ExtCamDev@3.4: index:3, format:MJPG, w 992, h 992, framerate 15.000000
04-07 16:24:56.629   438   562 V ExtCamDev@3.4: index:4, format:MJPG, w 992, h 992, framerate 10.000000
04-07 16:24:56.629   438   562 V ExtCamDev@3.4: index:5, format:MJPG, w 992, h 992, framerate 8.000000
04-07 16:24:56.629   438   562 V ExtCamDev@3.4: index:6, format:MJPG, w 992, h 992, framerate 5.000000
04-07 16:24:56.629   438   562 V ExtCamDev@3.4: index:2, format:MJPG, w 1720, h 1720
04-07 16:24:56.629   438   562 V ExtCamDev@3.4: index:0, format:MJPG, w 1720, h 1720, framerate 30.000000
04-07 16:24:56.629   438   562 V ExtCamDev@3.4: index:1, format:MJPG, w 1720, h 1720, framerate 25.000000
04-07 16:24:56.629   438   562 V ExtCamDev@3.4: index:2, format:MJPG, w 1720, h 1720, framerate 20.000000
04-07 16:24:56.629   438   562 V ExtCamDev@3.4: index:3, format:MJPG, w 1720, h 1720, framerate 15.000000
04-07 16:24:56.629   438   562 V ExtCamDev@3.4: index:4, format:MJPG, w 1720, h 1720, framerate 10.000000
04-07 16:24:56.629   438   562 V ExtCamDev@3.4: index:3, format:MJPG, w 1944, h 1944
04-07 16:24:56.629   438   562 V ExtCamDev@3.4: index:0, format:MJPG, w 1944, h 1944, framerate 30.000000
04-07 16:24:56.629   438   562 V ExtCamDev@3.4: index:1, format:MJPG, w 1944, h 1944, framerate 25.000000
04-07 16:24:56.629   438   562 V ExtCamDev@3.4: index:2, format:MJPG, w 1944, h 1944, framerate 20.000000
04-07 16:24:56.629   438   562 V ExtCamDev@3.4: index:3, format:MJPG, w 1944, h 1944, framerate 15.000000
04-07 16:24:56.629   438   562 V ExtCamDev@3.4: index:4, format:MJPG, w 1944, h 1944, framerate 10.000000
04-07 16:24:56.629   438   562 V ExtCamDev@3.4: index:4, format:MJPG, w 1920, h 1080
04-07 16:24:56.629   438   562 V ExtCamDev@3.4: index:0, format:MJPG, w 1920, h 1080, framerate 30.000000
04-07 16:24:56.629   438   562 V ExtCamDev@3.4: index:1, format:MJPG, w 1920, h 1080, framerate 25.000000
04-07 16:24:56.629   438   562 V ExtCamDev@3.4: index:2, format:MJPG, w 1920, h 1080, framerate 20.000000
04-07 16:24:56.629   438   562 V ExtCamDev@3.4: index:3, format:MJPG, w 1920, h 1080, framerate 15.000000
04-07 16:24:56.629   438   562 V ExtCamDev@3.4: index:4, format:MJPG, w 1920, h 1080, framerate 10.000000
04-07 16:24:56.629   438   562 V ExtCamDev@3.4: index:5, format:MJPG, w 2592, h 1944
04-07 16:24:56.629   438   562 V ExtCamDev@3.4: index:0, format:MJPG, w 2592, h 1944, framerate 30.000000
04-07 16:24:56.629   438   562 V ExtCamDev@3.4: index:1, format:MJPG, w 2592, h 1944, framerate 25.000000
04-07 16:24:56.629   438   562 V ExtCamDev@3.4: index:2, format:MJPG, w 2592, h 1944, framerate 20.000000
04-07 16:24:56.629   438   562 V ExtCamDev@3.4: index:3, format:MJPG, w 2592, h 1944, framerate 15.000000
04-07 16:24:56.629   438   562 V ExtCamDev@3.4: index:4, format:MJPG, w 2592, h 1944, framerate 10.000000
04-07 16:24:56.629   438   562 V ExtCamDev@3.4: index:1,ret:0, format:YUYV
04-07 16:24:56.629   438   562 V ExtCamDev@3.4: index:0, format:YUYV, w 640, h 640
04-07 16:24:56.629   438   562 V ExtCamDev@3.4: index:0, format:YUYV, w 640, h 640, framerate 20.000000
04-07 16:24:56.629   438   562 V ExtCamDev@3.4: index:1, format:YUYV, w 992, h 992
04-07 16:24:56.629   438   562 V ExtCamDev@3.4: index:0, format:YUYV, w 992, h 992, framerate 3.000000
04-07 16:24:56.629   438   562 V ExtCamDev@3.4: index:2,ret:-1, format:YUYV
04-07 16:24:56.629   438   562 V ExtCamDev@3.4: trimSupportedFormats: size (640,640) is removed due to unable to crop vertically from (2592,1944)
04-07 16:24:56.629   438   562 V ExtCamDev@3.4: trimSupportedFormats: size (640,640) is removed due to unable to crop vertically from (2592,1944)
04-07 16:24:56.629   438   562 V ExtCamDev@3.4: trimSupportedFormats: size (992,992) is removed due to unable to crop vertically from (2592,1944)
04-07 16:24:56.629   438   562 V ExtCamDev@3.4: trimSupportedFormats: size (992,992) is removed due to unable to crop vertically from (2592,1944)
04-07 16:24:56.629   438   562 V ExtCamDev@3.4: trimSupportedFormats: size (1720,1720) is removed due to unable to crop vertically from (2592,1944)
04-07 16:24:56.629   438   562 V ExtCamDev@3.4: trimSupportedFormats: size (1944,1944) is removed due to unable to crop vertically from (2592,1944)
04-07 16:24:56.630   439   439 D RkCamera: Debug log file is not enabled
04-07 16:24:56.630   439   439 I HidlServiceManagement: Registered android.hardware.camera.provider@2.4::ICameraProvider/legacy/0
04-07 16:24:56.631   439   439 I HidlServiceManagement: Removing namespace from process name android.hardware.camera.provider@2.4-service to provider@2.4-service.
04-07 16:24:56.631   490   574 I CameraProviderManager: Connecting to new camera provider: legacy/0, isRemote? 1
04-07 16:24:56.631   438   562 I CamPrvdr@2.4-external: ExtCam: adding /dev/video2 to External Camera HAL!
04-07 16:24:56.631   490   576 I CameraProviderManager: Enumerating new camera device: device@3.4/external/102
04-07 16:24:56.631   438   562 D CamPrvdr@2.4-external: cameraDeviceName:device@3.4/external/102
04-07 16:24:56.631   438   562 D CamPrvdr@2.4-external: cameraDevicePath:/dev/video2
04-07 16:24:56.631   438   562 V CamPrvdr@2.4-external: Constructing v3.4 external camera device
04-07 16:24:56.631   438   562 V ExtCamDev@3.4: index:0,ret:0, format:MJPG
04-07 16:24:56.631   438   562 V ExtCamDev@3.4: index:0, format:MJPG, w 640, h 640
04-07 16:24:56.631   438   562 V ExtCamDev@3.4: index:0, format:MJPG, w 640, h 640, framerate 30.000000
04-07 16:24:56.631   439   439 I LegacySupport: Registration complete for android.hardware.camera.provider@2.4::ICameraProvider/legacy/0.
04-07 16:24:56.631   438   562 V ExtCamDev@3.4: index:1, format:MJPG, w 640, h 640, framerate 25.000000
04-07 16:24:56.631   438   562 V ExtCamDev@3.4: index:2, format:MJPG, w 640, h 640, framerate 20.000000
04-07 16:24:56.631   438   562 V ExtCamDev@3.4: index:3, format:MJPG, w 640, h 640, framerate 15.000000
04-07 16:24:56.631   438   562 V ExtCamDev@3.4: index:4, format:MJPG, w 640, h 640, framerate 10.000000
04-07 16:24:56.631   438   562 V ExtCamDev@3.4: index:1, format:MJPG, w 992, h 992
04-07 16:24:56.631   438   562 V ExtCamDev@3.4: index:0, format:MJPG, w 992, h 992, framerate 30.000000
04-07 16:24:56.631   438   562 V ExtCamDev@3.4: index:1, format:MJPG, w 992, h 992, framerate 25.000000
04-07 16:24:56.631   438   562 V ExtCamDev@3.4: index:2, format:MJPG, w 992, h 992, framerate 20.000000
04-07 16:24:56.631   438   562 V ExtCamDev@3.4: index:3, format:MJPG, w 992, h 992, framerate 15.000000
04-07 16:24:56.631   438   562 V ExtCamDev@3.4: index:4, format:MJPG, w 992, h 992, framerate 10.000000
04-07 16:24:56.631   438   562 V ExtCamDev@3.4: index:5, format:MJPG, w 992, h 992, framerate 8.000000
04-07 16:24:56.631   438   562 V ExtCamDev@3.4: index:6, format:MJPG, w 992, h 992, framerate 5.000000
04-07 16:24:56.631   438   562 V ExtCamDev@3.4: index:2, format:MJPG, w 1720, h 1720
04-07 16:24:56.631   438   562 V ExtCamDev@3.4: index:0, format:MJPG, w 1720, h 1720, framerate 30.000000
04-07 16:24:56.631   438   562 V ExtCamDev@3.4: index:1, format:MJPG, w 1720, h 1720, framerate 25.000000
04-07 16:24:56.631   438   562 V ExtCamDev@3.4: index:2, format:MJPG, w 1720, h 1720, framerate 20.000000
04-07 16:24:56.631   438   562 V ExtCamDev@3.4: index:3, format:MJPG, w 1720, h 1720, framerate 15.000000
04-07 16:24:56.631   438   562 V ExtCamDev@3.4: index:4, format:MJPG, w 1720, h 1720, framerate 10.000000
04-07 16:24:56.631   438   562 V ExtCamDev@3.4: index:3, format:MJPG, w 1944, h 1944
04-07 16:24:56.631   438   562 V ExtCamDev@3.4: index:0, format:MJPG, w 1944, h 1944, framerate 30.000000
04-07 16:24:56.631   438   562 V ExtCamDev@3.4: index:1, format:MJPG, w 1944, h 1944, framerate 25.000000
04-07 16:24:56.631   438   562 V ExtCamDev@3.4: index:2, format:MJPG, w 1944, h 1944, framerate 20.000000
04-07 16:24:56.631   438   562 V ExtCamDev@3.4: index:3, format:MJPG, w 1944, h 1944, framerate 15.000000
04-07 16:24:56.631   438   562 V ExtCamDev@3.4: index:4, format:MJPG, w 1944, h 1944, framerate 10.000000
04-07 16:24:56.631   438   562 V ExtCamDev@3.4: index:4, format:MJPG, w 1920, h 1080
04-07 16:24:56.631   438   562 V ExtCamDev@3.4: index:0, format:MJPG, w 1920, h 1080, framerate 30.000000
04-07 16:24:56.631   438   562 V ExtCamDev@3.4: index:1, format:MJPG, w 1920, h 1080, framerate 25.000000
04-07 16:24:56.631   438   562 V ExtCamDev@3.4: index:2, format:MJPG, w 1920, h 1080, framerate 20.000000
04-07 16:24:56.631   438   562 V ExtCamDev@3.4: index:3, format:MJPG, w 1920, h 1080, framerate 15.000000
04-07 16:24:56.631   436   539 D modules.hdmi_1.audio_hal: ALSA Audio Version: V1.1.0
04-07 16:24:56.631   438   562 V ExtCamDev@3.4: index:4, format:MJPG, w 1920, h 1080, framerate 10.000000
04-07 16:24:56.631   438   562 V ExtCamDev@3.4: index:5, format:MJPG, w 2592, h 1944
04-07 16:24:56.631   438   562 V ExtCamDev@3.4: index:0, format:MJPG, w 2592, h 1944, framerate 30.000000
04-07 16:24:56.631   438   562 V ExtCamDev@3.4: index:1, format:MJPG, w 2592, h 1944, framerate 25.000000
04-07 16:24:56.631   436   539 D modules.hdmi_1.audio_hal: adev_open_init
04-07 16:24:56.631   438   562 V ExtCamDev@3.4: index:2, format:MJPG, w 2592, h 1944, framerate 20.000000
04-07 16:24:56.631   438   562 V ExtCamDev@3.4: index:3, format:MJPG, w 2592, h 1944, framerate 15.000000
04-07 16:24:56.631   438   562 V ExtCamDev@3.4: index:4, format:MJPG, w 2592, h 1944, framerate 10.000000
04-07 16:24:56.631   438   562 V ExtCamDev@3.4: index:1,ret:0, format:YUYV
04-07 16:24:56.631   438   562 V ExtCamDev@3.4: index:0, format:YUYV, w 640, h 640
04-07 16:24:56.631   438   562 V ExtCamDev@3.4: index:0, format:YUYV, w 640, h 640, framerate 20.000000
04-07 16:24:56.631   438   562 V ExtCamDev@3.4: index:1, format:YUYV, w 992, h 992
04-07 16:24:56.631   438   562 V ExtCamDev@3.4: index:0, format:YUYV, w 992, h 992, framerate 3.000000
04-07 16:24:56.631   438   562 V ExtCamDev@3.4: index:2,ret:-1, format:YUYV
04-07 16:24:56.631   438   562 V ExtCamDev@3.4: trimSupportedFormats: size (1920,1080) is removed due to unable to crop horizontally from (2592,1944)
04-07 16:24:56.631   438   562 V ExtCamDev@3.4: index:0,ret:0, format:MJPG
04-07 16:24:56.631   438   562 V ExtCamDev@3.4: index:0, format:MJPG, w 640, h 640
04-07 16:24:56.631   438   562 V ExtCamDev@3.4: index:0, format:MJPG, w 640, h 640, framerate 30.000000
04-07 16:24:56.631   438   562 V ExtCamDev@3.4: index:1, format:MJPG, w 640, h 640, framerate 25.000000
04-07 16:24:56.631   438   562 V ExtCamDev@3.4: index:2, format:MJPG, w 640, h 640, framerate 20.000000
04-07 16:24:56.631   438   562 V ExtCamDev@3.4: index:3, format:MJPG, w 640, h 640, framerate 15.000000
04-07 16:24:56.631   438   562 V ExtCamDev@3.4: index:4, format:MJPG, w 640, h 640, framerate 10.000000
04-07 16:24:56.631   438   562 V ExtCamDev@3.4: index:1, format:MJPG, w 992, h 992
04-07 16:24:56.631   438   562 V ExtCamDev@3.4: index:0, format:MJPG, w 992, h 992, framerate 30.000000
04-07 16:24:56.631   438   562 V ExtCamDev@3.4: index:1, format:MJPG, w 992, h 992, framerate 25.000000
04-07 16:24:56.631   438   562 V ExtCamDev@3.4: index:2, format:MJPG, w 992, h 992, framerate 20.000000
04-07 16:24:56.631   438   562 V ExtCamDev@3.4: index:3, format:MJPG, w 992, h 992, framerate 15.000000
04-07 16:24:56.631   438   562 V ExtCamDev@3.4: index:4, format:MJPG, w 992, h 992, framerate 10.000000
04-07 16:24:56.631   438   562 V ExtCamDev@3.4: index:5, format:MJPG, w 992, h 992, framerate 8.000000
04-07 16:24:56.631   438   562 V ExtCamDev@3.4: index:6, format:MJPG, w 992, h 992, framerate 5.000000
04-07 16:24:56.631   438   562 V ExtCamDev@3.4: index:2, format:MJPG, w 1720, h 1720
04-07 16:24:56.631   438   562 V ExtCamDev@3.4: index:0, format:MJPG, w 1720, h 1720, framerate 30.000000
04-07 16:24:56.631   438   562 V ExtCamDev@3.4: index:1, format:MJPG, w 1720, h 1720, framerate 25.000000
04-07 16:24:56.631   438   562 V ExtCamDev@3.4: index:2, format:MJPG, w 1720, h 1720, framerate 20.000000
04-07 16:24:56.631   438   562 V ExtCamDev@3.4: index:3, format:MJPG, w 1720, h 1720, framerate 15.000000
04-07 16:24:56.631   438   562 V ExtCamDev@3.4: index:4, format:MJPG, w 1720, h 1720, framerate 10.000000
04-07 16:24:56.631   438   562 V ExtCamDev@3.4: index:3, format:MJPG, w 1944, h 1944
04-07 16:24:56.631   438   562 V ExtCamDev@3.4: index:0, format:MJPG, w 1944, h 1944, framerate 30.000000
04-07 16:24:56.631   438   562 V ExtCamDev@3.4: index:1, format:MJPG, w 1944, h 1944, framerate 25.000000
04-07 16:24:56.631   438   562 V ExtCamDev@3.4: index:2, format:MJPG, w 1944, h 1944, framerate 20.000000
04-07 16:24:56.631   438   562 V ExtCamDev@3.4: index:3, format:MJPG, w 1944, h 1944, framerate 15.000000
04-07 16:24:56.631   438   562 V ExtCamDev@3.4: index:4, format:MJPG, w 1944, h 1944, framerate 10.000000
04-07 16:24:56.632   438   562 V ExtCamDev@3.4: index:4, format:MJPG, w 1920, h 1080
04-07 16:24:56.632   490   574 I CameraProviderManager: Camera provider legacy/0 ready with 0 camera devices
04-07 16:24:56.632   438   562 V ExtCamDev@3.4: index:0, format:MJPG, w 1920, h 1080, framerate 30.000000
04-07 16:24:56.632   438   562 V ExtCamDev@3.4: index:1, format:MJPG, w 1920, h 1080, framerate 25.000000
04-07 16:24:56.632   438   562 V ExtCamDev@3.4: index:2, format:MJPG, w 1920, h 1080, framerate 20.000000
04-07 16:24:56.632   438   562 V ExtCamDev@3.4: index:3, format:MJPG, w 1920, h 1080, framerate 15.000000
04-07 16:24:56.632   438   562 V ExtCamDev@3.4: index:4, format:MJPG, w 1920, h 1080, framerate 10.000000
04-07 16:24:56.632   438   562 V ExtCamDev@3.4: index:5, format:MJPG, w 2592, h 1944
04-07 16:24:56.632   438   562 V ExtCamDev@3.4: index:0, format:MJPG, w 2592, h 1944, framerate 30.000000
04-07 16:24:56.632   438   562 V ExtCamDev@3.4: index:1, format:MJPG, w 2592, h 1944, framerate 25.000000
